Archive member included to satisfy reference by file (symbol)

/opt/st/stm32cubeide_1.6.1/plugins/com.st.stm32cube.ide.mcu.externaltools.gnu-tools-for-stm32.9-2020-q2-update.linux64_1.5.0.202011040924/tools/bin/../lib/gcc/arm-none-eabi/9.3.1/../../../../arm-none-eabi/lib/thumb/v7e-m+fp/hard/libc_nano.a(lib_a-errno.o)
                              Core/Src/syscalls.o (__errno)
/opt/st/stm32cubeide_1.6.1/plugins/com.st.stm32cube.ide.mcu.externaltools.gnu-tools-for-stm32.9-2020-q2-update.linux64_1.5.0.202011040924/tools/bin/../lib/gcc/arm-none-eabi/9.3.1/../../../../arm-none-eabi/lib/thumb/v7e-m+fp/hard/libc_nano.a(lib_a-exit.o)
                              /opt/st/stm32cubeide_1.6.1/plugins/com.st.stm32cube.ide.mcu.externaltools.gnu-tools-for-stm32.9-2020-q2-update.linux64_1.5.0.202011040924/tools/bin/../lib/gcc/arm-none-eabi/9.3.1/../../../../arm-none-eabi/lib/thumb/v7e-m+fp/hard/crt0.o (exit)
/opt/st/stm32cubeide_1.6.1/plugins/com.st.stm32cube.ide.mcu.externaltools.gnu-tools-for-stm32.9-2020-q2-update.linux64_1.5.0.202011040924/tools/bin/../lib/gcc/arm-none-eabi/9.3.1/../../../../arm-none-eabi/lib/thumb/v7e-m+fp/hard/libc_nano.a(lib_a-impure.o)
                              /opt/st/stm32cubeide_1.6.1/plugins/com.st.stm32cube.ide.mcu.externaltools.gnu-tools-for-stm32.9-2020-q2-update.linux64_1.5.0.202011040924/tools/bin/../lib/gcc/arm-none-eabi/9.3.1/../../../../arm-none-eabi/lib/thumb/v7e-m+fp/hard/libc_nano.a(lib_a-exit.o) (_global_impure_ptr)
/opt/st/stm32cubeide_1.6.1/plugins/com.st.stm32cube.ide.mcu.externaltools.gnu-tools-for-stm32.9-2020-q2-update.linux64_1.5.0.202011040924/tools/bin/../lib/gcc/arm-none-eabi/9.3.1/../../../../arm-none-eabi/lib/thumb/v7e-m+fp/hard/libc_nano.a(lib_a-init.o)
                              /opt/st/stm32cubeide_1.6.1/plugins/com.st.stm32cube.ide.mcu.externaltools.gnu-tools-for-stm32.9-2020-q2-update.linux64_1.5.0.202011040924/tools/bin/../lib/gcc/arm-none-eabi/9.3.1/../../../../arm-none-eabi/lib/thumb/v7e-m+fp/hard/crt0.o (__libc_init_array)
/opt/st/stm32cubeide_1.6.1/plugins/com.st.stm32cube.ide.mcu.externaltools.gnu-tools-for-stm32.9-2020-q2-update.linux64_1.5.0.202011040924/tools/bin/../lib/gcc/arm-none-eabi/9.3.1/../../../../arm-none-eabi/lib/thumb/v7e-m+fp/hard/libc_nano.a(lib_a-memcpy-stub.o)
                              Middlewares/Third_Party/FreeRTOS/Source/CMSIS_RTOS_V2/cmsis_os2.o (memcpy)
/opt/st/stm32cubeide_1.6.1/plugins/com.st.stm32cube.ide.mcu.externaltools.gnu-tools-for-stm32.9-2020-q2-update.linux64_1.5.0.202011040924/tools/bin/../lib/gcc/arm-none-eabi/9.3.1/../../../../arm-none-eabi/lib/thumb/v7e-m+fp/hard/libc_nano.a(lib_a-memset.o)
                              /opt/st/stm32cubeide_1.6.1/plugins/com.st.stm32cube.ide.mcu.externaltools.gnu-tools-for-stm32.9-2020-q2-update.linux64_1.5.0.202011040924/tools/bin/../lib/gcc/arm-none-eabi/9.3.1/../../../../arm-none-eabi/lib/thumb/v7e-m+fp/hard/crt0.o (memset)
/opt/st/stm32cubeide_1.6.1/plugins/com.st.stm32cube.ide.mcu.externaltools.gnu-tools-for-stm32.9-2020-q2-update.linux64_1.5.0.202011040924/tools/bin/../lib/gcc/arm-none-eabi/9.3.1/../../../../arm-none-eabi/lib/thumb/v7e-m+fp/hard/libc_nano.a(lib_a-snprintf.o)
                              Core/Src/sd_saver_task.o (snprintf)
/opt/st/stm32cubeide_1.6.1/plugins/com.st.stm32cube.ide.mcu.externaltools.gnu-tools-for-stm32.9-2020-q2-update.linux64_1.5.0.202011040924/tools/bin/../lib/gcc/arm-none-eabi/9.3.1/../../../../arm-none-eabi/lib/thumb/v7e-m+fp/hard/libc_nano.a(lib_a-nano-svfprintf.o)
                              /opt/st/stm32cubeide_1.6.1/plugins/com.st.stm32cube.ide.mcu.externaltools.gnu-tools-for-stm32.9-2020-q2-update.linux64_1.5.0.202011040924/tools/bin/../lib/gcc/arm-none-eabi/9.3.1/../../../../arm-none-eabi/lib/thumb/v7e-m+fp/hard/libc_nano.a(lib_a-snprintf.o) (_svfprintf_r)
/opt/st/stm32cubeide_1.6.1/plugins/com.st.stm32cube.ide.mcu.externaltools.gnu-tools-for-stm32.9-2020-q2-update.linux64_1.5.0.202011040924/tools/bin/../lib/gcc/arm-none-eabi/9.3.1/../../../../arm-none-eabi/lib/thumb/v7e-m+fp/hard/libc_nano.a(lib_a-nano-vfprintf_i.o)
                              /opt/st/stm32cubeide_1.6.1/plugins/com.st.stm32cube.ide.mcu.externaltools.gnu-tools-for-stm32.9-2020-q2-update.linux64_1.5.0.202011040924/tools/bin/../lib/gcc/arm-none-eabi/9.3.1/../../../../arm-none-eabi/lib/thumb/v7e-m+fp/hard/libc_nano.a(lib_a-nano-svfprintf.o) (_printf_i)
/opt/st/stm32cubeide_1.6.1/plugins/com.st.stm32cube.ide.mcu.externaltools.gnu-tools-for-stm32.9-2020-q2-update.linux64_1.5.0.202011040924/tools/bin/../lib/gcc/arm-none-eabi/9.3.1/../../../../arm-none-eabi/lib/thumb/v7e-m+fp/hard/libc_nano.a(lib_a-memchr.o)
                              /opt/st/stm32cubeide_1.6.1/plugins/com.st.stm32cube.ide.mcu.externaltools.gnu-tools-for-stm32.9-2020-q2-update.linux64_1.5.0.202011040924/tools/bin/../lib/gcc/arm-none-eabi/9.3.1/../../../../arm-none-eabi/lib/thumb/v7e-m+fp/hard/libc_nano.a(lib_a-nano-svfprintf.o) (memchr)
[...]
Memory Configuration

Name             Origin             Length             Attributes
RAM              0x0000000020000000 0x0000000000020000 xrw
FLASH            0x0000000008000000 0x0000000000080000 xr
*default*        0x0000000000000000 0xffffffffffffffff

Linker script and memory map

LOAD /opt/st/stm32cubeide_1.6.1/plugins/com.st.stm32cube.ide.mcu.externaltools.gnu-tools-for-stm32.9-2020-q2-update.linux64_1.5.0.202011040924/tools/bin/../lib/gcc/arm-none-eabi/9.3.1/thumb/v7e-m+fp/hard/crti.o
LOAD /opt/st/stm32cubeide_1.6.1/plugins/com.st.stm32cube.ide.mcu.externaltools.gnu-tools-for-stm32.9-2020-q2-update.linux64_1.5.0.202011040924/tools/bin/../lib/gcc/arm-none-eabi/9.3.1/thumb/v7e-m+fp/hard/crtbegin.o
LOAD /opt/st/stm32cubeide_1.6.1/plugins/com.st.stm32cube.ide.mcu.externaltools.gnu-tools-for-stm32.9-2020-q2-update.linux64_1.5.0.202011040924/tools/bin/../lib/gcc/arm-none-eabi/9.3.1/../../../../arm-none-eabi/lib/thumb/v7e-m+fp/hard/crt0.o
LOAD Core/Src/display_task.o
LOAD Core/Src/freertos.o
LOAD Core/Src/main.o
LOAD Core/Src/sd_saver_task.o
LOAD Core/Src/stm32f4xx_hal_msp.o
LOAD Core/Src/stm32f4xx_hal_timebase_tim.o
LOAD Core/Src/stm32f4xx_it.o
LOAD Core/Src/syscalls.o
LOAD Core/Src/sysmem.o
LOAD Core/Src/system_stm32f4xx.o
LOAD Core/Startup/startup_stm32f411ceux.o
LOAD Core/st7735/fonts.o
LOAD Core/st7735/st7735.o
LOAD Drivers/STM32F4xx_HAL_Driver/Src/stm32f4xx_hal.o
LOAD Drivers/STM32F4xx_HAL_Driver/Src/stm32f4xx_hal_cortex.o
LOAD Drivers/STM32F4xx_HAL_Driver/Src/stm32f4xx_hal_dma.o
LOAD Drivers/STM32F4xx_HAL_Driver/Src/stm32f4xx_hal_dma_ex.o
LOAD Drivers/STM32F4xx_HAL_Driver/Src/stm32f4xx_hal_exti.o
LOAD Drivers/STM32F4xx_HAL_Driver/Src/stm32f4xx_hal_flash.o
LOAD Drivers/STM32F4xx_HAL_Driver/Src/stm32f4xx_hal_flash_ex.o
LOAD Drivers/STM32F4xx_HAL_Driver/Src/stm32f4xx_hal_flash_ramfunc.o
LOAD Drivers/STM32F4xx_HAL_Driver/Src/stm32f4xx_hal_gpio.o
LOAD Drivers/STM32F4xx_HAL_Driver/Src/stm32f4xx_hal_pwr.o
LOAD Drivers/STM32F4xx_HAL_Driver/Src/stm32f4xx_hal_pwr_ex.o
LOAD Drivers/STM32F4xx_HAL_Driver/Src/stm32f4xx_hal_rcc.o
LOAD Drivers/STM32F4xx_HAL_Driver/Src/stm32f4xx_hal_rcc_ex.o
LOAD Drivers/STM32F4xx_HAL_Driver/Src/stm32f4xx_hal_sd.o
LOAD Drivers/STM32F4xx_HAL_Driver/Src/stm32f4xx_hal_spi.o
LOAD Drivers/STM32F4xx_HAL_Driver/Src/stm32f4xx_hal_tim.o
LOAD Drivers/STM32F4xx_HAL_Driver/Src/stm32f4xx_hal_tim_ex.o
LOAD Drivers/STM32F4xx_HAL_Driver/Src/stm32f4xx_ll_sdmmc.o
LOAD FATFS/App/fatfs.o
LOAD FATFS/Target/bsp_driver_sd.o
LOAD FATFS/Target/fatfs_platform.o
LOAD FATFS/Target/sd_diskio.o
LOAD Middlewares/Third_Party/FatFs/src/diskio.o
LOAD Middlewares/Third_Party/FatFs/src/ff.o
LOAD Middlewares/Third_Party/FatFs/src/ff_gen_drv.o
LOAD Middlewares/Third_Party/FatFs/src/option/syscall.o
LOAD Middlewares/Third_Party/FreeRTOS/Source/CMSIS_RTOS_V2/cmsis_os2.o
LOAD Middlewares/Third_Party/FreeRTOS/Source/croutine.o
LOAD Middlewares/Third_Party/FreeRTOS/Source/event_groups.o
LOAD Middlewares/Third_Party/FreeRTOS/Source/list.o
LOAD Middlewares/Third_Party/FreeRTOS/Source/queue.o
LOAD Middlewares/Third_Party/FreeRTOS/Source/stream_buffer.o
LOAD Middlewares/Third_Party/FreeRTOS/Source/tasks.o
LOAD Middlewares/Third_Party/FreeRTOS/Source/timers.o
LOAD Middlewares/Third_Party/FreeRTOS/Source/portable/GCC/ARM_CM4F/port.o
LOAD Middlewares/Third_Party/FreeRTOS/Source/portable/MemMang/heap_4.o
START GROUP
LOAD /opt/st/stm32cubeide_1.6.1/plugins/com.st.stm32cube.ide.mcu.externaltools.gnu-tools-for-stm32.9-2020-q2-update.linux64_1.5.0.202011040924/tools/bin/../lib/gcc/arm-none-eabi/9.3.1/../../../../arm-none-eabi/lib/thumb/v7e-m+fp/hard/libstdc++_nano.a
LOAD /opt/st/stm32cubeide_1.6.1/plugins/com.st.stm32cube.ide.mcu.externaltools.gnu-tools-for-stm32.9-2020-q2-update.linux64_1.5.0.202011040924/tools/bin/../lib/gcc/arm-none-eabi/9.3.1/../../../../arm-none-eabi/lib/thumb/v7e-m+fp/hard/libsupc++_nano.a
END GROUP
LOAD /opt/st/stm32cubeide_1.6.1/plugins/com.st.stm32cube.ide.mcu.externaltools.gnu-tools-for-stm32.9-2020-q2-update.linux64_1.5.0.202011040924/tools/bin/../lib/gcc/arm-none-eabi/9.3.1/../../../../arm-none-eabi/lib/thumb/v7e-m+fp/hard/libstdc++_nano.a
LOAD /opt/st/stm32cubeide_1.6.1/plugins/com.st.stm32cube.ide.mcu.externaltools.gnu-tools-for-stm32.9-2020-q2-update.linux64_1.5.0.202011040924/tools/bin/../lib/gcc/arm-none-eabi/9.3.1/../../../../arm-none-eabi/lib/thumb/v7e-m+fp/hard/libm.a
LOAD /opt/st/stm32cubeide_1.6.1/plugins/com.st.stm32cube.ide.mcu.externaltools.gnu-tools-for-stm32.9-2020-q2-update.linux64_1.5.0.202011040924/tools/bin/../lib/gcc/arm-none-eabi/9.3.1/../../../../arm-none-eabi/lib/thumb/v7e-m+fp/hard/libc_nano.a
START GROUP
LOAD /opt/st/stm32cubeide_1.6.1/plugins/com.st.stm32cube.ide.mcu.externaltools.gnu-tools-for-stm32.9-2020-q2-update.linux64_1.5.0.202011040924/tools/bin/../lib/gcc/arm-none-eabi/9.3.1/thumb/v7e-m+fp/hard/libgcc.a
LOAD /opt/st/stm32cubeide_1.6.1/plugins/com.st.stm32cube.ide.mcu.externaltools.gnu-tools-for-stm32.9-2020-q2-update.linux64_1.5.0.202011040924/tools/bin/../lib/gcc/arm-none-eabi/9.3.1/../../../../arm-none-eabi/lib/thumb/v7e-m+fp/hard/libc_nano.a
END GROUP
START GROUP
LOAD /opt/st/stm32cubeide_1.6.1/plugins/com.st.stm32cube.ide.mcu.externaltools.gnu-tools-for-stm32.9-2020-q2-update.linux64_1.5.0.202011040924/tools/bin/../lib/gcc/arm-none-eabi/9.3.1/thumb/v7e-m+fp/hard/libgcc.a
LOAD /opt/st/stm32cubeide_1.6.1/plugins/com.st.stm32cube.ide.mcu.externaltools.gnu-tools-for-stm32.9-2020-q2-update.linux64_1.5.0.202011040924/tools/bin/../lib/gcc/arm-none-eabi/9.3.1/../../../../arm-none-eabi/lib/thumb/v7e-m+fp/hard/libc_nano.a
LOAD /opt/st/stm32cubeide_1.6.1/plugins/com.st.stm32cube.ide.mcu.externaltools.gnu-tools-for-stm32.9-2020-q2-update.linux64_1.5.0.202011040924/tools/bin/../lib/gcc/arm-none-eabi/9.3.1/../../../../arm-none-eabi/lib/thumb/v7e-m+fp/hard/libnosys.a
END GROUP
START GROUP
LOAD /opt/st/stm32cubeide_1.6.1/plugins/com.st.stm32cube.ide.mcu.externaltools.gnu-tools-for-stm32.9-2020-q2-update.linux64_1.5.0.202011040924/tools/bin/../lib/gcc/arm-none-eabi/9.3.1/thumb/v7e-m+fp/hard/libgcc.a
LOAD /opt/st/stm32cubeide_1.6.1/plugins/com.st.stm32cube.ide.mcu.externaltools.gnu-tools-for-stm32.9-2020-q2-update.linux64_1.5.0.202011040924/tools/bin/../lib/gcc/arm-none-eabi/9.3.1/../../../../arm-none-eabi/lib/thumb/v7e-m+fp/hard/libc_nano.a
LOAD /opt/st/stm32cubeide_1.6.1/plugins/com.st.stm32cube.ide.mcu.externaltools.gnu-tools-for-stm32.9-2020-q2-update.linux64_1.5.0.202011040924/tools/bin/../lib/gcc/arm-none-eabi/9.3.1/../../../../arm-none-eabi/lib/thumb/v7e-m+fp/hard/libnosys.a
END GROUP
LOAD /opt/st/stm32cubeide_1.6.1/plugins/com.st.stm32cube.ide.mcu.externaltools.gnu-tools-for-stm32.9-2020-q2-update.linux64_1.5.0.202011040924/tools/bin/../lib/gcc/arm-none-eabi/9.3.1/thumb/v7e-m+fp/hard/crtend.o
LOAD /opt/st/stm32cubeide_1.6.1/plugins/com.st.stm32cube.ide.mcu.externaltools.gnu-tools-for-stm32.9-2020-q2-update.linux64_1.5.0.202011040924/tools/bin/../lib/gcc/arm-none-eabi/9.3.1/thumb/v7e-m+fp/hard/crtn.o
                0x0000000020020000                _estack = (ORIGIN (RAM) + LENGTH (RAM))
                0x0000000000000200                _Min_Heap_Size = 0x200
                0x0000000000000400                _Min_Stack_Size = 0x400

.isr_vector     0x0000000008000000      0x198
                0x0000000008000000                . = ALIGN (0x4)
 *(.isr_vector)
 .isr_vector    0x0000000008000000      0x198 Core/Startup/startup_stm32f411ceux.o
                0x0000000008000000                g_pfnVectors
                0x0000000008000198                . = ALIGN (0x4)

.text           0x00000000080001a0     0xc7bc
                0x00000000080001a0                . = ALIGN (0x4)
 *(.text)
 .text          0x00000000080001a0       0x40 /opt/st/stm32cubeide_1.6.1/plugins/com.st.stm32cube.ide.mcu.externaltools.gnu-tools-for-stm32.9-2020-q2-update.linux64_1.5.0.202011040924/tools/bin/../lib/gcc/arm-none-eabi/9.3.1/thumb/v7e-m+fp/hard/crtbegin.o
 .text          0x00000000080001e0       0xa0 /opt/st/stm32cubeide_1.6.1/plugins/com.st.stm32cube.ide.mcu.externaltools.gnu-tools-for-stm32.9-2020-q2-update.linux64_1.5.0.202011040924/tools/bin/../lib/gcc/arm-none-eabi/9.3.1/../../../../arm-none-eabi/lib/thumb/v7e-m+fp/hard/libc_nano.a(lib_a-memchr.o)
                0x00000000080001e0                memchr
 .text          0x0000000008000280       0x30 /opt/st/stm32cubeide_1.6.1/plugins/com.st.stm32cube.ide.mcu.externaltools.gnu-tools-for-stm32.9-2020-q2-update.linux64_1.5.0.202011040924/tools/bin/../lib/gcc/arm-none-eabi/9.3.1/thumb/v7e-m+fp/hard/libgcc.a(_aeabi_uldivmod.o)
                0x0000000008000280                __aeabi_uldivmod
 .text          0x00000000080002b0      0x2c4 /opt/st/stm32cubeide_1.6.1/plugins/com.st.stm32cube.ide.mcu.externaltools.gnu-tools-for-stm32.9-2020-q2-update.linux64_1.5.0.202011040924/tools/bin/../lib/gcc/arm-none-eabi/9.3.1/thumb/v7e-m+fp/hard/libgcc.a(_udivmoddi4.o)
                0x00000000080002b0                __udivmoddi4
 .text          0x0000000008000574        0x4 /opt/st/stm32cubeide_1.6.1/plugins/com.st.stm32cube.ide.mcu.externaltools.gnu-tools-for-stm32.9-2020-q2-update.linux64_1.5.0.202011040924/tools/bin/../lib/gcc/arm-none-eabi/9.3.1/thumb/v7e-m+fp/hard/libgcc.a(_dvmd_tls.o)
                0x0000000008000574                __aeabi_ldiv0
                0x0000000008000574                __aeabi_idiv0
 *(.text*)
 .text._Z18start_display_taskPv
                0x0000000008000578      0x1f8 Core/Src/display_task.o
                0x0000000008000578                start_display_task(void*)
 .text.main     0x0000000008000770       0x84 Core/Src/main.o
                0x0000000008000770                main
 .text._Z18SystemClock_Configv
                0x00000000080007f4       0xe4 Core/Src/main.o
                0x00000000080007f4                SystemClock_Config()
 .text._ZL15MX_SDIO_SD_Initv
                0x00000000080008d8       0x40 Core/Src/main.o
 .text._ZL12MX_SPI1_Initv
                0x0000000008000918       0x78 Core/Src/main.o
 .text._ZL11MX_DMA_Initv
                0x0000000008000990       0x50 Core/Src/main.o
 .text._ZL12MX_GPIO_Initv
                0x00000000080009e0       0xe4 Core/Src/main.o
 .text._Z16StartDefaultTaskPv
                0x0000000008000ac4       0x20 Core/Src/main.o
                0x0000000008000ac4                StartDefaultTask(void*)
 .text.HAL_TIM_PeriodElapsedCallback
                0x0000000008000ae4       0x24 Core/Src/main.o
                0x0000000008000ae4                HAL_TIM_PeriodElapsedCallback
 .text.Error_Handler
                0x0000000008000b08        0xa Core/Src/main.o
                0x0000000008000b08                Error_Handler
 *fill*         0x0000000008000b12        0x2 
 .text._Z19start_sd_saver_taskPv
                0x0000000008000b14       0x5c Core/Src/sd_saver_task.o
                0x0000000008000b14                start_sd_saver_task(void*)
 .text._Z14initFileSystemv
                0x0000000008000b70       0x6c Core/Src/sd_saver_task.o
                0x0000000008000b70                initFileSystem()
 .text.HAL_MspInit
                0x0000000008000bdc       0x58 Core/Src/stm32f4xx_hal_msp.o
                0x0000000008000bdc                HAL_MspInit
 .text.HAL_SD_MspInit
                0x0000000008000c34      0x200 Core/Src/stm32f4xx_hal_msp.o
                0x0000000008000c34                HAL_SD_MspInit
 .text.HAL_SPI_MspInit
                0x0000000008000e34       0x90 Core/Src/stm32f4xx_hal_msp.o
                0x0000000008000e34                HAL_SPI_MspInit
 .text.HAL_InitTick
                0x0000000008000ec4       0xb0 Core/Src/stm32f4xx_hal_timebase_tim.o
                0x0000000008000ec4                HAL_InitTick
 .text.NMI_Handler
                0x0000000008000f74        0x6 Core/Src/stm32f4xx_it.o
                0x0000000008000f74                NMI_Handler
 .text.HardFault_Handler
                0x0000000008000f7a        0x6 Core/Src/stm32f4xx_it.o
                0x0000000008000f7a                HardFault_Handler
 .text.MemManage_Handler
                0x0000000008000f80        0x6 Core/Src/stm32f4xx_it.o
                0x0000000008000f80                MemManage_Handler
 .text.BusFault_Handler
                0x0000000008000f86        0x6 Core/Src/stm32f4xx_it.o
                0x0000000008000f86                BusFault_Handler
 .text.UsageFault_Handler
                0x0000000008000f8c        0x6 Core/Src/stm32f4xx_it.o
                0x0000000008000f8c                UsageFault_Handler
 .text.DebugMon_Handler
                0x0000000008000f92        0xe Core/Src/stm32f4xx_it.o
                0x0000000008000f92                DebugMon_Handler
 .text.TIM1_TRG_COM_TIM11_IRQHandler
                0x0000000008000fa0       0x14 Core/Src/stm32f4xx_it.o
                0x0000000008000fa0                TIM1_TRG_COM_TIM11_IRQHandler
 .text.SDIO_IRQHandler
                0x0000000008000fb4       0x14 Core/Src/stm32f4xx_it.o
                0x0000000008000fb4                SDIO_IRQHandler
 .text.DMA2_Stream3_IRQHandler
                0x0000000008000fc8       0x14 Core/Src/stm32f4xx_it.o
                0x0000000008000fc8                DMA2_Stream3_IRQHandler
 .text.DMA2_Stream6_IRQHandler
                0x0000000008000fdc       0x14 Core/Src/stm32f4xx_it.o
                0x0000000008000fdc                DMA2_Stream6_IRQHandler
 .text._sbrk    0x0000000008000ff0       0x6c Core/Src/sysmem.o
                0x0000000008000ff0                _sbrk
 .text.SystemInit
                0x000000000800105c       0x24 Core/Src/system_stm32f4xx.o
                0x000000000800105c                SystemInit
 .text.Reset_Handler
                0x0000000008001080       0x50 Core/Startup/startup_stm32f411ceux.o
                0x0000000008001080                Reset_Handler
 .text.Default_Handler
                0x00000000080010d0        0x2 Core/Startup/startup_stm32f411ceux.o
                0x00000000080010d0                RTC_Alarm_IRQHandler
                0x00000000080010d0                EXTI2_IRQHandler
                0x00000000080010d0                SPI4_IRQHandler
                0x00000000080010d0                TIM1_CC_IRQHandler
                0x00000000080010d0                DMA2_Stream5_IRQHandler
                0x00000000080010d0                DMA1_Stream5_IRQHandler
                0x00000000080010d0                PVD_IRQHandler
                0x00000000080010d0                TAMP_STAMP_IRQHandler
                0x00000000080010d0                EXTI3_IRQHandler
                0x00000000080010d0                TIM1_UP_TIM10_IRQHandler
                0x00000000080010d0                I2C3_ER_IRQHandler
                0x00000000080010d0                EXTI0_IRQHandler
                0x00000000080010d0                I2C2_EV_IRQHandler
                0x00000000080010d0                DMA1_Stream2_IRQHandler
                0x00000000080010d0                FPU_IRQHandler
                0x00000000080010d0                DMA2_Stream2_IRQHandler
                0x00000000080010d0                SPI1_IRQHandler
                0x00000000080010d0                TIM1_BRK_TIM9_IRQHandler
                0x00000000080010d0                USART6_IRQHandler
                0x00000000080010d0                DMA2_Stream0_IRQHandler
                0x00000000080010d0                TIM4_IRQHandler
                0x00000000080010d0                I2C1_EV_IRQHandler
                0x00000000080010d0                DMA1_Stream6_IRQHandler
                0x00000000080010d0                DMA1_Stream1_IRQHandler
                0x00000000080010d0                TIM3_IRQHandler
                0x00000000080010d0                RCC_IRQHandler
                0x00000000080010d0                Default_Handler
                0x00000000080010d0                EXTI15_10_IRQHandler
                0x00000000080010d0                ADC_IRQHandler
                0x00000000080010d0                DMA1_Stream7_IRQHandler
                0x00000000080010d0                SPI5_IRQHandler
                0x00000000080010d0                TIM5_IRQHandler
                0x00000000080010d0                DMA2_Stream7_IRQHandler
                0x00000000080010d0                I2C3_EV_IRQHandler
                0x00000000080010d0                EXTI9_5_IRQHandler
                0x00000000080010d0                RTC_WKUP_IRQHandler
                0x00000000080010d0                SPI2_IRQHandler
                0x00000000080010d0                DMA1_Stream0_IRQHandler
                0x00000000080010d0                EXTI4_IRQHandler
                0x00000000080010d0                WWDG_IRQHandler
                0x00000000080010d0                TIM2_IRQHandler
                0x00000000080010d0                OTG_FS_WKUP_IRQHandler
                0x00000000080010d0                EXTI1_IRQHandler
                0x00000000080010d0                USART2_IRQHandler
                0x00000000080010d0                I2C2_ER_IRQHandler
                0x00000000080010d0                DMA2_Stream1_IRQHandler
                0x00000000080010d0                FLASH_IRQHandler
                0x00000000080010d0                DMA2_Stream4_IRQHandler
                0x00000000080010d0                USART1_IRQHandler
                0x00000000080010d0                OTG_FS_IRQHandler
                0x00000000080010d0                SPI3_IRQHandler
                0x00000000080010d0                DMA1_Stream4_IRQHandler
                0x00000000080010d0                I2C1_ER_IRQHandler
                0x00000000080010d0                DMA1_Stream3_IRQHandler
 *fill*         0x00000000080010d2        0x2 
 .text._ZL13ST7735_Selectv
                0x00000000080010d4       0x18 Core/st7735/st7735.o
 .text._Z15ST7735_Unselectv
                0x00000000080010ec       0x18 Core/st7735/st7735.o
                0x00000000080010ec                ST7735_Unselect()
 .text._ZL12ST7735_Resetv
                0x0000000008001104       0x28 Core/st7735/st7735.o
 .text._ZL19ST7735_WriteCommandh
                0x000000000800112c       0x34 Core/st7735/st7735.o
 .text._ZL16ST7735_WriteDataPhj
                0x0000000008001160       0x34 Core/st7735/st7735.o
 .text._ZL25ST7735_ExecuteCommandListPKh
                0x0000000008001194       0x9a Core/st7735/st7735.o
 .text._ZL23ST7735_SetAddressWindowhhhh
                0x000000000800122e       0x74 Core/st7735/st7735.o
 *fill*         0x00000000080012a2        0x2 
 .text._Z11ST7735_Initv
                0x00000000080012a4       0x34 Core/st7735/st7735.o
                0x00000000080012a4                ST7735_Init()
 .text._ZL16ST7735_WriteCharttc7FontDeftt
                0x00000000080012d8       0xe8 Core/st7735/st7735.o
 .text._Z18ST7735_WriteStringttPKc7FontDeftt
                0x00000000080013c0       0x92 Core/st7735/st7735.o
                0x00000000080013c0                ST7735_WriteString(unsigned short, unsigned short, char const*, FontDef, unsigned short, unsigned short)
 *fill*         0x0000000008001452        0x2 
 .text._Z20ST7735_FillRectanglettttt
                0x0000000008001454       0xe4 Core/st7735/st7735.o
                0x0000000008001454                ST7735_FillRectangle(unsigned short, unsigned short, unsigned short, unsigned short, unsigned short)
 .text._Z17ST7735_FillScreent
                0x0000000008001538       0x22 Core/st7735/st7735.o
                0x0000000008001538                ST7735_FillScreen(unsigned short)
 *fill*         0x000000000800155a        0x2 
 .text.HAL_Init
                0x000000000800155c       0x44 Drivers/STM32F4xx_HAL_Driver/Src/stm32f4xx_hal.o
                0x000000000800155c                HAL_Init
 .text.HAL_IncTick
                0x00000000080015a0       0x28 Drivers/STM32F4xx_HAL_Driver/Src/stm32f4xx_hal.o
                0x00000000080015a0                HAL_IncTick
 .text.HAL_GetTick
                0x00000000080015c8       0x18 Drivers/STM32F4xx_HAL_Driver/Src/stm32f4xx_hal.o
                0x00000000080015c8                HAL_GetTick
 .text.HAL_Delay
                0x00000000080015e0       0x48 Drivers/STM32F4xx_HAL_Driver/Src/stm32f4xx_hal.o
                0x00000000080015e0                HAL_Delay
 .text.__NVIC_SetPriorityGrouping
                0x0000000008001628       0x48 Drivers/STM32F4xx_HAL_Driver/Src/stm32f4xx_hal_cortex.o
 .text.__NVIC_GetPriorityGrouping
                0x0000000008001670       0x1c Drivers/STM32F4xx_HAL_Driver/Src/stm32f4xx_hal_cortex.o
 .text.__NVIC_EnableIRQ
                0x000000000800168c       0x3c Drivers/STM32F4xx_HAL_Driver/Src/stm32f4xx_hal_cortex.o
 .text.__NVIC_SetPriority
                0x00000000080016c8       0x54 Drivers/STM32F4xx_HAL_Driver/Src/stm32f4xx_hal_cortex.o
 .text.NVIC_EncodePriority
                0x000000000800171c       0x66 Drivers/STM32F4xx_HAL_Driver/Src/stm32f4xx_hal_cortex.o
 .text.HAL_NVIC_SetPriorityGrouping
                0x0000000008001782       0x16 Drivers/STM32F4xx_HAL_Driver/Src/stm32f4xx_hal_cortex.o
                0x0000000008001782                HAL_NVIC_SetPriorityGrouping
 .text.HAL_NVIC_SetPriority
                0x0000000008001798       0x38 Drivers/STM32F4xx_HAL_Driver/Src/stm32f4xx_hal_cortex.o
                0x0000000008001798                HAL_NVIC_SetPriority
 .text.HAL_NVIC_EnableIRQ
                0x00000000080017d0       0x1c Drivers/STM32F4xx_HAL_Driver/Src/stm32f4xx_hal_cortex.o
                0x00000000080017d0                HAL_NVIC_EnableIRQ
 .text.HAL_DMA_Init
                0x00000000080017ec      0x15c Drivers/STM32F4xx_HAL_Driver/Src/stm32f4xx_hal_dma.o
                0x00000000080017ec                HAL_DMA_Init
 .text.HAL_DMA_Start_IT
                0x0000000008001948       0xb0 Drivers/STM32F4xx_HAL_Driver/Src/stm32f4xx_hal_dma.o
                0x0000000008001948                HAL_DMA_Start_IT
 .text.HAL_DMA_Abort_IT
                0x00000000080019f8       0x44 Drivers/STM32F4xx_HAL_Driver/Src/stm32f4xx_hal_dma.o
                0x00000000080019f8                HAL_DMA_Abort_IT
 .text.HAL_DMA_IRQHandler
                0x0000000008001a3c      0x314 Drivers/STM32F4xx_HAL_Driver/Src/stm32f4xx_hal_dma.o
                0x0000000008001a3c                HAL_DMA_IRQHandler
 .text.HAL_DMA_GetError
                0x0000000008001d50       0x18 Drivers/STM32F4xx_HAL_Driver/Src/stm32f4xx_hal_dma.o
                0x0000000008001d50                HAL_DMA_GetError
 .text.DMA_SetConfig
                0x0000000008001d68       0x5c Drivers/STM32F4xx_HAL_Driver/Src/stm32f4xx_hal_dma.o
 .text.DMA_CalcBaseAndBitshift
                0x0000000008001dc4       0x6c Drivers/STM32F4xx_HAL_Driver/Src/stm32f4xx_hal_dma.o
 .text.DMA_CheckFifoParam
                0x0000000008001e30       0xf8 Drivers/STM32F4xx_HAL_Driver/Src/stm32f4xx_hal_dma.o
 .text.HAL_GPIO_Init
                0x0000000008001f28      0x308 Drivers/STM32F4xx_HAL_Driver/Src/stm32f4xx_hal_gpio.o
                0x0000000008001f28                HAL_GPIO_Init
 .text.HAL_GPIO_ReadPin
                0x0000000008002230       0x30 Drivers/STM32F4xx_HAL_Driver/Src/stm32f4xx_hal_gpio.o
                0x0000000008002230                HAL_GPIO_ReadPin
 .text.HAL_GPIO_WritePin
                0x0000000008002260       0x32 Drivers/STM32F4xx_HAL_Driver/Src/stm32f4xx_hal_gpio.o
                0x0000000008002260                HAL_GPIO_WritePin
 .text.HAL_GPIO_TogglePin
                0x0000000008002292       0x34 Drivers/STM32F4xx_HAL_Driver/Src/stm32f4xx_hal_gpio.o
                0x0000000008002292                HAL_GPIO_TogglePin
 *fill*         0x00000000080022c6        0x2 
 .text.HAL_RCC_OscConfig
                0x00000000080022c8      0x4f0 Drivers/STM32F4xx_HAL_Driver/Src/stm32f4xx_hal_rcc.o
                0x00000000080022c8                HAL_RCC_OscConfig
 .text.HAL_RCC_ClockConfig
                0x00000000080027b8      0x1cc Drivers/STM32F4xx_HAL_Driver/Src/stm32f4xx_hal_rcc.o
                0x00000000080027b8                HAL_RCC_ClockConfig
 .text.HAL_RCC_GetSysClockFreq
                0x0000000008002984      0x1c0 Drivers/STM32F4xx_HAL_Driver/Src/stm32f4xx_hal_rcc.o
                0x0000000008002984                HAL_RCC_GetSysClockFreq
 .text.HAL_RCC_GetHCLKFreq
                0x0000000008002b44       0x18 Drivers/STM32F4xx_HAL_Driver/Src/stm32f4xx_hal_rcc.o
                0x0000000008002b44                HAL_RCC_GetHCLKFreq
 .text.HAL_RCC_GetPCLK2Freq
                0x0000000008002b5c       0x28 Drivers/STM32F4xx_HAL_Driver/Src/stm32f4xx_hal_rcc.o
                0x0000000008002b5c                HAL_RCC_GetPCLK2Freq
 .text.HAL_RCC_GetClockConfig
                0x0000000008002b84       0x64 Drivers/STM32F4xx_HAL_Driver/Src/stm32f4xx_hal_rcc.o
                0x0000000008002b84                HAL_RCC_GetClockConfig
 .text.HAL_SD_Init
                0x0000000008002be8       0x60 Drivers/STM32F4xx_HAL_Driver/Src/stm32f4xx_hal_sd.o
                0x0000000008002be8                HAL_SD_Init
 .text.HAL_SD_InitCard
                0x0000000008002c48       0xfc Drivers/STM32F4xx_HAL_Driver/Src/stm32f4xx_hal_sd.o
                0x0000000008002c48                HAL_SD_InitCard
 .text.HAL_SD_ReadBlocks_DMA
                0x0000000008002d44      0x1c4 Drivers/STM32F4xx_HAL_Driver/Src/stm32f4xx_hal_sd.o
                0x0000000008002d44                HAL_SD_ReadBlocks_DMA
 .text.HAL_SD_WriteBlocks_DMA
                0x0000000008002f08      0x1cc Drivers/STM32F4xx_HAL_Driver/Src/stm32f4xx_hal_sd.o
                0x0000000008002f08                HAL_SD_WriteBlocks_DMA
 .text.HAL_SD_IRQHandler
                0x00000000080030d4      0x30c Drivers/STM32F4xx_HAL_Driver/Src/stm32f4xx_hal_sd.o
                0x00000000080030d4                HAL_SD_IRQHandler
 .text.HAL_SD_ErrorCallback
                0x00000000080033e0       0x14 Drivers/STM32F4xx_HAL_Driver/Src/stm32f4xx_hal_sd.o
                0x00000000080033e0                HAL_SD_ErrorCallback
 .text.HAL_SD_GetCardCSD
                0x00000000080033f4      0x348 Drivers/STM32F4xx_HAL_Driver/Src/stm32f4xx_hal_sd.o
                0x00000000080033f4                HAL_SD_GetCardCSD
 .text.HAL_SD_GetCardInfo
                0x000000000800373c       0x58 Drivers/STM32F4xx_HAL_Driver/Src/stm32f4xx_hal_sd.o
                0x000000000800373c                HAL_SD_GetCardInfo
 .text.HAL_SD_ConfigWideBusOperation
                0x0000000008003794      0x134 Drivers/STM32F4xx_HAL_Driver/Src/stm32f4xx_hal_sd.o
                0x0000000008003794                HAL_SD_ConfigWideBusOperation
 .text.HAL_SD_GetCardState
                0x00000000080038c8       0x40 Drivers/STM32F4xx_HAL_Driver/Src/stm32f4xx_hal_sd.o
                0x00000000080038c8                HAL_SD_GetCardState
 .text.SD_DMATransmitCplt
                0x0000000008003908       0x2a Drivers/STM32F4xx_HAL_Driver/Src/stm32f4xx_hal_sd.o
 .text.SD_DMAReceiveCplt
                0x0000000008003932       0x70 Drivers/STM32F4xx_HAL_Driver/Src/stm32f4xx_hal_sd.o
 *fill*         0x00000000080039a2        0x2 
 .text.SD_DMAError
                0x00000000080039a4       0xa4 Drivers/STM32F4xx_HAL_Driver/Src/stm32f4xx_hal_sd.o
 .text.SD_DMATxAbort
                0x0000000008003a48       0x6e Drivers/STM32F4xx_HAL_Driver/Src/stm32f4xx_hal_sd.o
 .text.SD_DMARxAbort
                0x0000000008003ab6       0x6e Drivers/STM32F4xx_HAL_Driver/Src/stm32f4xx_hal_sd.o
 .text.SD_InitCard
                0x0000000008003b24      0x198 Drivers/STM32F4xx_HAL_Driver/Src/stm32f4xx_hal_sd.o
 .text.SD_PowerON
                0x0000000008003cbc      0x11c Drivers/STM32F4xx_HAL_Driver/Src/stm32f4xx_hal_sd.o
 .text.SD_SendStatus
                0x0000000008003dd8       0x50 Drivers/STM32F4xx_HAL_Driver/Src/stm32f4xx_hal_sd.o
 .text.SD_WideBus_Enable
                0x0000000008003e28       0x96 Drivers/STM32F4xx_HAL_Driver/Src/stm32f4xx_hal_sd.o
 .text.SD_WideBus_Disable
                0x0000000008003ebe       0x96 Drivers/STM32F4xx_HAL_Driver/Src/stm32f4xx_hal_sd.o
 .text.SD_FindSCR
                0x0000000008003f54      0x1a6 Drivers/STM32F4xx_HAL_Driver/Src/stm32f4xx_hal_sd.o
 .text.SD_Read_IT
                0x00000000080040fa       0xa2 Drivers/STM32F4xx_HAL_Driver/Src/stm32f4xx_hal_sd.o
 .text.SD_Write_IT
                0x000000000800419c       0xaa Drivers/STM32F4xx_HAL_Driver/Src/stm32f4xx_hal_sd.o
 .text.HAL_SPI_Init
                0x0000000008004246      0x112 Drivers/STM32F4xx_HAL_Driver/Src/stm32f4xx_hal_spi.o
                0x0000000008004246                HAL_SPI_Init
 .text.HAL_SPI_Transmit
                0x0000000008004358      0x278 Drivers/STM32F4xx_HAL_Driver/Src/stm32f4xx_hal_spi.o
                0x0000000008004358                HAL_SPI_Transmit
 .text.SPI_WaitFlagStateUntilTimeout
                0x00000000080045d0      0x110 Drivers/STM32F4xx_HAL_Driver/Src/stm32f4xx_hal_spi.o
 .text.SPI_EndRxTxTransaction
                0x00000000080046e0       0x84 Drivers/STM32F4xx_HAL_Driver/Src/stm32f4xx_hal_spi.o
 .text.HAL_TIM_Base_Init
                0x0000000008004764       0x9e Drivers/STM32F4xx_HAL_Driver/Src/stm32f4xx_hal_tim.o
                0x0000000008004764                HAL_TIM_Base_Init
 .text.HAL_TIM_Base_MspInit
                0x0000000008004802       0x14 Drivers/STM32F4xx_HAL_Driver/Src/stm32f4xx_hal_tim.o
                0x0000000008004802                HAL_TIM_Base_MspInit
 *fill*         0x0000000008004816        0x2 
 .text.HAL_TIM_Base_Start_IT
                0x0000000008004818       0xc4 Drivers/STM32F4xx_HAL_Driver/Src/stm32f4xx_hal_tim.o
                0x0000000008004818                HAL_TIM_Base_Start_IT
 .text.HAL_TIM_IRQHandler
                0x00000000080048dc      0x210 Drivers/STM32F4xx_HAL_Driver/Src/stm32f4xx_hal_tim.o
                0x00000000080048dc                HAL_TIM_IRQHandler
 .text.HAL_TIM_OC_DelayElapsedCallback
                0x0000000008004aec       0x14 Drivers/STM32F4xx_HAL_Driver/Src/stm32f4xx_hal_tim.o
                0x0000000008004aec                HAL_TIM_OC_DelayElapsedCallback
 .text.HAL_TIM_IC_CaptureCallback
                0x0000000008004b00       0x14 Drivers/STM32F4xx_HAL_Driver/Src/stm32f4xx_hal_tim.o
                0x0000000008004b00                HAL_TIM_IC_CaptureCallback
 .text.HAL_TIM_PWM_PulseFinishedCallback
                0x0000000008004b14       0x14 Drivers/STM32F4xx_HAL_Driver/Src/stm32f4xx_hal_tim.o
                0x0000000008004b14                HAL_TIM_PWM_PulseFinishedCallback
 .text.HAL_TIM_TriggerCallback
                0x0000000008004b28       0x14 Drivers/STM32F4xx_HAL_Driver/Src/stm32f4xx_hal_tim.o
                0x0000000008004b28                HAL_TIM_TriggerCallback
 .text.TIM_Base_SetConfig
                0x0000000008004b3c      0x100 Drivers/STM32F4xx_HAL_Driver/Src/stm32f4xx_hal_tim.o
                0x0000000008004b3c                TIM_Base_SetConfig
 .text.HAL_TIMEx_CommutCallback
                0x0000000008004c3c       0x14 Drivers/STM32F4xx_HAL_Driver/Src/stm32f4xx_hal_tim_ex.o
                0x0000000008004c3c                HAL_TIMEx_CommutCallback
 .text.HAL_TIMEx_BreakCallback
                0x0000000008004c50       0x14 Drivers/STM32F4xx_HAL_Driver/Src/stm32f4xx_hal_tim_ex.o
                0x0000000008004c50                HAL_TIMEx_BreakCallback
 .text.SDIO_Init
                0x0000000008004c64       0x56 Drivers/STM32F4xx_HAL_Driver/Src/stm32f4xx_ll_sdmmc.o
                0x0000000008004c64                SDIO_Init
 .text.SDIO_ReadFIFO
                0x0000000008004cba       0x1a Drivers/STM32F4xx_HAL_Driver/Src/stm32f4xx_ll_sdmmc.o
                0x0000000008004cba                SDIO_ReadFIFO
 .text.SDIO_WriteFIFO
                0x0000000008004cd4       0x22 Drivers/STM32F4xx_HAL_Driver/Src/stm32f4xx_ll_sdmmc.o
                0x0000000008004cd4                SDIO_WriteFIFO
 .text.SDIO_PowerState_ON
                0x0000000008004cf6       0x1e Drivers/STM32F4xx_HAL_Driver/Src/stm32f4xx_ll_sdmmc.o
                0x0000000008004cf6                SDIO_PowerState_ON
 .text.SDIO_GetPowerState
                0x0000000008004d14       0x1c Drivers/STM32F4xx_HAL_Driver/Src/stm32f4xx_ll_sdmmc.o
                0x0000000008004d14                SDIO_GetPowerState
 .text.SDIO_SendCommand
                0x0000000008004d30       0x54 Drivers/STM32F4xx_HAL_Driver/Src/stm32f4xx_ll_sdmmc.o
                0x0000000008004d30                SDIO_SendCommand
 .text.SDIO_GetCommandResponse
                0x0000000008004d84       0x1a Drivers/STM32F4xx_HAL_Driver/Src/stm32f4xx_ll_sdmmc.o
                0x0000000008004d84                SDIO_GetCommandResponse
 .text.SDIO_GetResponse
                0x0000000008004d9e       0x26 Drivers/STM32F4xx_HAL_Driver/Src/stm32f4xx_ll_sdmmc.o
                0x0000000008004d9e                SDIO_GetResponse
 .text.SDIO_ConfigData
                0x0000000008004dc4       0x58 Drivers/STM32F4xx_HAL_Driver/Src/stm32f4xx_ll_sdmmc.o
                0x0000000008004dc4                SDIO_ConfigData
 .text.SDMMC_CmdBlockLength
                0x0000000008004e1c       0x44 Drivers/STM32F4xx_HAL_Driver/Src/stm32f4xx_ll_sdmmc.o
                0x0000000008004e1c                SDMMC_CmdBlockLength
 .text.SDMMC_CmdReadSingleBlock
                0x0000000008004e60       0x44 Drivers/STM32F4xx_HAL_Driver/Src/stm32f4xx_ll_sdmmc.o
                0x0000000008004e60                SDMMC_CmdReadSingleBlock
 .text.SDMMC_CmdReadMultiBlock
                0x0000000008004ea4       0x44 Drivers/STM32F4xx_HAL_Driver/Src/stm32f4xx_ll_sdmmc.o
                0x0000000008004ea4                SDMMC_CmdReadMultiBlock
 .text.SDMMC_CmdWriteSingleBlock
                0x0000000008004ee8       0x44 Drivers/STM32F4xx_HAL_Driver/Src/stm32f4xx_ll_sdmmc.o
                0x0000000008004ee8                SDMMC_CmdWriteSingleBlock
 .text.SDMMC_CmdWriteMultiBlock
                0x0000000008004f2c       0x44 Drivers/STM32F4xx_HAL_Driver/Src/stm32f4xx_ll_sdmmc.o
                0x0000000008004f2c                SDMMC_CmdWriteMultiBlock
 .text.SDMMC_CmdStopTransfer
                0x0000000008004f70       0x44 Drivers/STM32F4xx_HAL_Driver/Src/stm32f4xx_ll_sdmmc.o
                0x0000000008004f70                SDMMC_CmdStopTransfer
 .text.SDMMC_CmdSelDesel
                0x0000000008004fb4       0x46 Drivers/STM32F4xx_HAL_Driver/Src/stm32f4xx_ll_sdmmc.o
                0x0000000008004fb4                SDMMC_CmdSelDesel
 .text.SDMMC_CmdGoIdleState
                0x0000000008004ffa       0x3c Drivers/STM32F4xx_HAL_Driver/Src/stm32f4xx_ll_sdmmc.o
                0x0000000008004ffa                SDMMC_CmdGoIdleState
 .text.SDMMC_CmdOperCond
                0x0000000008005036       0x3e Drivers/STM32F4xx_HAL_Driver/Src/stm32f4xx_ll_sdmmc.o
                0x0000000008005036                SDMMC_CmdOperCond
 .text.SDMMC_CmdAppCommand
                0x0000000008005074       0x44 Drivers/STM32F4xx_HAL_Driver/Src/stm32f4xx_ll_sdmmc.o
                0x0000000008005074                SDMMC_CmdAppCommand
 .text.SDMMC_CmdAppOperCommand
                0x00000000080050b8       0x46 Drivers/STM32F4xx_HAL_Driver/Src/stm32f4xx_ll_sdmmc.o
                0x00000000080050b8                SDMMC_CmdAppOperCommand
 .text.SDMMC_CmdBusWidth
                0x00000000080050fe       0x44 Drivers/STM32F4xx_HAL_Driver/Src/stm32f4xx_ll_sdmmc.o
                0x00000000080050fe                SDMMC_CmdBusWidth
 .text.SDMMC_CmdSendSCR
                0x0000000008005142       0x42 Drivers/STM32F4xx_HAL_Driver/Src/stm32f4xx_ll_sdmmc.o
                0x0000000008005142                SDMMC_CmdSendSCR
 .text.SDMMC_CmdSendCID
                0x0000000008005184       0x3c Drivers/STM32F4xx_HAL_Driver/Src/stm32f4xx_ll_sdmmc.o
                0x0000000008005184                SDMMC_CmdSendCID
 .text.SDMMC_CmdSendCSD
                0x00000000080051c0       0x3e Drivers/STM32F4xx_HAL_Driver/Src/stm32f4xx_ll_sdmmc.o
                0x00000000080051c0                SDMMC_CmdSendCSD
 .text.SDMMC_CmdSetRelAdd
                0x00000000080051fe       0x42 Drivers/STM32F4xx_HAL_Driver/Src/stm32f4xx_ll_sdmmc.o
                0x00000000080051fe                SDMMC_CmdSetRelAdd
 .text.SDMMC_CmdSendStatus
                0x0000000008005240       0x44 Drivers/STM32F4xx_HAL_Driver/Src/stm32f4xx_ll_sdmmc.o
                0x0000000008005240                SDMMC_CmdSendStatus
 .text.SDMMC_GetCmdError
                0x0000000008005284       0x58 Drivers/STM32F4xx_HAL_Driver/Src/stm32f4xx_ll_sdmmc.o
 .text.SDMMC_GetCmdResp1
                0x00000000080052dc      0x1dc Drivers/STM32F4xx_HAL_Driver/Src/stm32f4xx_ll_sdmmc.o
 .text.SDMMC_GetCmdResp2
                0x00000000080054b8       0x90 Drivers/STM32F4xx_HAL_Driver/Src/stm32f4xx_ll_sdmmc.o
 .text.SDMMC_GetCmdResp3
                0x0000000008005548       0x7c Drivers/STM32F4xx_HAL_Driver/Src/stm32f4xx_ll_sdmmc.o
 .text.SDMMC_GetCmdResp6
                0x00000000080055c4       0xec Drivers/STM32F4xx_HAL_Driver/Src/stm32f4xx_ll_sdmmc.o
 .text.SDMMC_GetCmdResp7
                0x00000000080056b0       0x9c Drivers/STM32F4xx_HAL_Driver/Src/stm32f4xx_ll_sdmmc.o
 .text.MX_FATFS_Init
                0x000000000800574c       0x24 FATFS/App/fatfs.o
                0x000000000800574c                MX_FATFS_Init
 .text.get_fattime
                0x0000000008005770       0x10 FATFS/App/fatfs.o
                0x0000000008005770                get_fattime
 .text.BSP_SD_Init
                0x0000000008005780       0x4c FATFS/Target/bsp_driver_sd.o
                0x0000000008005780                BSP_SD_Init
 .text.BSP_SD_ReadBlocks_DMA
                0x00000000080057cc       0x34 FATFS/Target/bsp_driver_sd.o
                0x00000000080057cc                BSP_SD_ReadBlocks_DMA
 .text.BSP_SD_WriteBlocks_DMA
                0x0000000008005800       0x34 FATFS/Target/bsp_driver_sd.o
                0x0000000008005800                BSP_SD_WriteBlocks_DMA
 .text.BSP_SD_GetCardState
                0x0000000008005834       0x20 FATFS/Target/bsp_driver_sd.o
                0x0000000008005834                BSP_SD_GetCardState
 .text.BSP_SD_GetCardInfo
                0x0000000008005854       0x1c FATFS/Target/bsp_driver_sd.o
                0x0000000008005854                BSP_SD_GetCardInfo
 .text.HAL_SD_AbortCallback
                0x0000000008005870       0x14 FATFS/Target/bsp_driver_sd.o
                0x0000000008005870                HAL_SD_AbortCallback
 .text.HAL_SD_TxCpltCallback
                0x0000000008005884       0x14 FATFS/Target/bsp_driver_sd.o
                0x0000000008005884                HAL_SD_TxCpltCallback
 .text.HAL_SD_RxCpltCallback
                0x0000000008005898       0x14 FATFS/Target/bsp_driver_sd.o
                0x0000000008005898                HAL_SD_RxCpltCallback
 .text.BSP_SD_AbortCallback
                0x00000000080058ac        0xe FATFS/Target/bsp_driver_sd.o
                0x00000000080058ac                BSP_SD_AbortCallback
 .text.BSP_SD_IsDetected
                0x00000000080058ba       0x24 FATFS/Target/bsp_driver_sd.o
                0x00000000080058ba                BSP_SD_IsDetected
 *fill*         0x00000000080058de        0x2 
 .text.BSP_PlatformIsDetected
                0x00000000080058e0       0x2c FATFS/Target/fatfs_platform.o
                0x00000000080058e0                BSP_PlatformIsDetected
 .text.SD_CheckStatusWithTimeout
                0x000000000800590c       0x3a FATFS/Target/sd_diskio.o
 *fill*         0x0000000008005946        0x2 
 .text.SD_CheckStatus
                0x0000000008005948       0x3c FATFS/Target/sd_diskio.o
 .text.SD_initialize
                0x0000000008005984       0x84 FATFS/Target/sd_diskio.o
                0x0000000008005984                SD_initialize
 .text.SD_status
                0x0000000008005a08       0x1c FATFS/Target/sd_diskio.o
                0x0000000008005a08                SD_status
 .text.SD_read  0x0000000008005a24       0x94 FATFS/Target/sd_diskio.o
                0x0000000008005a24                SD_read
 .text.SD_write
                0x0000000008005ab8       0x90 FATFS/Target/sd_diskio.o
                0x0000000008005ab8                SD_write
 .text.SD_ioctl
                0x0000000008005b48       0xb0 FATFS/Target/sd_diskio.o
                0x0000000008005b48                SD_ioctl
 .text.BSP_SD_WriteCpltCallback
                0x0000000008005bf8       0x24 FATFS/Target/sd_diskio.o
                0x0000000008005bf8                BSP_SD_WriteCpltCallback
 .text.BSP_SD_ReadCpltCallback
                0x0000000008005c1c       0x24 FATFS/Target/sd_diskio.o
                0x0000000008005c1c                BSP_SD_ReadCpltCallback
 .text.disk_status
                0x0000000008005c40       0x34 Middlewares/Third_Party/FatFs/src/diskio.o
                0x0000000008005c40                disk_status
 .text.disk_initialize
                0x0000000008005c74       0x4c Middlewares/Third_Party/FatFs/src/diskio.o
                0x0000000008005c74                disk_initialize
 .text.disk_read
                0x0000000008005cc0       0x40 Middlewares/Third_Party/FatFs/src/diskio.o
                0x0000000008005cc0                disk_read
 .text.disk_write
                0x0000000008005d00       0x40 Middlewares/Third_Party/FatFs/src/diskio.o
                0x0000000008005d00                disk_write
 .text.disk_ioctl
                0x0000000008005d40       0x3c Middlewares/Third_Party/FatFs/src/diskio.o
                0x0000000008005d40                disk_ioctl
 .text.ld_word  0x0000000008005d7c       0x30 Middlewares/Third_Party/FatFs/src/ff.o
 .text.ld_dword
                0x0000000008005dac       0x46 Middlewares/Third_Party/FatFs/src/ff.o
 .text.st_word  0x0000000008005df2       0x36 Middlewares/Third_Party/FatFs/src/ff.o
 .text.st_dword
                0x0000000008005e28       0x58 Middlewares/Third_Party/FatFs/src/ff.o
 .text.mem_cpy  0x0000000008005e80       0x42 Middlewares/Third_Party/FatFs/src/ff.o
 .text.mem_set  0x0000000008005ec2       0x36 Middlewares/Third_Party/FatFs/src/ff.o
 .text.mem_cmp  0x0000000008005ef8       0x4e Middlewares/Third_Party/FatFs/src/ff.o
 .text.chk_chr  0x0000000008005f46       0x36 Middlewares/Third_Party/FatFs/src/ff.o
 .text.lock_fs  0x0000000008005f7c       0x2c Middlewares/Third_Party/FatFs/src/ff.o
 .text.unlock_fs
                0x0000000008005fa8       0x36 Middlewares/Third_Party/FatFs/src/ff.o
 *fill*         0x0000000008005fde        0x2 
 .text.chk_lock
                0x0000000008005fe0       0xb8 Middlewares/Third_Party/FatFs/src/ff.o
 .text.enq_lock
                0x0000000008006098       0x44 Middlewares/Third_Party/FatFs/src/ff.o
 .text.inc_lock
                0x00000000080060dc      0x11c Middlewares/Third_Party/FatFs/src/ff.o
 .text.clear_lock
                0x00000000080061f8       0x48 Middlewares/Third_Party/FatFs/src/ff.o
 .text.sync_window
                0x0000000008006240       0x88 Middlewares/Third_Party/FatFs/src/ff.o
 .text.move_window
                0x00000000080062c8       0x5a Middlewares/Third_Party/FatFs/src/ff.o
 *fill*         0x0000000008006322        0x2 
 .text.sync_fs  0x0000000008006324       0xe0 Middlewares/Third_Party/FatFs/src/ff.o
 .text.clust2sect
                0x0000000008006404       0x3e Middlewares/Third_Party/FatFs/src/ff.o
 .text.get_fat  0x0000000008006442      0x1a8 Middlewares/Third_Party/FatFs/src/ff.o
 .text.put_fat  0x00000000080065ea      0x238 Middlewares/Third_Party/FatFs/src/ff.o
 .text.remove_chain
                0x0000000008006822       0xca Middlewares/Third_Party/FatFs/src/ff.o
 .text.create_chain
                0x00000000080068ec      0x130 Middlewares/Third_Party/FatFs/src/ff.o
 .text.clmt_clust
                0x0000000008006a1c       0x70 Middlewares/Third_Party/FatFs/src/ff.o
 .text.dir_sdi  0x0000000008006a8c      0x112 Middlewares/Third_Party/FatFs/src/ff.o
 .text.dir_next
                0x0000000008006b9e      0x1ac Middlewares/Third_Party/FatFs/src/ff.o
 .text.dir_alloc
                0x0000000008006d4a       0x8e Middlewares/Third_Party/FatFs/src/ff.o
 .text.ld_clust
                0x0000000008006dd8       0x3e Middlewares/Third_Party/FatFs/src/ff.o
 .text.st_clust
                0x0000000008006e16       0x40 Middlewares/Third_Party/FatFs/src/ff.o
 .text.dir_find
                0x0000000008006e56       0xaa Middlewares/Third_Party/FatFs/src/ff.o
 .text.dir_register
                0x0000000008006f00       0x64 Middlewares/Third_Party/FatFs/src/ff.o
 .text.create_name
                0x0000000008006f64      0x128 Middlewares/Third_Party/FatFs/src/ff.o
 .text.follow_path
                0x000000000800708c       0xec Middlewares/Third_Party/FatFs/src/ff.o
 .text.get_ldnumber
                0x0000000008007178       0x88 Middlewares/Third_Party/FatFs/src/ff.o
 .text.check_fs
                0x0000000008007200       0xac Middlewares/Third_Party/FatFs/src/ff.o
 .text.find_volume
                0x00000000080072ac      0x514 Middlewares/Third_Party/FatFs/src/ff.o
 .text.validate
                0x00000000080077c0       0x8e Middlewares/Third_Party/FatFs/src/ff.o
 *fill*         0x000000000800784e        0x2 
 .text.f_mount  0x0000000008007850       0xc8 Middlewares/Third_Party/FatFs/src/ff.o
                0x0000000008007850                f_mount
 .text.f_open   0x0000000008007918      0x3a6 Middlewares/Third_Party/FatFs/src/ff.o
                0x0000000008007918                f_open
 .text.f_write  0x0000000008007cbe      0x386 Middlewares/Third_Party/FatFs/src/ff.o
                0x0000000008007cbe                f_write
 .text.f_sync   0x0000000008008044      0x112 Middlewares/Third_Party/FatFs/src/ff.o
                0x0000000008008044                f_sync
 .text.f_lseek  0x0000000008008156      0x4dc Middlewares/Third_Party/FatFs/src/ff.o
                0x0000000008008156                f_lseek
 *fill*         0x0000000008008632        0x2 
 .text.FATFS_LinkDriverEx
                0x0000000008008634       0x98 Middlewares/Third_Party/FatFs/src/ff_gen_drv.o
                0x0000000008008634                FATFS_LinkDriverEx
 .text.FATFS_LinkDriver
                0x00000000080086cc       0x1e Middlewares/Third_Party/FatFs/src/ff_gen_drv.o
                0x00000000080086cc                FATFS_LinkDriver
 .text.ff_cre_syncobj
                0x00000000080086ea       0x36 Middlewares/Third_Party/FatFs/src/option/syscall.o
                0x00000000080086ea                ff_cre_syncobj
 .text.ff_del_syncobj
                0x0000000008008720       0x18 Middlewares/Third_Party/FatFs/src/option/syscall.o
                0x0000000008008720                ff_del_syncobj
 .text.ff_req_grant
                0x0000000008008738       0x2a Middlewares/Third_Party/FatFs/src/option/syscall.o
                0x0000000008008738                ff_req_grant
 .text.ff_rel_grant
                0x0000000008008762       0x16 Middlewares/Third_Party/FatFs/src/option/syscall.o
                0x0000000008008762                ff_rel_grant
 .text.__NVIC_SetPriority
                0x0000000008008778       0x54 Middlewares/Third_Party/FreeRTOS/Source/CMSIS_RTOS_V2/cmsis_os2.o
 .text.SysTick_Handler
                0x00000000080087cc       0x20 Middlewares/Third_Party/FreeRTOS/Source/CMSIS_RTOS_V2/cmsis_os2.o
                0x00000000080087cc                SysTick_Handler
 .text.SVC_Setup
                0x00000000080087ec       0x12 Middlewares/Third_Party/FreeRTOS/Source/CMSIS_RTOS_V2/cmsis_os2.o
 *fill*         0x00000000080087fe        0x2 
 .text.osKernelInitialize
                0x0000000008008800       0x48 Middlewares/Third_Party/FreeRTOS/Source/CMSIS_RTOS_V2/cmsis_os2.o
                0x0000000008008800                osKernelInitialize
 .text.osKernelGetState
                0x0000000008008848       0x44 Middlewares/Third_Party/FreeRTOS/Source/CMSIS_RTOS_V2/cmsis_os2.o
                0x0000000008008848                osKernelGetState
 .text.osKernelStart
                0x000000000800888c       0x4c Middlewares/Third_Party/FreeRTOS/Source/CMSIS_RTOS_V2/cmsis_os2.o
                0x000000000800888c                osKernelStart
 .text.osKernelGetTickCount
                0x00000000080088d8       0x2a Middlewares/Third_Party/FreeRTOS/Source/CMSIS_RTOS_V2/cmsis_os2.o
                0x00000000080088d8                osKernelGetTickCount
 .text.osThreadNew
                0x0000000008008902      0x124 Middlewares/Third_Party/FreeRTOS/Source/CMSIS_RTOS_V2/cmsis_os2.o
                0x0000000008008902                osThreadNew
 .text.osDelay  0x0000000008008a26       0x36 Middlewares/Third_Party/FreeRTOS/Source/CMSIS_RTOS_V2/cmsis_os2.o
                0x0000000008008a26                osDelay
 .text.osSemaphoreNew
                0x0000000008008a5c      0x112 Middlewares/Third_Party/FreeRTOS/Source/CMSIS_RTOS_V2/cmsis_os2.o
                0x0000000008008a5c                osSemaphoreNew
 *fill*         0x0000000008008b6e        0x2 
 .text.osSemaphoreAcquire
                0x0000000008008b70       0xa4 Middlewares/Third_Party/FreeRTOS/Source/CMSIS_RTOS_V2/cmsis_os2.o
                0x0000000008008b70                osSemaphoreAcquire
 .text.osSemaphoreRelease
                0x0000000008008c14       0x88 Middlewares/Third_Party/FreeRTOS/Source/CMSIS_RTOS_V2/cmsis_os2.o
                0x0000000008008c14                osSemaphoreRelease
 .text.osSemaphoreDelete
                0x0000000008008c9c       0x48 Middlewares/Third_Party/FreeRTOS/Source/CMSIS_RTOS_V2/cmsis_os2.o
                0x0000000008008c9c                osSemaphoreDelete
 .text.osMessageQueueNew
                0x0000000008008ce4       0xe6 Middlewares/Third_Party/FreeRTOS/Source/CMSIS_RTOS_V2/cmsis_os2.o
                0x0000000008008ce4                osMessageQueueNew
 *fill*         0x0000000008008dca        0x2 
 .text.osMessageQueuePut
                0x0000000008008dcc       0xc0 Middlewares/Third_Party/FreeRTOS/Source/CMSIS_RTOS_V2/cmsis_os2.o
                0x0000000008008dcc                osMessageQueuePut
 .text.osMessageQueueGet
                0x0000000008008e8c       0xbc Middlewares/Third_Party/FreeRTOS/Source/CMSIS_RTOS_V2/cmsis_os2.o
                0x0000000008008e8c                osMessageQueueGet
 .text.vApplicationGetIdleTaskMemory
                0x0000000008008f48       0x34 Middlewares/Third_Party/FreeRTOS/Source/CMSIS_RTOS_V2/cmsis_os2.o
                0x0000000008008f48                vApplicationGetIdleTaskMemory
 .text.vApplicationGetTimerTaskMemory
                0x0000000008008f7c       0x34 Middlewares/Third_Party/FreeRTOS/Source/CMSIS_RTOS_V2/cmsis_os2.o
                0x0000000008008f7c                vApplicationGetTimerTaskMemory
 .text.vListInitialise
                0x0000000008008fb0       0x40 Middlewares/Third_Party/FreeRTOS/Source/list.o
                0x0000000008008fb0                vListInitialise
 .text.vListInitialiseItem
                0x0000000008008ff0       0x1a Middlewares/Third_Party/FreeRTOS/Source/list.o
                0x0000000008008ff0                vListInitialiseItem
 .text.vListInsertEnd
                0x000000000800900a       0x48 Middlewares/Third_Party/FreeRTOS/Source/list.o
                0x000000000800900a                vListInsertEnd
 .text.vListInsert
                0x0000000008009052       0x72 Middlewares/Third_Party/FreeRTOS/Source/list.o
                0x0000000008009052                vListInsert
 .text.uxListRemove
                0x00000000080090c4       0x54 Middlewares/Third_Party/FreeRTOS/Source/list.o
                0x00000000080090c4                uxListRemove
 .text.xQueueGenericReset
                0x0000000008009118       0xd0 Middlewares/Third_Party/FreeRTOS/Source/queue.o
                0x0000000008009118                xQueueGenericReset
 .text.xQueueGenericCreateStatic
                0x00000000080091e8       0xf0 Middlewares/Third_Party/FreeRTOS/Source/queue.o
                0x00000000080091e8                xQueueGenericCreateStatic
 .text.xQueueGenericCreate
                0x00000000080092d8       0x74 Middlewares/Third_Party/FreeRTOS/Source/queue.o
                0x00000000080092d8                xQueueGenericCreate
 .text.prvInitialiseNewQueue
                0x000000000800934c       0x46 Middlewares/Third_Party/FreeRTOS/Source/queue.o
 .text.xQueueCreateCountingSemaphoreStatic
                0x0000000008009392       0x6e Middlewares/Third_Party/FreeRTOS/Source/queue.o
                0x0000000008009392                xQueueCreateCountingSemaphoreStatic
 .text.xQueueCreateCountingSemaphore
                0x0000000008009400       0x66 Middlewares/Third_Party/FreeRTOS/Source/queue.o
                0x0000000008009400                xQueueCreateCountingSemaphore
 *fill*         0x0000000008009466        0x2 
 .text.xQueueGenericSend
                0x0000000008009468      0x1fc Middlewares/Third_Party/FreeRTOS/Source/queue.o
                0x0000000008009468                xQueueGenericSend
 .text.xQueueGenericSendFromISR
                0x0000000008009664      0x136 Middlewares/Third_Party/FreeRTOS/Source/queue.o
                0x0000000008009664                xQueueGenericSendFromISR
 .text.xQueueGiveFromISR
                0x000000000800979a      0x11a Middlewares/Third_Party/FreeRTOS/Source/queue.o
                0x000000000800979a                xQueueGiveFromISR
 .text.xQueueReceive
                0x00000000080098b4      0x1c0 Middlewares/Third_Party/FreeRTOS/Source/queue.o
                0x00000000080098b4                xQueueReceive
 .text.xQueueSemaphoreTake
                0x0000000008009a74      0x218 Middlewares/Third_Party/FreeRTOS/Source/queue.o
                0x0000000008009a74                xQueueSemaphoreTake
 .text.xQueueReceiveFromISR
                0x0000000008009c8c      0x100 Middlewares/Third_Party/FreeRTOS/Source/queue.o
                0x0000000008009c8c                xQueueReceiveFromISR
 .text.vQueueDelete
                0x0000000008009d8c       0x46 Middlewares/Third_Party/FreeRTOS/Source/queue.o
                0x0000000008009d8c                vQueueDelete
 .text.prvGetDisinheritPriorityAfterTimeout
                0x0000000008009dd2       0x30 Middlewares/Third_Party/FreeRTOS/Source/queue.o
 .text.prvCopyDataToQueue
                0x0000000008009e02       0xd4 Middlewares/Third_Party/FreeRTOS/Source/queue.o
 .text.prvCopyDataFromQueue
                0x0000000008009ed6       0x4c Middlewares/Third_Party/FreeRTOS/Source/queue.o
 .text.prvUnlockQueue
                0x0000000008009f22       0xa4 Middlewares/Third_Party/FreeRTOS/Source/queue.o
 .text.prvIsQueueEmpty
                0x0000000008009fc6       0x2c Middlewares/Third_Party/FreeRTOS/Source/queue.o
 .text.prvIsQueueFull
                0x0000000008009ff2       0x30 Middlewares/Third_Party/FreeRTOS/Source/queue.o
 *fill*         0x000000000800a022        0x2 
 .text.vQueueAddToRegistry
                0x000000000800a024       0x54 Middlewares/Third_Party/FreeRTOS/Source/queue.o
                0x000000000800a024                vQueueAddToRegistry
 .text.vQueueUnregisterQueue
                0x000000000800a078       0x54 Middlewares/Third_Party/FreeRTOS/Source/queue.o
                0x000000000800a078                vQueueUnregisterQueue
 .text.vQueueWaitForMessageRestricted
                0x000000000800a0cc       0x68 Middlewares/Third_Party/FreeRTOS/Source/queue.o
                0x000000000800a0cc                vQueueWaitForMessageRestricted
 .text.xTaskCreateStatic
                0x000000000800a134       0xba Middlewares/Third_Party/FreeRTOS/Source/tasks.o
                0x000000000800a134                xTaskCreateStatic
 .text.xTaskCreate
                0x000000000800a1ee       0x8a Middlewares/Third_Party/FreeRTOS/Source/tasks.o
                0x000000000800a1ee                xTaskCreate
 .text.prvInitialiseNewTask
                0x000000000800a278      0x11e Middlewares/Third_Party/FreeRTOS/Source/tasks.o
 *fill*         0x000000000800a396        0x2 
 .text.prvAddNewTaskToReadyList
                0x000000000800a398       0xe0 Middlewares/Third_Party/FreeRTOS/Source/tasks.o
 .text.vTaskDelay
                0x000000000800a478       0x68 Middlewares/Third_Party/FreeRTOS/Source/tasks.o
                0x000000000800a478                vTaskDelay
 .text.vTaskStartScheduler
                0x000000000800a4e0       0xcc Middlewares/Third_Party/FreeRTOS/Source/tasks.o
                0x000000000800a4e0                vTaskStartScheduler
 .text.vTaskSuspendAll
                0x000000000800a5ac       0x1c Middlewares/Third_Party/FreeRTOS/Source/tasks.o
                0x000000000800a5ac                vTaskSuspendAll
 .text.xTaskResumeAll
                0x000000000800a5c8      0x13c Middlewares/Third_Party/FreeRTOS/Source/tasks.o
                0x000000000800a5c8                xTaskResumeAll
 .text.xTaskGetTickCount
                0x000000000800a704       0x20 Middlewares/Third_Party/FreeRTOS/Source/tasks.o
                0x000000000800a704                xTaskGetTickCount
 .text.xTaskGetTickCountFromISR
                0x000000000800a724       0x24 Middlewares/Third_Party/FreeRTOS/Source/tasks.o
                0x000000000800a724                xTaskGetTickCountFromISR
 .text.xTaskIncrementTick
                0x000000000800a748      0x174 Middlewares/Third_Party/FreeRTOS/Source/tasks.o
                0x000000000800a748                xTaskIncrementTick
 .text.vTaskSwitchContext
                0x000000000800a8bc       0xbc Middlewares/Third_Party/FreeRTOS/Source/tasks.o
                0x000000000800a8bc                vTaskSwitchContext
 .text.vTaskPlaceOnEventList
                0x000000000800a978       0x48 Middlewares/Third_Party/FreeRTOS/Source/tasks.o
                0x000000000800a978                vTaskPlaceOnEventList
 .text.vTaskPlaceOnEventListRestricted
                0x000000000800a9c0       0x58 Middlewares/Third_Party/FreeRTOS/Source/tasks.o
                0x000000000800a9c0                vTaskPlaceOnEventListRestricted
 .text.xTaskRemoveFromEventList
                0x000000000800aa18       0xc8 Middlewares/Third_Party/FreeRTOS/Source/tasks.o
                0x000000000800aa18                xTaskRemoveFromEventList
 .text.vTaskInternalSetTimeOutState
                0x000000000800aae0       0x2c Middlewares/Third_Party/FreeRTOS/Source/tasks.o
                0x000000000800aae0                vTaskInternalSetTimeOutState
 .text.xTaskCheckForTimeOut
                0x000000000800ab0c       0xc4 Middlewares/Third_Party/FreeRTOS/Source/tasks.o
                0x000000000800ab0c                xTaskCheckForTimeOut
 .text.vTaskMissedYield
                0x000000000800abd0       0x18 Middlewares/Third_Party/FreeRTOS/Source/tasks.o
                0x000000000800abd0                vTaskMissedYield
 .text.prvIdleTask
                0x000000000800abe8       0x30 Middlewares/Third_Party/FreeRTOS/Source/tasks.o
 .text.prvInitialiseTaskLists
                0x000000000800ac18       0x80 Middlewares/Third_Party/FreeRTOS/Source/tasks.o
 .text.prvCheckTasksWaitingTermination
                0x000000000800ac98       0x5c Middlewares/Third_Party/FreeRTOS/Source/tasks.o
 .text.prvDeleteTCB
                0x000000000800acf4       0x5e Middlewares/Third_Party/FreeRTOS/Source/tasks.o
 *fill*         0x000000000800ad52        0x2 
 .text.prvResetNextTaskUnblockTime
                0x000000000800ad54       0x40 Middlewares/Third_Party/FreeRTOS/Source/tasks.o
 .text.xTaskGetSchedulerState
                0x000000000800ad94       0x3c Middlewares/Third_Party/FreeRTOS/Source/tasks.o
                0x000000000800ad94                xTaskGetSchedulerState
 .text.xTaskPriorityInherit
                0x000000000800add0       0xd0 Middlewares/Third_Party/FreeRTOS/Source/tasks.o
                0x000000000800add0                xTaskPriorityInherit
 .text.xTaskPriorityDisinherit
                0x000000000800aea0       0xdc Middlewares/Third_Party/FreeRTOS/Source/tasks.o
                0x000000000800aea0                xTaskPriorityDisinherit
 .text.vTaskPriorityDisinheritAfterTimeout
                0x000000000800af7c      0x104 Middlewares/Third_Party/FreeRTOS/Source/tasks.o
                0x000000000800af7c                vTaskPriorityDisinheritAfterTimeout
 .text.pvTaskIncrementMutexHeldCount
                0x000000000800b080       0x28 Middlewares/Third_Party/FreeRTOS/Source/tasks.o
                0x000000000800b080                pvTaskIncrementMutexHeldCount
 .text.prvAddCurrentTaskToDelayedList
                0x000000000800b0a8       0xa8 Middlewares/Third_Party/FreeRTOS/Source/tasks.o
 .text.xTimerCreateTimerTask
                0x000000000800b150       0x90 Middlewares/Third_Party/FreeRTOS/Source/timers.o
                0x000000000800b150                xTimerCreateTimerTask
 .text.xTimerGenericCommand
                0x000000000800b1e0       0x9c Middlewares/Third_Party/FreeRTOS/Source/timers.o
                0x000000000800b1e0                xTimerGenericCommand
 .text.prvProcessExpiredTimer
                0x000000000800b27c       0x98 Middlewares/Third_Party/FreeRTOS/Source/timers.o
 .text.prvTimerTask
                0x000000000800b314       0x24 Middlewares/Third_Party/FreeRTOS/Source/timers.o
 .text.prvProcessTimerOrBlockTask
                0x000000000800b338       0x9c Middlewares/Third_Party/FreeRTOS/Source/timers.o
 .text.prvGetNextExpireTime
                0x000000000800b3d4       0x48 Middlewares/Third_Party/FreeRTOS/Source/timers.o
 .text.prvSampleTimeNow
                0x000000000800b41c       0x40 Middlewares/Third_Party/FreeRTOS/Source/timers.o
 .text.prvInsertTimerInActiveList
                0x000000000800b45c       0x84 Middlewares/Third_Party/FreeRTOS/Source/timers.o
 .text.prvProcessReceivedCommands
                0x000000000800b4e0      0x1c4 Middlewares/Third_Party/FreeRTOS/Source/timers.o
 .text.prvSwitchTimerLists
                0x000000000800b6a4       0xc8 Middlewares/Third_Party/FreeRTOS/Source/timers.o
 .text.prvCheckForValidListAndQueue
                0x000000000800b76c       0x80 Middlewares/Third_Party/FreeRTOS/Source/timers.o
 .text.pxPortInitialiseStack
                0x000000000800b7ec       0x68 Middlewares/Third_Party/FreeRTOS/Source/portable/GCC/ARM_CM4F/port.o
                0x000000000800b7ec                pxPortInitialiseStack
 .text.prvTaskExitError
                0x000000000800b854       0x58 Middlewares/Third_Party/FreeRTOS/Source/portable/GCC/ARM_CM4F/port.o
 *fill*         0x000000000800b8ac        0x4 
 .text.SVC_Handler
                0x000000000800b8b0       0x28 Middlewares/Third_Party/FreeRTOS/Source/portable/GCC/ARM_CM4F/port.o
                0x000000000800b8b0                SVC_Handler
 .text.prvPortStartFirstTask
                0x000000000800b8d8       0x28 Middlewares/Third_Party/FreeRTOS/Source/portable/GCC/ARM_CM4F/port.o
 .text.xPortStartScheduler
                0x000000000800b900      0x144 Middlewares/Third_Party/FreeRTOS/Source/portable/GCC/ARM_CM4F/port.o
                0x000000000800b900                xPortStartScheduler
 .text.vPortEnterCritical
                0x000000000800ba44       0x60 Middlewares/Third_Party/FreeRTOS/Source/portable/GCC/ARM_CM4F/port.o
                0x000000000800ba44                vPortEnterCritical
 .text.vPortExitCritical
                0x000000000800baa4       0x54 Middlewares/Third_Party/FreeRTOS/Source/portable/GCC/ARM_CM4F/port.o
                0x000000000800baa4                vPortExitCritical
 *fill*         0x000000000800baf8        0x8 
 .text.PendSV_Handler
                0x000000000800bb00       0x68 Middlewares/Third_Party/FreeRTOS/Source/portable/GCC/ARM_CM4F/port.o
                0x000000000800bb00                PendSV_Handler
 .text.xPortSysTickHandler
                0x000000000800bb68       0x44 Middlewares/Third_Party/FreeRTOS/Source/portable/GCC/ARM_CM4F/port.o
                0x000000000800bb68                xPortSysTickHandler
 .text.vPortSetupTimerInterrupt
                0x000000000800bbac       0x48 Middlewares/Third_Party/FreeRTOS/Source/portable/GCC/ARM_CM4F/port.o
                0x000000000800bbac                vPortSetupTimerInterrupt
 .text.vPortEnableVFP
                0x000000000800bbf4       0x14 Middlewares/Third_Party/FreeRTOS/Source/portable/GCC/ARM_CM4F/port.o
 .text.vPortValidateInterruptPriority
                0x000000000800bc08       0x80 Middlewares/Third_Party/FreeRTOS/Source/portable/GCC/ARM_CM4F/port.o
                0x000000000800bc08                vPortValidateInterruptPriority
 .text.pvPortMalloc
                0x000000000800bc88      0x198 Middlewares/Third_Party/FreeRTOS/Source/portable/MemMang/heap_4.o
                0x000000000800bc88                pvPortMalloc
 .text.vPortFree
                0x000000000800be20       0xc4 Middlewares/Third_Party/FreeRTOS/Source/portable/MemMang/heap_4.o
                0x000000000800be20                vPortFree
 .text.prvHeapInit
                0x000000000800bee4       0xc4 Middlewares/Third_Party/FreeRTOS/Source/portable/MemMang/heap_4.o
 .text.prvInsertBlockIntoFreeList
                0x000000000800bfa8       0xb4 Middlewares/Third_Party/FreeRTOS/Source/portable/MemMang/heap_4.o
 .text.__errno  0x000000000800c05c        0xc /opt/st/stm32cubeide_1.6.1/plugins/com.st.stm32cube.ide.mcu.externaltools.gnu-tools-for-stm32.9-2020-q2-update.linux64_1.5.0.202011040924/tools/bin/../lib/gcc/arm-none-eabi/9.3.1/../../../../arm-none-eabi/lib/thumb/v7e-m+fp/hard/libc_nano.a(lib_a-errno.o)
                0x000000000800c05c                __errno
 .text.__libc_init_array
                0x000000000800c068       0x48 /opt/st/stm32cubeide_1.6.1/plugins/com.st.stm32cube.ide.mcu.externaltools.gnu-tools-for-stm32.9-2020-q2-update.linux64_1.5.0.202011040924/tools/bin/../lib/gcc/arm-none-eabi/9.3.1/../../../../arm-none-eabi/lib/thumb/v7e-m+fp/hard/libc_nano.a(lib_a-init.o)
                0x000000000800c068                __libc_init_array
 .text.memcpy   0x000000000800c0b0       0x1c /opt/st/stm32cubeide_1.6.1/plugins/com.st.stm32cube.ide.mcu.externaltools.gnu-tools-for-stm32.9-2020-q2-update.linux64_1.5.0.202011040924/tools/bin/../lib/gcc/arm-none-eabi/9.3.1/../../../../arm-none-eabi/lib/thumb/v7e-m+fp/hard/libc_nano.a(lib_a-memcpy-stub.o)
                0x000000000800c0b0                memcpy
 .text.memset   0x000000000800c0cc       0x10 /opt/st/stm32cubeide_1.6.1/plugins/com.st.stm32cube.ide.mcu.externaltools.gnu-tools-for-stm32.9-2020-q2-update.linux64_1.5.0.202011040924/tools/bin/../lib/gcc/arm-none-eabi/9.3.1/../../../../arm-none-eabi/lib/thumb/v7e-m+fp/hard/libc_nano.a(lib_a-memset.o)
                0x000000000800c0cc                memset
 .text.snprintf
                0x000000000800c0dc       0x68 /opt/st/stm32cubeide_1.6.1/plugins/com.st.stm32cube.ide.mcu.externaltools.gnu-tools-for-stm32.9-2020-q2-update.linux64_1.5.0.202011040924/tools/bin/../lib/gcc/arm-none-eabi/9.3.1/../../../../arm-none-eabi/lib/thumb/v7e-m+fp/hard/libc_nano.a(lib_a-snprintf.o)
                0x000000000800c0dc                snprintf
                0x000000000800c0dc                sniprintf
 .text.__ssputs_r
                0x000000000800c144       0xb6 /opt/st/stm32cubeide_1.6.1/plugins/com.st.stm32cube.ide.mcu.externaltools.gnu-tools-for-stm32.9-2020-q2-update.linux64_1.5.0.202011040924/tools/bin/../lib/gcc/arm-none-eabi/9.3.1/../../../../arm-none-eabi/lib/thumb/v7e-m+fp/hard/libc_nano.a(lib_a-nano-svfprintf.o)
                0x000000000800c144                __ssputs_r
 *fill*         0x000000000800c1fa        0x2 
 .text._svfprintf_r
                0x000000000800c1fc      0x200 /opt/st/stm32cubeide_1.6.1/plugins/com.st.stm32cube.ide.mcu.externaltools.gnu-tools-for-stm32.9-2020-q2-update.linux64_1.5.0.202011040924/tools/bin/../lib/gcc/arm-none-eabi/9.3.1/../../../../arm-none-eabi/lib/thumb/v7e-m+fp/hard/libc_nano.a(lib_a-nano-svfprintf.o)
                0x000000000800c1fc                _svfprintf_r
                0x000000000800c1fc                _svfiprintf_r
 .text._printf_common
                0x000000000800c3fc       0xda /opt/st/stm32cubeide_1.6.1/plugins/com.st.stm32cube.ide.mcu.externaltools.gnu-tools-for-stm32.9-2020-q2-update.linux64_1.5.0.202011040924/tools/bin/../lib/gcc/arm-none-eabi/9.3.1/../../../../arm-none-eabi/lib/thumb/v7e-m+fp/hard/libc_nano.a(lib_a-nano-vfprintf_i.o)
                0x000000000800c3fc                _printf_common
 *fill*         0x000000000800c4d6        0x2 
 .text._printf_i
                0x000000000800c4d8      0x24c /opt/st/stm32cubeide_1.6.1/plugins/com.st.stm32cube.ide.mcu.externaltools.gnu-tools-for-stm32.9-2020-q2-update.linux64_1.5.0.202011040924/tools/bin/../lib/gcc/arm-none-eabi/9.3.1/../../../../arm-none-eabi/lib/thumb/v7e-m+fp/hard/libc_nano.a(lib_a-nano-vfprintf_i.o)
                0x000000000800c4d8                _printf_i
 .text.memmove  0x000000000800c724       0x34 /opt/st/stm32cubeide_1.6.1/plugins/com.st.stm32cube.ide.mcu.externaltools.gnu-tools-for-stm32.9-2020-q2-update.linux64_1.5.0.202011040924/tools/bin/../lib/gcc/arm-none-eabi/9.3.1/../../../../arm-none-eabi/lib/thumb/v7e-m+fp/hard/libc_nano.a(lib_a-memmove.o)
                0x000000000800c724                memmove
 .text._free_r  0x000000000800c758       0xa0 /opt/st/stm32cubeide_1.6.1/plugins/com.st.stm32cube.ide.mcu.externaltools.gnu-tools-for-stm32.9-2020-q2-update.linux64_1.5.0.202011040924/tools/bin/../lib/gcc/arm-none-eabi/9.3.1/../../../../arm-none-eabi/lib/thumb/v7e-m+fp/hard/libc_nano.a(lib_a-nano-freer.o)
                0x000000000800c758                _free_r
 .text._malloc_r
                0x000000000800c7f8       0xb4 /opt/st/stm32cubeide_1.6.1/plugins/com.st.stm32cube.ide.mcu.externaltools.gnu-tools-for-stm32.9-2020-q2-update.linux64_1.5.0.202011040924/tools/bin/../lib/gcc/arm-none-eabi/9.3.1/../../../../arm-none-eabi/lib/thumb/v7e-m+fp/hard/libc_nano.a(lib_a-nano-mallocr.o)
                0x000000000800c7f8                _malloc_r
 .text._realloc_r
                0x000000000800c8ac       0x4c /opt/st/stm32cubeide_1.6.1/plugins/com.st.stm32cube.ide.mcu.externaltools.gnu-tools-for-stm32.9-2020-q2-update.linux64_1.5.0.202011040924/tools/bin/../lib/gcc/arm-none-eabi/9.3.1/../../../../arm-none-eabi/lib/thumb/v7e-m+fp/hard/libc_nano.a(lib_a-nano-reallocr.o)
                0x000000000800c8ac                _realloc_r
 .text._sbrk_r  0x000000000800c8f8       0x20 /opt/st/stm32cubeide_1.6.1/plugins/com.st.stm32cube.ide.mcu.externaltools.gnu-tools-for-stm32.9-2020-q2-update.linux64_1.5.0.202011040924/tools/bin/../lib/gcc/arm-none-eabi/9.3.1/../../../../arm-none-eabi/lib/thumb/v7e-m+fp/hard/libc_nano.a(lib_a-sbrkr.o)
                0x000000000800c8f8                _sbrk_r
 .text.__malloc_lock
                0x000000000800c918        0xc /opt/st/stm32cubeide_1.6.1/plugins/com.st.stm32cube.ide.mcu.externaltools.gnu-tools-for-stm32.9-2020-q2-update.linux64_1.5.0.202011040924/tools/bin/../lib/gcc/arm-none-eabi/9.3.1/../../../../arm-none-eabi/lib/thumb/v7e-m+fp/hard/libc_nano.a(lib_a-mlock.o)
                0x000000000800c918                __malloc_lock
 .text.__malloc_unlock
                0x000000000800c924        0xc /opt/st/stm32cubeide_1.6.1/plugins/com.st.stm32cube.ide.mcu.externaltools.gnu-tools-for-stm32.9-2020-q2-update.linux64_1.5.0.202011040924/tools/bin/../lib/gcc/arm-none-eabi/9.3.1/../../../../arm-none-eabi/lib/thumb/v7e-m+fp/hard/libc_nano.a(lib_a-mlock.o)
                0x000000000800c924                __malloc_unlock
 .text._malloc_usable_size_r
                0x000000000800c930       0x10 /opt/st/stm32cubeide_1.6.1/plugins/com.st.stm32cube.ide.mcu.externaltools.gnu-tools-for-stm32.9-2020-q2-update.linux64_1.5.0.202011040924/tools/bin/../lib/gcc/arm-none-eabi/9.3.1/../../../../arm-none-eabi/lib/thumb/v7e-m+fp/hard/libc_nano.a(lib_a-nano-msizer.o)
                0x000000000800c930                _malloc_usable_size_r
 .text.__retarget_lock_acquire_recursive
                0x000000000800c940        0x2 /opt/st/stm32cubeide_1.6.1/plugins/com.st.stm32cube.ide.mcu.externaltools.gnu-tools-for-stm32.9-2020-q2-update.linux64_1.5.0.202011040924/tools/bin/../lib/gcc/arm-none-eabi/9.3.1/../../../../arm-none-eabi/lib/thumb/v7e-m+fp/hard/libc_nano.a(lib_a-lock.o)
                0x000000000800c940                __retarget_lock_acquire_recursive
 .text.__retarget_lock_release_recursive
                0x000000000800c942        0x2 /opt/st/stm32cubeide_1.6.1/plugins/com.st.stm32cube.ide.mcu.externaltools.gnu-tools-for-stm32.9-2020-q2-update.linux64_1.5.0.202011040924/tools/bin/../lib/gcc/arm-none-eabi/9.3.1/../../../../arm-none-eabi/lib/thumb/v7e-m+fp/hard/libc_nano.a(lib_a-lock.o)
                0x000000000800c942                __retarget_lock_release_recursive
 *(.glue_7)
 .glue_7        0x000000000800c944        0x0 linker stubs
 *(.glue_7t)
 .glue_7t       0x000000000800c944        0x0 linker stubs
 *(.eh_frame)
 .eh_frame      0x000000000800c944        0x0 /opt/st/stm32cubeide_1.6.1/plugins/com.st.stm32cube.ide.mcu.externaltools.gnu-tools-for-stm32.9-2020-q2-update.linux64_1.5.0.202011040924/tools/bin/../lib/gcc/arm-none-eabi/9.3.1/thumb/v7e-m+fp/hard/crtbegin.o
 *(.init)
 .init          0x000000000800c944        0x4 /opt/st/stm32cubeide_1.6.1/plugins/com.st.stm32cube.ide.mcu.externaltools.gnu-tools-for-stm32.9-2020-q2-update.linux64_1.5.0.202011040924/tools/bin/../lib/gcc/arm-none-eabi/9.3.1/thumb/v7e-m+fp/hard/crti.o
                0x000000000800c944                _init
 .init          0x000000000800c948        0x8 /opt/st/stm32cubeide_1.6.1/plugins/com.st.stm32cube.ide.mcu.externaltools.gnu-tools-for-stm32.9-2020-q2-update.linux64_1.5.0.202011040924/tools/bin/../lib/gcc/arm-none-eabi/9.3.1/thumb/v7e-m+fp/hard/crtn.o
 *(.fini)
 .fini          0x000000000800c950        0x4 /opt/st/stm32cubeide_1.6.1/plugins/com.st.stm32cube.ide.mcu.externaltools.gnu-tools-for-stm32.9-2020-q2-update.linux64_1.5.0.202011040924/tools/bin/../lib/gcc/arm-none-eabi/9.3.1/thumb/v7e-m+fp/hard/crti.o
                0x000000000800c950                _fini
 .fini          0x000000000800c954        0x8 /opt/st/stm32cubeide_1.6.1/plugins/com.st.stm32cube.ide.mcu.externaltools.gnu-tools-for-stm32.9-2020-q2-update.linux64_1.5.0.202011040924/tools/bin/../lib/gcc/arm-none-eabi/9.3.1/thumb/v7e-m+fp/hard/crtn.o
                0x000000000800c95c                . = ALIGN (0x4)
                0x000000000800c95c                _etext = .

.vfp11_veneer   0x000000000800c95c        0x0
 .vfp11_veneer  0x000000000800c95c        0x0 linker stubs

.v4_bx          0x000000000800c95c        0x0
 .v4_bx         0x000000000800c95c        0x0 linker stubs

.iplt           0x000000000800c95c        0x0
 .iplt          0x000000000800c95c        0x0 /opt/st/stm32cubeide_1.6.1/plugins/com.st.stm32cube.ide.mcu.externaltools.gnu-tools-for-stm32.9-2020-q2-update.linux64_1.5.0.202011040924/tools/bin/../lib/gcc/arm-none-eabi/9.3.1/thumb/v7e-m+fp/hard/crtbegin.o

.rodata         0x000000000800c95c     0x2b24
                0x000000000800c95c                . = ALIGN (0x4)
 *(.rodata)
 .rodata        0x000000000800c95c       0x9a Core/Src/display_task.o
 *fill*         0x000000000800c9f6        0x2 
 .rodata        0x000000000800c9f8       0x2a Core/Src/main.o
 *fill*         0x000000000800ca22        0x2 
 .rodata        0x000000000800ca24       0x1e Core/Src/sd_saver_task.o
 *fill*         0x000000000800ca42        0x2 
 .rodata        0x000000000800ca44       0x44 Middlewares/Third_Party/FatFs/src/ff.o
 .rodata        0x000000000800ca88        0x5 Middlewares/Third_Party/FreeRTOS/Source/tasks.o
 *fill*         0x000000000800ca8d        0x3 
 .rodata        0x000000000800ca90        0xd Middlewares/Third_Party/FreeRTOS/Source/timers.o
 *(.rodata*)
 *fill*         0x000000000800ca9d        0x3 
 .rodata._ZL22defaultTask_attributes
                0x000000000800caa0       0x24 Core/Src/main.o
 .rodata._ZL23display_task_attributes
                0x000000000800cac4       0x24 Core/Src/main.o
 .rodata._ZL24sd_saver_task_attributes
                0x000000000800cae8       0x24 Core/Src/main.o
 .rodata.AHBPrescTable
                0x000000000800cb0c       0x10 Core/Src/system_stm32f4xx.o
                0x000000000800cb0c                AHBPrescTable
 .rodata.APBPrescTable
                0x000000000800cb1c        0x8 Core/Src/system_stm32f4xx.o
                0x000000000800cb1c                APBPrescTable
 .rodata._ZL8Font7x10
                0x000000000800cb24      0x76c Core/st7735/fonts.o
 .rodata._ZL9Font11x18
                0x000000000800d290      0xd5c Core/st7735/fonts.o
 .rodata._ZL9Font16x26
                0x000000000800dfec     0x134c Core/st7735/fonts.o
 .rodata._ZL10init_cmds1
                0x000000000800f338       0x3b Core/st7735/st7735.o
 *fill*         0x000000000800f373        0x1 
 .rodata._ZL10init_cmds2
                0x000000000800f374        0xf Core/st7735/st7735.o
 *fill*         0x000000000800f383        0x1 
 .rodata._ZL10init_cmds3
                0x000000000800f384       0x2b Core/st7735/st7735.o
 *fill*         0x000000000800f3af        0x1 
 .rodata.flagBitshiftOffset.8431
                0x000000000800f3b0        0x8 Drivers/STM32F4xx_HAL_Driver/Src/stm32f4xx_hal_dma.o
 .rodata.SD_Driver
                0x000000000800f3b8       0x14 FATFS/Target/sd_diskio.o
                0x000000000800f3b8                SD_Driver
 .rodata.ExCvt  0x000000000800f3cc       0x80 Middlewares/Third_Party/FatFs/src/ff.o
 .rodata._svfprintf_r.str1.1
                0x000000000800f44c       0x11 /opt/st/stm32cubeide_1.6.1/plugins/com.st.stm32cube.ide.mcu.externaltools.gnu-tools-for-stm32.9-2020-q2-update.linux64_1.5.0.202011040924/tools/bin/../lib/gcc/arm-none-eabi/9.3.1/../../../../arm-none-eabi/lib/thumb/v7e-m+fp/hard/libc_nano.a(lib_a-nano-svfprintf.o)
 .rodata._printf_i.str1.1
                0x000000000800f45d       0x22 /opt/st/stm32cubeide_1.6.1/plugins/com.st.stm32cube.ide.mcu.externaltools.gnu-tools-for-stm32.9-2020-q2-update.linux64_1.5.0.202011040924/tools/bin/../lib/gcc/arm-none-eabi/9.3.1/../../../../arm-none-eabi/lib/thumb/v7e-m+fp/hard/libc_nano.a(lib_a-nano-vfprintf_i.o)
                0x000000000800f480                . = ALIGN (0x4)
 *fill*         0x000000000800f47f        0x1 

.ARM.extab      0x000000000800f480        0x0
                0x000000000800f480                . = ALIGN (0x4)
 *(.ARM.extab* .gnu.linkonce.armextab.*)
                0x000000000800f480                . = ALIGN (0x4)

.ARM            0x000000000800f480        0x8
                0x000000000800f480                . = ALIGN (0x4)
                0x000000000800f480                __exidx_start = .
 *(.ARM.exidx*)
 .ARM.exidx     0x000000000800f480        0x8 /opt/st/stm32cubeide_1.6.1/plugins/com.st.stm32cube.ide.mcu.externaltools.gnu-tools-for-stm32.9-2020-q2-update.linux64_1.5.0.202011040924/tools/bin/../lib/gcc/arm-none-eabi/9.3.1/thumb/v7e-m+fp/hard/libgcc.a(_udivmoddi4.o)
                0x000000000800f488                __exidx_end = .
                0x000000000800f488                . = ALIGN (0x4)

.rel.dyn        0x000000000800f488        0x0
 .rel.iplt      0x000000000800f488        0x0 /opt/st/stm32cubeide_1.6.1/plugins/com.st.stm32cube.ide.mcu.externaltools.gnu-tools-for-stm32.9-2020-q2-update.linux64_1.5.0.202011040924/tools/bin/../lib/gcc/arm-none-eabi/9.3.1/thumb/v7e-m+fp/hard/crtbegin.o

.preinit_array  0x000000000800f488        0x0
                0x000000000800f488                . = ALIGN (0x4)
                0x000000000800f488                PROVIDE (__preinit_array_start = .)
 *(.preinit_array*)
                0x000000000800f488                PROVIDE (__preinit_array_end = .)
                0x000000000800f488                . = ALIGN (0x4)

.init_array     0x000000000800f488        0x4
                0x000000000800f488                . = ALIGN (0x4)
                0x000000000800f488                PROVIDE (__init_array_start = .)
 *(SORT_BY_NAME(.init_array.*))
 *(.init_array*)
 .init_array    0x000000000800f488        0x4 /opt/st/stm32cubeide_1.6.1/plugins/com.st.stm32cube.ide.mcu.externaltools.gnu-tools-for-stm32.9-2020-q2-update.linux64_1.5.0.202011040924/tools/bin/../lib/gcc/arm-none-eabi/9.3.1/thumb/v7e-m+fp/hard/crtbegin.o
                0x000000000800f48c                PROVIDE (__init_array_end = .)
                0x000000000800f48c                . = ALIGN (0x4)

.fini_array     0x000000000800f48c        0x4
                0x000000000800f48c                . = ALIGN (0x4)
                [!provide]                        PROVIDE (__fini_array_start = .)
 *(SORT_BY_NAME(.fini_array.*))
 *(.fini_array*)
 .fini_array    0x000000000800f48c        0x4 /opt/st/stm32cubeide_1.6.1/plugins/com.st.stm32cube.ide.mcu.externaltools.gnu-tools-for-stm32.9-2020-q2-update.linux64_1.5.0.202011040924/tools/bin/../lib/gcc/arm-none-eabi/9.3.1/thumb/v7e-m+fp/hard/crtbegin.o
                [!provide]                        PROVIDE (__fini_array_end = .)
                0x000000000800f490                . = ALIGN (0x4)
                0x000000000800f490                _sidata = LOADADDR (.data)

.data           0x0000000020000000       0x8c load address 0x000000000800f490
                0x0000000020000000                . = ALIGN (0x4)
                0x0000000020000000                _sdata = .
 *(.data)
 *(.data*)
 .data.SystemCoreClock
                0x0000000020000000        0x4 Core/Src/system_stm32f4xx.o
                0x0000000020000000                SystemCoreClock
 .data.Font_7x10
                0x0000000020000004        0x8 Core/st7735/fonts.o
                0x0000000020000004                Font_7x10
 .data.Font_11x18
                0x000000002000000c        0x8 Core/st7735/fonts.o
                0x000000002000000c                Font_11x18
 .data.Font_16x26
                0x0000000020000014        0x8 Core/st7735/fonts.o
                0x0000000020000014                Font_16x26
 .data.uwTickPrio
                0x000000002000001c        0x4 Drivers/STM32F4xx_HAL_Driver/Src/stm32f4xx_hal.o
                0x000000002000001c                uwTickPrio
 .data.uwTickFreq
                0x0000000020000020        0x1 Drivers/STM32F4xx_HAL_Driver/Src/stm32f4xx_hal.o
                0x0000000020000020                uwTickFreq
 .data.Stat     0x0000000020000021        0x1 FATFS/Target/sd_diskio.o
 *fill*         0x0000000020000022        0x2 
 .data.uxCriticalNesting
                0x0000000020000024        0x4 Middlewares/Third_Party/FreeRTOS/Source/portable/GCC/ARM_CM4F/port.o
 .data._impure_ptr
                0x0000000020000028        0x4 /opt/st/stm32cubeide_1.6.1/plugins/com.st.stm32cube.ide.mcu.externaltools.gnu-tools-for-stm32.9-2020-q2-update.linux64_1.5.0.202011040924/tools/bin/../lib/gcc/arm-none-eabi/9.3.1/../../../../arm-none-eabi/lib/thumb/v7e-m+fp/hard/libc_nano.a(lib_a-impure.o)
                0x0000000020000028                _impure_ptr
 .data.impure_data
                0x000000002000002c       0x60 /opt/st/stm32cubeide_1.6.1/plugins/com.st.stm32cube.ide.mcu.externaltools.gnu-tools-for-stm32.9-2020-q2-update.linux64_1.5.0.202011040924/tools/bin/../lib/gcc/arm-none-eabi/9.3.1/../../../../arm-none-eabi/lib/thumb/v7e-m+fp/hard/libc_nano.a(lib_a-impure.o)
 *(.RamFunc)
 *(.RamFunc*)
                0x000000002000008c                . = ALIGN (0x4)
                0x000000002000008c                _edata = .

.igot.plt       0x000000002000008c        0x0 load address 0x000000000800f51c
 .igot.plt      0x000000002000008c        0x0 /opt/st/stm32cubeide_1.6.1/plugins/com.st.stm32cube.ide.mcu.externaltools.gnu-tools-for-stm32.9-2020-q2-update.linux64_1.5.0.202011040924/tools/bin/../lib/gcc/arm-none-eabi/9.3.1/thumb/v7e-m+fp/hard/crtbegin.o
                0x000000002000008c                . = ALIGN (0x4)

.bss            0x000000002000008c     0xace0 load address 0x000000000800f51c
                0x000000002000008c                _sbss = .
                0x000000002000008c                __bss_start__ = _sbss
 *(.bss)
 .bss           0x000000002000008c       0x1c /opt/st/stm32cubeide_1.6.1/plugins/com.st.stm32cube.ide.mcu.externaltools.gnu-tools-for-stm32.9-2020-q2-update.linux64_1.5.0.202011040924/tools/bin/../lib/gcc/arm-none-eabi/9.3.1/thumb/v7e-m+fp/hard/crtbegin.o
 *(.bss*)
 .bss.hsd       0x00000000200000a8       0x84 Core/Src/main.o
                0x00000000200000a8                hsd
 .bss.hdma_sdio_rx
                0x000000002000012c       0x60 Core/Src/main.o
                0x000000002000012c                hdma_sdio_rx
 .bss.hdma_sdio_tx
                0x000000002000018c       0x60 Core/Src/main.o
                0x000000002000018c                hdma_sdio_tx
 .bss.hspi1     0x00000000200001ec       0x58 Core/Src/main.o
                0x00000000200001ec                hspi1
 .bss.defaultTaskHandle
                0x0000000020000244        0x4 Core/Src/main.o
                0x0000000020000244                defaultTaskHandle
 .bss.display_taskHandle
                0x0000000020000248        0x4 Core/Src/main.o
                0x0000000020000248                display_taskHandle
 .bss.display_task_Buffer
                0x000000002000024c     0x2000 Core/Src/main.o
                0x000000002000024c                display_task_Buffer
 .bss.display_task_ControlBlock
                0x000000002000224c       0x5c Core/Src/main.o
                0x000000002000224c                display_task_ControlBlock
 .bss.sd_saver_taskHandle
                0x00000000200022a8        0x4 Core/Src/main.o
                0x00000000200022a8                sd_saver_taskHandle
 .bss.sd_saver_task_Buffer
                0x00000000200022ac     0x2000 Core/Src/main.o
                0x00000000200022ac                sd_saver_task_Buffer
 .bss.sd_saver_task_ControlBlock
                0x00000000200042ac       0x5c Core/Src/main.o
                0x00000000200042ac                sd_saver_task_ControlBlock
 .bss.byteswritten
                0x0000000020004308        0x4 Core/Src/sd_saver_task.o
                0x0000000020004308                byteswritten
 .bss.__sbrk_heap_end
                0x000000002000430c        0x4 Core/Src/sysmem.o
 .bss.SDQueueID
                0x0000000020004310        0x4 FATFS/Target/sd_diskio.o
 .bss.FatFs     0x0000000020004314        0x4 Middlewares/Third_Party/FatFs/src/ff.o
 .bss.Fsid      0x0000000020004318        0x2 Middlewares/Third_Party/FatFs/src/ff.o
 *fill*         0x000000002000431a        0x2 
 .bss.Files     0x000000002000431c       0x20 Middlewares/Third_Party/FatFs/src/ff.o
 .bss.disk      0x000000002000433c        0xc Middlewares/Third_Party/FatFs/src/ff_gen_drv.o
                0x000000002000433c                disk
 .bss.KernelState
                0x0000000020004348        0x4 Middlewares/Third_Party/FreeRTOS/Source/CMSIS_RTOS_V2/cmsis_os2.o
 .bss.Idle_TCB.10229
                0x000000002000434c       0x5c Middlewares/Third_Party/FreeRTOS/Source/CMSIS_RTOS_V2/cmsis_os2.o
 .bss.Idle_Stack.10230
                0x00000000200043a8      0x200 Middlewares/Third_Party/FreeRTOS/Source/CMSIS_RTOS_V2/cmsis_os2.o
 .bss.Timer_TCB.10236
                0x00000000200045a8       0x5c Middlewares/Third_Party/FreeRTOS/Source/CMSIS_RTOS_V2/cmsis_os2.o
 .bss.Timer_Stack.10237
                0x0000000020004604      0x400 Middlewares/Third_Party/FreeRTOS/Source/CMSIS_RTOS_V2/cmsis_os2.o
 .bss.pxCurrentTCB
                0x0000000020004a04        0x4 Middlewares/Third_Party/FreeRTOS/Source/tasks.o
                0x0000000020004a04                pxCurrentTCB
 .bss.pxReadyTasksLists
                0x0000000020004a08      0x460 Middlewares/Third_Party/FreeRTOS/Source/tasks.o
 .bss.xDelayedTaskList1
                0x0000000020004e68       0x14 Middlewares/Third_Party/FreeRTOS/Source/tasks.o
 .bss.xDelayedTaskList2
                0x0000000020004e7c       0x14 Middlewares/Third_Party/FreeRTOS/Source/tasks.o
 .bss.pxDelayedTaskList
                0x0000000020004e90        0x4 Middlewares/Third_Party/FreeRTOS/Source/tasks.o
 .bss.pxOverflowDelayedTaskList
                0x0000000020004e94        0x4 Middlewares/Third_Party/FreeRTOS/Source/tasks.o
 .bss.xPendingReadyList
                0x0000000020004e98       0x14 Middlewares/Third_Party/FreeRTOS/Source/tasks.o
 .bss.xTasksWaitingTermination
                0x0000000020004eac       0x14 Middlewares/Third_Party/FreeRTOS/Source/tasks.o
 .bss.uxDeletedTasksWaitingCleanUp
                0x0000000020004ec0        0x4 Middlewares/Third_Party/FreeRTOS/Source/tasks.o
 .bss.xSuspendedTaskList
                0x0000000020004ec4       0x14 Middlewares/Third_Party/FreeRTOS/Source/tasks.o
 .bss.uxCurrentNumberOfTasks
                0x0000000020004ed8        0x4 Middlewares/Third_Party/FreeRTOS/Source/tasks.o
 .bss.xTickCount
                0x0000000020004edc        0x4 Middlewares/Third_Party/FreeRTOS/Source/tasks.o
 .bss.uxTopReadyPriority
                0x0000000020004ee0        0x4 Middlewares/Third_Party/FreeRTOS/Source/tasks.o
 .bss.xSchedulerRunning
                0x0000000020004ee4        0x4 Middlewares/Third_Party/FreeRTOS/Source/tasks.o
 .bss.xPendedTicks
                0x0000000020004ee8        0x4 Middlewares/Third_Party/FreeRTOS/Source/tasks.o
 .bss.xYieldPending
                0x0000000020004eec        0x4 Middlewares/Third_Party/FreeRTOS/Source/tasks.o
 .bss.xNumOfOverflows
                0x0000000020004ef0        0x4 Middlewares/Third_Party/FreeRTOS/Source/tasks.o
 .bss.uxTaskNumber
                0x0000000020004ef4        0x4 Middlewares/Third_Party/FreeRTOS/Source/tasks.o
 .bss.xNextTaskUnblockTime
                0x0000000020004ef8        0x4 Middlewares/Third_Party/FreeRTOS/Source/tasks.o
 .bss.xIdleTaskHandle
                0x0000000020004efc        0x4 Middlewares/Third_Party/FreeRTOS/Source/tasks.o
 .bss.uxSchedulerSuspended
                0x0000000020004f00        0x4 Middlewares/Third_Party/FreeRTOS/Source/tasks.o
 .bss.xActiveTimerList1
                0x0000000020004f04       0x14 Middlewares/Third_Party/FreeRTOS/Source/timers.o
 .bss.xActiveTimerList2
                0x0000000020004f18       0x14 Middlewares/Third_Party/FreeRTOS/Source/timers.o
 .bss.pxCurrentTimerList
                0x0000000020004f2c        0x4 Middlewares/Third_Party/FreeRTOS/Source/timers.o
 .bss.pxOverflowTimerList
                0x0000000020004f30        0x4 Middlewares/Third_Party/FreeRTOS/Source/timers.o
 .bss.xTimerQueue
                0x0000000020004f34        0x4 Middlewares/Third_Party/FreeRTOS/Source/timers.o
 .bss.xTimerTaskHandle
                0x0000000020004f38        0x4 Middlewares/Third_Party/FreeRTOS/Source/timers.o
 .bss.xLastTime.6925
                0x0000000020004f3c        0x4 Middlewares/Third_Party/FreeRTOS/Source/timers.o
 .bss.ucStaticTimerQueueStorage.6976
                0x0000000020004f40       0xa0 Middlewares/Third_Party/FreeRTOS/Source/timers.o
 .bss.xStaticTimerQueue.6975
                0x0000000020004fe0       0x50 Middlewares/Third_Party/FreeRTOS/Source/timers.o
 .bss.ucMaxSysCallPriority
                0x0000000020005030        0x1 Middlewares/Third_Party/FreeRTOS/Source/portable/GCC/ARM_CM4F/port.o
 *fill*         0x0000000020005031        0x3 
 .bss.ulMaxPRIGROUPValue
                0x0000000020005034        0x4 Middlewares/Third_Party/FreeRTOS/Source/portable/GCC/ARM_CM4F/port.o
 .bss.ucHeap    0x0000000020005038     0x3c00 Middlewares/Third_Party/FreeRTOS/Source/portable/MemMang/heap_4.o
 .bss.xStart    0x0000000020008c38        0x8 Middlewares/Third_Party/FreeRTOS/Source/portable/MemMang/heap_4.o
 .bss.pxEnd     0x0000000020008c40        0x4 Middlewares/Third_Party/FreeRTOS/Source/portable/MemMang/heap_4.o
 .bss.xFreeBytesRemaining
                0x0000000020008c44        0x4 Middlewares/Third_Party/FreeRTOS/Source/portable/MemMang/heap_4.o
 .bss.xMinimumEverFreeBytesRemaining
                0x0000000020008c48        0x4 Middlewares/Third_Party/FreeRTOS/Source/portable/MemMang/heap_4.o
 .bss.xNumberOfSuccessfulAllocations
                0x0000000020008c4c        0x4 Middlewares/Third_Party/FreeRTOS/Source/portable/MemMang/heap_4.o
 .bss.xNumberOfSuccessfulFrees
                0x0000000020008c50        0x4 Middlewares/Third_Party/FreeRTOS/Source/portable/MemMang/heap_4.o
 .bss.xBlockAllocatedBit
                0x0000000020008c54        0x4 Middlewares/Third_Party/FreeRTOS/Source/portable/MemMang/heap_4.o
 .bss.__malloc_free_list
                0x0000000020008c58        0x4 /opt/st/stm32cubeide_1.6.1/plugins/com.st.stm32cube.ide.mcu.externaltools.gnu-tools-for-stm32.9-2020-q2-update.linux64_1.5.0.202011040924/tools/bin/../lib/gcc/arm-none-eabi/9.3.1/../../../../arm-none-eabi/lib/thumb/v7e-m+fp/hard/libc_nano.a(lib_a-nano-mallocr.o)
                0x0000000020008c58                __malloc_free_list
 .bss.__malloc_sbrk_start
                0x0000000020008c5c        0x4 /opt/st/stm32cubeide_1.6.1/plugins/com.st.stm32cube.ide.mcu.externaltools.gnu-tools-for-stm32.9-2020-q2-update.linux64_1.5.0.202011040924/tools/bin/../lib/gcc/arm-none-eabi/9.3.1/../../../../arm-none-eabi/lib/thumb/v7e-m+fp/hard/libc_nano.a(lib_a-nano-mallocr.o)
                0x0000000020008c5c                __malloc_sbrk_start
 *(COMMON)
 COMMON         0x0000000020008c60       0x48 Core/Src/stm32f4xx_hal_timebase_tim.o
                0x0000000020008c60                htim11
 COMMON         0x0000000020008ca8        0x4 Drivers/STM32F4xx_HAL_Driver/Src/stm32f4xx_hal.o
                0x0000000020008ca8                uwTick
 COMMON         0x0000000020008cac     0x2070 FATFS/App/fatfs.o
                0x0000000020008cac                retSD
                0x0000000020008cb0                SDPath
                0x0000000020008cb4                SDFile
                0x0000000020009ce4                SDFatFS
 COMMON         0x000000002000ad1c       0x40 Middlewares/Third_Party/FreeRTOS/Source/queue.o
                0x000000002000ad1c                xQueueRegistry
 COMMON         0x000000002000ad5c        0x4 /opt/st/stm32cubeide_1.6.1/plugins/com.st.stm32cube.ide.mcu.externaltools.gnu-tools-for-stm32.9-2020-q2-update.linux64_1.5.0.202011040924/tools/bin/../lib/gcc/arm-none-eabi/9.3.1/../../../../arm-none-eabi/lib/thumb/v7e-m+fp/hard/libc_nano.a(lib_a-reent.o)
                0x000000002000ad5c                errno
 COMMON         0x000000002000ad60        0x9 /opt/st/stm32cubeide_1.6.1/plugins/com.st.stm32cube.ide.mcu.externaltools.gnu-tools-for-stm32.9-2020-q2-update.linux64_1.5.0.202011040924/tools/bin/../lib/gcc/arm-none-eabi/9.3.1/../../../../arm-none-eabi/lib/thumb/v7e-m+fp/hard/libc_nano.a(lib_a-lock.o)
                0x000000002000ad60                __lock___atexit_recursive_mutex
                0x000000002000ad61                __lock___arc4random_mutex
                0x000000002000ad62                __lock___env_recursive_mutex