Archive member included to satisfy reference by file (symbol)

/opt/st/stm32cubeide_1.6.1/plugins/com.st.stm32cube.ide.mcu.externaltools.gnu-tools-for-stm32.9-2020-q2-update.linux64_1.5.0.202011040924/tools/bin/../lib/gcc/arm-none-eabi/9.3.1/../../../../arm-none-eabi/lib/thumb/v7e-m+fp/hard/libc_nano.a(lib_a-errno.o)
                              Core/Src/syscalls.o (__errno)
/opt/st/stm32cubeide_1.6.1/plugins/com.st.stm32cube.ide.mcu.externaltools.gnu-tools-for-stm32.9-2020-q2-update.linux64_1.5.0.202011040924/tools/bin/../lib/gcc/arm-none-eabi/9.3.1/../../../../arm-none-eabi/lib/thumb/v7e-m+fp/hard/libc_nano.a(lib_a-exit.o)
                              /opt/st/stm32cubeide_1.6.1/plugins/com.st.stm32cube.ide.mcu.externaltools.gnu-tools-for-stm32.9-2020-q2-update.linux64_1.5.0.202011040924/tools/bin/../lib/gcc/arm-none-eabi/9.3.1/../../../../arm-none-eabi/lib/thumb/v7e-m+fp/hard/crt0.o (exit)
/opt/st/stm32cubeide_1.6.1/plugins/com.st.stm32cube.ide.mcu.externaltools.gnu-tools-for-stm32.9-2020-q2-update.linux64_1.5.0.202011040924/tools/bin/../lib/gcc/arm-none-eabi/9.3.1/../../../../arm-none-eabi/lib/thumb/v7e-m+fp/hard/libc_nano.a(lib_a-impure.o)
                              /opt/st/stm32cubeide_1.6.1/plugins/com.st.stm32cube.ide.mcu.externaltools.gnu-tools-for-stm32.9-2020-q2-update.linux64_1.5.0.202011040924/tools/bin/../lib/gcc/arm-none-eabi/9.3.1/../../../../arm-none-eabi/lib/thumb/v7e-m+fp/hard/libc_nano.a(lib_a-exit.o) (_global_impure_ptr)
/opt/st/stm32cubeide_1.6.1/plugins/com.st.stm32cube.ide.mcu.externaltools.gnu-tools-for-stm32.9-2020-q2-update.linux64_1.5.0.202011040924/tools/bin/../lib/gcc/arm-none-eabi/9.3.1/../../../../arm-none-eabi/lib/thumb/v7e-m+fp/hard/libc_nano.a(lib_a-init.o)
                              /opt/st/stm32cubeide_1.6.1/plugins/com.st.stm32cube.ide.mcu.externaltools.gnu-tools-for-stm32.9-2020-q2-update.linux64_1.5.0.202011040924/tools/bin/../lib/gcc/arm-none-eabi/9.3.1/../../../../arm-none-eabi/lib/thumb/v7e-m+fp/hard/crt0.o (__libc_init_array)
/opt/st/stm32cubeide_1.6.1/plugins/com.st.stm32cube.ide.mcu.externaltools.gnu-tools-for-stm32.9-2020-q2-update.linux64_1.5.0.202011040924/tools/bin/../lib/gcc/arm-none-eabi/9.3.1/../../../../arm-none-eabi/lib/thumb/v7e-m+fp/hard/libc_nano.a(lib_a-memcpy-stub.o)
                              Middlewares/Third_Party/FreeRTOS/Source/CMSIS_RTOS_V2/cmsis_os2.o (memcpy)
/opt/st/stm32cubeide_1.6.1/plugins/com.st.stm32cube.ide.mcu.externaltools.gnu-tools-for-stm32.9-2020-q2-update.linux64_1.5.0.202011040924/tools/bin/../lib/gcc/arm-none-eabi/9.3.1/../../../../arm-none-eabi/lib/thumb/v7e-m+fp/hard/libc_nano.a(lib_a-memset.o)
                              /opt/st/stm32cubeide_1.6.1/plugins/com.st.stm32cube.ide.mcu.externaltools.gnu-tools-for-stm32.9-2020-q2-update.linux64_1.5.0.202011040924/tools/bin/../lib/gcc/arm-none-eabi/9.3.1/../../../../arm-none-eabi/lib/thumb/v7e-m+fp/hard/crt0.o (memset)
/opt/st/stm32cubeide_1.6.1/plugins/com.st.stm32cube.ide.mcu.externaltools.gnu-tools-for-stm32.9-2020-q2-update.linux64_1.5.0.202011040924/tools/bin/../lib/gcc/arm-none-eabi/9.3.1/../../../../arm-none-eabi/lib/thumb/v7e-m+fp/hard/libc_nano.a(lib_a-snprintf.o)
                              Core/Src/sd_saver_task.o (snprintf)
/opt/st/stm32cubeide_1.6.1/plugins/com.st.stm32cube.ide.mcu.externaltools.gnu-tools-for-stm32.9-2020-q2-update.linux64_1.5.0.202011040924/tools/bin/../lib/gcc/arm-none-eabi/9.3.1/../../../../arm-none-eabi/lib/thumb/v7e-m+fp/hard/libc_nano.a(lib_a-nano-svfprintf.o)
                              /opt/st/stm32cubeide_1.6.1/plugins/com.st.stm32cube.ide.mcu.externaltools.gnu-tools-for-stm32.9-2020-q2-update.linux64_1.5.0.202011040924/tools/bin/../lib/gcc/arm-none-eabi/9.3.1/../../../../arm-none-eabi/lib/thumb/v7e-m+fp/hard/libc_nano.a(lib_a-snprintf.o) (_svfprintf_r)
/opt/st/stm32cubeide_1.6.1/plugins/com.st.stm32cube.ide.mcu.externaltools.gnu-tools-for-stm32.9-2020-q2-update.linux64_1.5.0.202011040924/tools/bin/../lib/gcc/arm-none-eabi/9.3.1/../../../../arm-none-eabi/lib/thumb/v7e-m+fp/hard/libc_nano.a(lib_a-nano-vfprintf_i.o)
                              /opt/st/stm32cubeide_1.6.1/plugins/com.st.stm32cube.ide.mcu.externaltools.gnu-tools-for-stm32.9-2020-q2-update.linux64_1.5.0.202011040924/tools/bin/../lib/gcc/arm-none-eabi/9.3.1/../../../../arm-none-eabi/lib/thumb/v7e-m+fp/hard/libc_nano.a(lib_a-nano-svfprintf.o) (_printf_i)
/opt/st/stm32cubeide_1.6.1/plugins/com.st.stm32cube.ide.mcu.externaltools.gnu-tools-for-stm32.9-2020-q2-update.linux64_1.5.0.202011040924/tools/bin/../lib/gcc/arm-none-eabi/9.3.1/../../../../arm-none-eabi/lib/thumb/v7e-m+fp/hard/libc_nano.a(lib_a-memchr.o)
                              /opt/st/stm32cubeide_1.6.1/plugins/com.st.stm32cube.ide.mcu.externaltools.gnu-tools-for-stm32.9-2020-q2-update.linux64_1.5.0.202011040924/tools/bin/../lib/gcc/arm-none-eabi/9.3.1/../../../../arm-none-eabi/lib/thumb/v7e-m+fp/hard/libc_nano.a(lib_a-nano-svfprintf.o) (memchr)
[...]
Memory Configuration

Name             Origin             Length             Attributes
RAM              0x0000000020000000 0x0000000000020000 xrw
FLASH            0x0000000008000000 0x0000000000080000 xr
*default*        0x0000000000000000 0xffffffffffffffff

Linker script and memory map

LOAD /opt/st/stm32cubeide_1.6.1/plugins/com.st.stm32cube.ide.mcu.externaltools.gnu-tools-for-stm32.9-2020-q2-update.linux64_1.5.0.202011040924/tools/bin/../lib/gcc/arm-none-eabi/9.3.1/thumb/v7e-m+fp/hard/crti.o
LOAD /opt/st/stm32cubeide_1.6.1/plugins/com.st.stm32cube.ide.mcu.externaltools.gnu-tools-for-stm32.9-2020-q2-update.linux64_1.5.0.202011040924/tools/bin/../lib/gcc/arm-none-eabi/9.3.1/thumb/v7e-m+fp/hard/crtbegin.o
LOAD /opt/st/stm32cubeide_1.6.1/plugins/com.st.stm32cube.ide.mcu.externaltools.gnu-tools-for-stm32.9-2020-q2-update.linux64_1.5.0.202011040924/tools/bin/../lib/gcc/arm-none-eabi/9.3.1/../../../../arm-none-eabi/lib/thumb/v7e-m+fp/hard/crt0.o
LOAD Core/Src/display_task.o
LOAD Core/Src/freertos.o
LOAD Core/Src/main.o
LOAD Core/Src/sd_saver_task.o
LOAD Core/Src/stm32f4xx_hal_msp.o
LOAD Core/Src/stm32f4xx_hal_timebase_tim.o
LOAD Core/Src/stm32f4xx_it.o
LOAD Core/Src/syscalls.o
LOAD Core/Src/sysmem.o
LOAD Core/Src/system_stm32f4xx.o
LOAD Core/Startup/startup_stm32f411ceux.o
LOAD Core/st7735/fonts.o
LOAD Core/st7735/st7735.o
LOAD Drivers/STM32F4xx_HAL_Driver/Src/stm32f4xx_hal.o
LOAD Drivers/STM32F4xx_HAL_Driver/Src/stm32f4xx_hal_cortex.o
LOAD Drivers/STM32F4xx_HAL_Driver/Src/stm32f4xx_hal_dma.o
LOAD Drivers/STM32F4xx_HAL_Driver/Src/stm32f4xx_hal_dma_ex.o
LOAD Drivers/STM32F4xx_HAL_Driver/Src/stm32f4xx_hal_exti.o
LOAD Drivers/STM32F4xx_HAL_Driver/Src/stm32f4xx_hal_flash.o
LOAD Drivers/STM32F4xx_HAL_Driver/Src/stm32f4xx_hal_flash_ex.o
LOAD Drivers/STM32F4xx_HAL_Driver/Src/stm32f4xx_hal_flash_ramfunc.o
LOAD Drivers/STM32F4xx_HAL_Driver/Src/stm32f4xx_hal_gpio.o
LOAD Drivers/STM32F4xx_HAL_Driver/Src/stm32f4xx_hal_pwr.o
LOAD Drivers/STM32F4xx_HAL_Driver/Src/stm32f4xx_hal_pwr_ex.o
LOAD Drivers/STM32F4xx_HAL_Driver/Src/stm32f4xx_hal_rcc.o
LOAD Drivers/STM32F4xx_HAL_Driver/Src/stm32f4xx_hal_rcc_ex.o
LOAD Drivers/STM32F4xx_HAL_Driver/Src/stm32f4xx_hal_sd.o
LOAD Drivers/STM32F4xx_HAL_Driver/Src/stm32f4xx_hal_spi.o
LOAD Drivers/STM32F4xx_HAL_Driver/Src/stm32f4xx_hal_tim.o
LOAD Drivers/STM32F4xx_HAL_Driver/Src/stm32f4xx_hal_tim_ex.o
LOAD Drivers/STM32F4xx_HAL_Driver/Src/stm32f4xx_ll_sdmmc.o
LOAD FATFS/App/fatfs.o
LOAD FATFS/Target/bsp_driver_sd.o
LOAD FATFS/Target/fatfs_platform.o
LOAD FATFS/Target/sd_diskio.o
LOAD Middlewares/Third_Party/FatFs/src/diskio.o
LOAD Middlewares/Third_Party/FatFs/src/ff.o
LOAD Middlewares/Third_Party/FatFs/src/ff_gen_drv.o
LOAD Middlewares/Third_Party/FatFs/src/option/syscall.o
LOAD Middlewares/Third_Party/FreeRTOS/Source/CMSIS_RTOS_V2/cmsis_os2.o
LOAD Middlewares/Third_Party/FreeRTOS/Source/croutine.o
LOAD Middlewares/Third_Party/FreeRTOS/Source/event_groups.o
LOAD Middlewares/Third_Party/FreeRTOS/Source/list.o
LOAD Middlewares/Third_Party/FreeRTOS/Source/queue.o
LOAD Middlewares/Third_Party/FreeRTOS/Source/stream_buffer.o
LOAD Middlewares/Third_Party/FreeRTOS/Source/tasks.o
LOAD Middlewares/Third_Party/FreeRTOS/Source/timers.o
LOAD Middlewares/Third_Party/FreeRTOS/Source/portable/GCC/ARM_CM4F/port.o
LOAD Middlewares/Third_Party/FreeRTOS/Source/portable/MemMang/heap_4.o
START GROUP
LOAD /opt/st/stm32cubeide_1.6.1/plugins/com.st.stm32cube.ide.mcu.externaltools.gnu-tools-for-stm32.9-2020-q2-update.linux64_1.5.0.202011040924/tools/bin/../lib/gcc/arm-none-eabi/9.3.1/../../../../arm-none-eabi/lib/thumb/v7e-m+fp/hard/libstdc++_nano.a
LOAD /opt/st/stm32cubeide_1.6.1/plugins/com.st.stm32cube.ide.mcu.externaltools.gnu-tools-for-stm32.9-2020-q2-update.linux64_1.5.0.202011040924/tools/bin/../lib/gcc/arm-none-eabi/9.3.1/../../../../arm-none-eabi/lib/thumb/v7e-m+fp/hard/libsupc++_nano.a
END GROUP
LOAD /opt/st/stm32cubeide_1.6.1/plugins/com.st.stm32cube.ide.mcu.externaltools.gnu-tools-for-stm32.9-2020-q2-update.linux64_1.5.0.202011040924/tools/bin/../lib/gcc/arm-none-eabi/9.3.1/../../../../arm-none-eabi/lib/thumb/v7e-m+fp/hard/libstdc++_nano.a
LOAD /opt/st/stm32cubeide_1.6.1/plugins/com.st.stm32cube.ide.mcu.externaltools.gnu-tools-for-stm32.9-2020-q2-update.linux64_1.5.0.202011040924/tools/bin/../lib/gcc/arm-none-eabi/9.3.1/../../../../arm-none-eabi/lib/thumb/v7e-m+fp/hard/libm.a
LOAD /opt/st/stm32cubeide_1.6.1/plugins/com.st.stm32cube.ide.mcu.externaltools.gnu-tools-for-stm32.9-2020-q2-update.linux64_1.5.0.202011040924/tools/bin/../lib/gcc/arm-none-eabi/9.3.1/../../../../arm-none-eabi/lib/thumb/v7e-m+fp/hard/libc_nano.a
START GROUP
LOAD /opt/st/stm32cubeide_1.6.1/plugins/com.st.stm32cube.ide.mcu.externaltools.gnu-tools-for-stm32.9-2020-q2-update.linux64_1.5.0.202011040924/tools/bin/../lib/gcc/arm-none-eabi/9.3.1/thumb/v7e-m+fp/hard/libgcc.a
LOAD /opt/st/stm32cubeide_1.6.1/plugins/com.st.stm32cube.ide.mcu.externaltools.gnu-tools-for-stm32.9-2020-q2-update.linux64_1.5.0.202011040924/tools/bin/../lib/gcc/arm-none-eabi/9.3.1/../../../../arm-none-eabi/lib/thumb/v7e-m+fp/hard/libc_nano.a
END GROUP
START GROUP
LOAD /opt/st/stm32cubeide_1.6.1/plugins/com.st.stm32cube.ide.mcu.externaltools.gnu-tools-for-stm32.9-2020-q2-update.linux64_1.5.0.202011040924/tools/bin/../lib/gcc/arm-none-eabi/9.3.1/thumb/v7e-m+fp/hard/libgcc.a
LOAD /opt/st/stm32cubeide_1.6.1/plugins/com.st.stm32cube.ide.mcu.externaltools.gnu-tools-for-stm32.9-2020-q2-update.linux64_1.5.0.202011040924/tools/bin/../lib/gcc/arm-none-eabi/9.3.1/../../../../arm-none-eabi/lib/thumb/v7e-m+fp/hard/libc_nano.a
LOAD /opt/st/stm32cubeide_1.6.1/plugins/com.st.stm32cube.ide.mcu.externaltools.gnu-tools-for-stm32.9-2020-q2-update.linux64_1.5.0.202011040924/tools/bin/../lib/gcc/arm-none-eabi/9.3.1/../../../../arm-none-eabi/lib/thumb/v7e-m+fp/hard/libnosys.a
END GROUP
START GROUP
LOAD /opt/st/stm32cubeide_1.6.1/plugins/com.st.stm32cube.ide.mcu.externaltools.gnu-tools-for-stm32.9-2020-q2-update.linux64_1.5.0.202011040924/tools/bin/../lib/gcc/arm-none-eabi/9.3.1/thumb/v7e-m+fp/hard/libgcc.a
LOAD /opt/st/stm32cubeide_1.6.1/plugins/com.st.stm32cube.ide.mcu.externaltools.gnu-tools-for-stm32.9-2020-q2-update.linux64_1.5.0.202011040924/tools/bin/../lib/gcc/arm-none-eabi/9.3.1/../../../../arm-none-eabi/lib/thumb/v7e-m+fp/hard/libc_nano.a
LOAD /opt/st/stm32cubeide_1.6.1/plugins/com.st.stm32cube.ide.mcu.externaltools.gnu-tools-for-stm32.9-2020-q2-update.linux64_1.5.0.202011040924/tools/bin/../lib/gcc/arm-none-eabi/9.3.1/../../../../arm-none-eabi/lib/thumb/v7e-m+fp/hard/libnosys.a
END GROUP
LOAD /opt/st/stm32cubeide_1.6.1/plugins/com.st.stm32cube.ide.mcu.externaltools.gnu-tools-for-stm32.9-2020-q2-update.linux64_1.5.0.202011040924/tools/bin/../lib/gcc/arm-none-eabi/9.3.1/thumb/v7e-m+fp/hard/crtend.o
LOAD /opt/st/stm32cubeide_1.6.1/plugins/com.st.stm32cube.ide.mcu.externaltools.gnu-tools-for-stm32.9-2020-q2-update.linux64_1.5.0.202011040924/tools/bin/../lib/gcc/arm-none-eabi/9.3.1/thumb/v7e-m+fp/hard/crtn.o
                0x0000000020020000                _estack = (ORIGIN (RAM) + LENGTH (RAM))
                0x0000000000000200                _Min_Heap_Size = 0x200
                0x0000000000000400                _Min_Stack_Size = 0x400

.isr_vector     0x0000000008000000      0x198
                0x0000000008000000                . = ALIGN (0x4)
 *(.isr_vector)
 .isr_vector    0x0000000008000000      0x198 Core/Startup/startup_stm32f411ceux.o
                0x0000000008000000                g_pfnVectors
                0x0000000008000198                . = ALIGN (0x4)

.text           0x00000000080001a0     0xc88c
                0x00000000080001a0                . = ALIGN (0x4)
 *(.text)
 .text          0x00000000080001a0       0x40 /opt/st/stm32cubeide_1.6.1/plugins/com.st.stm32cube.ide.mcu.externaltools.gnu-tools-for-stm32.9-2020-q2-update.linux64_1.5.0.202011040924/tools/bin/../lib/gcc/arm-none-eabi/9.3.1/thumb/v7e-m+fp/hard/crtbegin.o
 .text          0x00000000080001e0       0xa0 /opt/st/stm32cubeide_1.6.1/plugins/com.st.stm32cube.ide.mcu.externaltools.gnu-tools-for-stm32.9-2020-q2-update.linux64_1.5.0.202011040924/tools/bin/../lib/gcc/arm-none-eabi/9.3.1/../../../../arm-none-eabi/lib/thumb/v7e-m+fp/hard/libc_nano.a(lib_a-memchr.o)
                0x00000000080001e0                memchr
 .text          0x0000000008000280       0x30 /opt/st/stm32cubeide_1.6.1/plugins/com.st.stm32cube.ide.mcu.externaltools.gnu-tools-for-stm32.9-2020-q2-update.linux64_1.5.0.202011040924/tools/bin/../lib/gcc/arm-none-eabi/9.3.1/thumb/v7e-m+fp/hard/libgcc.a(_aeabi_uldivmod.o)
                0x0000000008000280                __aeabi_uldivmod
 .text          0x00000000080002b0      0x2c4 /opt/st/stm32cubeide_1.6.1/plugins/com.st.stm32cube.ide.mcu.externaltools.gnu-tools-for-stm32.9-2020-q2-update.linux64_1.5.0.202011040924/tools/bin/../lib/gcc/arm-none-eabi/9.3.1/thumb/v7e-m+fp/hard/libgcc.a(_udivmoddi4.o)
                0x00000000080002b0                __udivmoddi4
 .text          0x0000000008000574        0x4 /opt/st/stm32cubeide_1.6.1/plugins/com.st.stm32cube.ide.mcu.externaltools.gnu-tools-for-stm32.9-2020-q2-update.linux64_1.5.0.202011040924/tools/bin/../lib/gcc/arm-none-eabi/9.3.1/thumb/v7e-m+fp/hard/libgcc.a(_dvmd_tls.o)
                0x0000000008000574                __aeabi_ldiv0
                0x0000000008000574                __aeabi_idiv0
 *(.text*)
 .text._Z18start_display_taskPv
                0x0000000008000578      0x1f8 Core/Src/display_task.o
                0x0000000008000578                start_display_task(void*)
 .text.main     0x0000000008000770       0x84 Core/Src/main.o
                0x0000000008000770                main
 .text._Z18SystemClock_Configv
                0x00000000080007f4       0xe4 Core/Src/main.o
                0x00000000080007f4                SystemClock_Config()
 .text._ZL15MX_SDIO_SD_Initv
                0x00000000080008d8       0x40 Core/Src/main.o
 .text._ZL12MX_SPI1_Initv
                0x0000000008000918       0x78 Core/Src/main.o
 .text._ZL11MX_DMA_Initv
                0x0000000008000990       0x60 Core/Src/main.o
 .text._ZL12MX_GPIO_Initv
                0x00000000080009f0       0xe4 Core/Src/main.o
 .text._Z16StartDefaultTaskPv
                0x0000000008000ad4       0x20 Core/Src/main.o
                0x0000000008000ad4                StartDefaultTask(void*)
 .text.HAL_TIM_PeriodElapsedCallback
                0x0000000008000af4       0x24 Core/Src/main.o
                0x0000000008000af4                HAL_TIM_PeriodElapsedCallback
 .text.Error_Handler
                0x0000000008000b18        0xa Core/Src/main.o
                0x0000000008000b18                Error_Handler
 *fill*         0x0000000008000b22        0x2 
 .text._Z19start_sd_saver_taskPv
                0x0000000008000b24       0x5c Core/Src/sd_saver_task.o
                0x0000000008000b24                start_sd_saver_task(void*)
 .text._Z14initFileSystemv
                0x0000000008000b80       0x6c Core/Src/sd_saver_task.o
                0x0000000008000b80                initFileSystem()
 .text.HAL_MspInit
                0x0000000008000bec       0x58 Core/Src/stm32f4xx_hal_msp.o
                0x0000000008000bec                HAL_MspInit
 .text.HAL_SD_MspInit
                0x0000000008000c44      0x200 Core/Src/stm32f4xx_hal_msp.o
                0x0000000008000c44                HAL_SD_MspInit
 .text.HAL_SPI_MspInit
                0x0000000008000e44      0x10c Core/Src/stm32f4xx_hal_msp.o
                0x0000000008000e44                HAL_SPI_MspInit
 .text.HAL_InitTick
                0x0000000008000f50       0xb0 Core/Src/stm32f4xx_hal_timebase_tim.o
                0x0000000008000f50                HAL_InitTick
 .text.NMI_Handler
                0x0000000008001000        0x6 Core/Src/stm32f4xx_it.o
                0x0000000008001000                NMI_Handler
 .text.HardFault_Handler
                0x0000000008001006        0x6 Core/Src/stm32f4xx_it.o
                0x0000000008001006                HardFault_Handler
 .text.MemManage_Handler
                0x000000000800100c        0x6 Core/Src/stm32f4xx_it.o
                0x000000000800100c                MemManage_Handler
 .text.BusFault_Handler
                0x0000000008001012        0x6 Core/Src/stm32f4xx_it.o
                0x0000000008001012                BusFault_Handler
 .text.UsageFault_Handler
                0x0000000008001018        0x6 Core/Src/stm32f4xx_it.o
                0x0000000008001018                UsageFault_Handler
 .text.DebugMon_Handler
                0x000000000800101e        0xe Core/Src/stm32f4xx_it.o
                0x000000000800101e                DebugMon_Handler
 .text.TIM1_TRG_COM_TIM11_IRQHandler
                0x000000000800102c       0x14 Core/Src/stm32f4xx_it.o
                0x000000000800102c                TIM1_TRG_COM_TIM11_IRQHandler
 .text.SDIO_IRQHandler
                0x0000000008001040       0x14 Core/Src/stm32f4xx_it.o
                0x0000000008001040                SDIO_IRQHandler
 .text.DMA2_Stream2_IRQHandler
                0x0000000008001054       0x14 Core/Src/stm32f4xx_it.o
                0x0000000008001054                DMA2_Stream2_IRQHandler
 .text.DMA2_Stream3_IRQHandler
                0x0000000008001068       0x14 Core/Src/stm32f4xx_it.o
                0x0000000008001068                DMA2_Stream3_IRQHandler
 .text.DMA2_Stream6_IRQHandler
                0x000000000800107c       0x14 Core/Src/stm32f4xx_it.o
                0x000000000800107c                DMA2_Stream6_IRQHandler
 .text._sbrk    0x0000000008001090       0x6c Core/Src/sysmem.o
                0x0000000008001090                _sbrk
 .text.SystemInit
                0x00000000080010fc       0x24 Core/Src/system_stm32f4xx.o
                0x00000000080010fc                SystemInit
 .text.Reset_Handler
                0x0000000008001120       0x50 Core/Startup/startup_stm32f411ceux.o
                0x0000000008001120                Reset_Handler
 .text.Default_Handler
                0x0000000008001170        0x2 Core/Startup/startup_stm32f411ceux.o
                0x0000000008001170                RTC_Alarm_IRQHandler
                0x0000000008001170                EXTI2_IRQHandler
                0x0000000008001170                SPI4_IRQHandler
                0x0000000008001170                TIM1_CC_IRQHandler
                0x0000000008001170                DMA2_Stream5_IRQHandler
                0x0000000008001170                DMA1_Stream5_IRQHandler
                0x0000000008001170                PVD_IRQHandler
                0x0000000008001170                TAMP_STAMP_IRQHandler
                0x0000000008001170                EXTI3_IRQHandler
                0x0000000008001170                TIM1_UP_TIM10_IRQHandler
                0x0000000008001170                I2C3_ER_IRQHandler
                0x0000000008001170                EXTI0_IRQHandler
                0x0000000008001170                I2C2_EV_IRQHandler
                0x0000000008001170                DMA1_Stream2_IRQHandler
                0x0000000008001170                FPU_IRQHandler
                0x0000000008001170                SPI1_IRQHandler
                0x0000000008001170                TIM1_BRK_TIM9_IRQHandler
                0x0000000008001170                USART6_IRQHandler
                0x0000000008001170                DMA2_Stream0_IRQHandler
                0x0000000008001170                TIM4_IRQHandler
                0x0000000008001170                I2C1_EV_IRQHandler
                0x0000000008001170                DMA1_Stream6_IRQHandler
                0x0000000008001170                DMA1_Stream1_IRQHandler
                0x0000000008001170                TIM3_IRQHandler
                0x0000000008001170                RCC_IRQHandler
                0x0000000008001170                Default_Handler
                0x0000000008001170                EXTI15_10_IRQHandler
                0x0000000008001170                ADC_IRQHandler
                0x0000000008001170                DMA1_Stream7_IRQHandler
                0x0000000008001170                SPI5_IRQHandler
                0x0000000008001170                TIM5_IRQHandler
                0x0000000008001170                DMA2_Stream7_IRQHandler
                0x0000000008001170                I2C3_EV_IRQHandler
                0x0000000008001170                EXTI9_5_IRQHandler
                0x0000000008001170                RTC_WKUP_IRQHandler
                0x0000000008001170                SPI2_IRQHandler
                0x0000000008001170                DMA1_Stream0_IRQHandler
                0x0000000008001170                EXTI4_IRQHandler
                0x0000000008001170                WWDG_IRQHandler
                0x0000000008001170                TIM2_IRQHandler
                0x0000000008001170                OTG_FS_WKUP_IRQHandler
                0x0000000008001170                EXTI1_IRQHandler
                0x0000000008001170                USART2_IRQHandler
                0x0000000008001170                I2C2_ER_IRQHandler
                0x0000000008001170                DMA2_Stream1_IRQHandler
                0x0000000008001170                FLASH_IRQHandler
                0x0000000008001170                DMA2_Stream4_IRQHandler
                0x0000000008001170                USART1_IRQHandler
                0x0000000008001170                OTG_FS_IRQHandler
                0x0000000008001170                SPI3_IRQHandler
                0x0000000008001170                DMA1_Stream4_IRQHandler
                0x0000000008001170                I2C1_ER_IRQHandler
                0x0000000008001170                DMA1_Stream3_IRQHandler
 *fill*         0x0000000008001172        0x2 
 .text._ZL13ST7735_Selectv
                0x0000000008001174       0x18 Core/st7735/st7735.o
 .text._Z15ST7735_Unselectv
                0x000000000800118c       0x18 Core/st7735/st7735.o
                0x000000000800118c                ST7735_Unselect()
 .text._ZL12ST7735_Resetv
                0x00000000080011a4       0x28 Core/st7735/st7735.o
 .text._ZL19ST7735_WriteCommandh
                0x00000000080011cc       0x30 Core/st7735/st7735.o
 .text._ZL16ST7735_WriteDataPhj
                0x00000000080011fc       0x34 Core/st7735/st7735.o
 .text._ZL25ST7735_ExecuteCommandListPKh
                0x0000000008001230       0x9a Core/st7735/st7735.o
 .text._ZL23ST7735_SetAddressWindowhhhh
                0x00000000080012ca       0x74 Core/st7735/st7735.o
 *fill*         0x000000000800133e        0x2 
 .text._Z11ST7735_Initv
                0x0000000008001340       0x34 Core/st7735/st7735.o
                0x0000000008001340                ST7735_Init()
 .text._ZL16ST7735_WriteCharttc7FontDeftt
                0x0000000008001374       0xe8 Core/st7735/st7735.o
 .text._Z18ST7735_WriteStringttPKc7FontDeftt
                0x000000000800145c       0x92 Core/st7735/st7735.o
                0x000000000800145c                ST7735_WriteString(unsigned short, unsigned short, char const*, FontDef, unsigned short, unsigned short)
 *fill*         0x00000000080014ee        0x2 
 .text._Z20ST7735_FillRectanglettttt
                0x00000000080014f0       0xe0 Core/st7735/st7735.o
                0x00000000080014f0                ST7735_FillRectangle(unsigned short, unsigned short, unsigned short, unsigned short, unsigned short)
 .text._Z17ST7735_FillScreent
                0x00000000080015d0       0x22 Core/st7735/st7735.o
                0x00000000080015d0                ST7735_FillScreen(unsigned short)
 *fill*         0x00000000080015f2        0x2 
 .text.HAL_Init
                0x00000000080015f4       0x44 Drivers/STM32F4xx_HAL_Driver/Src/stm32f4xx_hal.o
                0x00000000080015f4                HAL_Init
 .text.HAL_IncTick
                0x0000000008001638       0x28 Drivers/STM32F4xx_HAL_Driver/Src/stm32f4xx_hal.o
                0x0000000008001638                HAL_IncTick
 .text.HAL_GetTick
                0x0000000008001660       0x18 Drivers/STM32F4xx_HAL_Driver/Src/stm32f4xx_hal.o
                0x0000000008001660                HAL_GetTick
 .text.HAL_Delay
                0x0000000008001678       0x48 Drivers/STM32F4xx_HAL_Driver/Src/stm32f4xx_hal.o
                0x0000000008001678                HAL_Delay
 .text.__NVIC_SetPriorityGrouping
                0x00000000080016c0       0x48 Drivers/STM32F4xx_HAL_Driver/Src/stm32f4xx_hal_cortex.o
 .text.__NVIC_GetPriorityGrouping
                0x0000000008001708       0x1c Drivers/STM32F4xx_HAL_Driver/Src/stm32f4xx_hal_cortex.o
 .text.__NVIC_EnableIRQ
                0x0000000008001724       0x3c Drivers/STM32F4xx_HAL_Driver/Src/stm32f4xx_hal_cortex.o
 .text.__NVIC_SetPriority
                0x0000000008001760       0x54 Drivers/STM32F4xx_HAL_Driver/Src/stm32f4xx_hal_cortex.o
 .text.NVIC_EncodePriority
                0x00000000080017b4       0x66 Drivers/STM32F4xx_HAL_Driver/Src/stm32f4xx_hal_cortex.o
 .text.HAL_NVIC_SetPriorityGrouping
                0x000000000800181a       0x16 Drivers/STM32F4xx_HAL_Driver/Src/stm32f4xx_hal_cortex.o
                0x000000000800181a                HAL_NVIC_SetPriorityGrouping
 .text.HAL_NVIC_SetPriority
                0x0000000008001830       0x38 Drivers/STM32F4xx_HAL_Driver/Src/stm32f4xx_hal_cortex.o
                0x0000000008001830                HAL_NVIC_SetPriority
 .text.HAL_NVIC_EnableIRQ
                0x0000000008001868       0x1c Drivers/STM32F4xx_HAL_Driver/Src/stm32f4xx_hal_cortex.o
                0x0000000008001868                HAL_NVIC_EnableIRQ
 .text.HAL_DMA_Init
                0x0000000008001884      0x15c Drivers/STM32F4xx_HAL_Driver/Src/stm32f4xx_hal_dma.o
                0x0000000008001884                HAL_DMA_Init
 .text.HAL_DMA_Start_IT
                0x00000000080019e0       0xb0 Drivers/STM32F4xx_HAL_Driver/Src/stm32f4xx_hal_dma.o
                0x00000000080019e0                HAL_DMA_Start_IT
 .text.HAL_DMA_Abort_IT
                0x0000000008001a90       0x44 Drivers/STM32F4xx_HAL_Driver/Src/stm32f4xx_hal_dma.o
                0x0000000008001a90                HAL_DMA_Abort_IT
 .text.HAL_DMA_IRQHandler
                0x0000000008001ad4      0x314 Drivers/STM32F4xx_HAL_Driver/Src/stm32f4xx_hal_dma.o
                0x0000000008001ad4                HAL_DMA_IRQHandler
 .text.HAL_DMA_GetError
                0x0000000008001de8       0x18 Drivers/STM32F4xx_HAL_Driver/Src/stm32f4xx_hal_dma.o
                0x0000000008001de8                HAL_DMA_GetError
 .text.DMA_SetConfig
                0x0000000008001e00       0x5c Drivers/STM32F4xx_HAL_Driver/Src/stm32f4xx_hal_dma.o
 .text.DMA_CalcBaseAndBitshift
                0x0000000008001e5c       0x6c Drivers/STM32F4xx_HAL_Driver/Src/stm32f4xx_hal_dma.o
 .text.DMA_CheckFifoParam
                0x0000000008001ec8       0xf8 Drivers/STM32F4xx_HAL_Driver/Src/stm32f4xx_hal_dma.o
 .text.HAL_GPIO_Init
                0x0000000008001fc0      0x308 Drivers/STM32F4xx_HAL_Driver/Src/stm32f4xx_hal_gpio.o
                0x0000000008001fc0                HAL_GPIO_Init
 .text.HAL_GPIO_ReadPin
                0x00000000080022c8       0x30 Drivers/STM32F4xx_HAL_Driver/Src/stm32f4xx_hal_gpio.o
                0x00000000080022c8                HAL_GPIO_ReadPin
 .text.HAL_GPIO_WritePin
                0x00000000080022f8       0x32 Drivers/STM32F4xx_HAL_Driver/Src/stm32f4xx_hal_gpio.o
                0x00000000080022f8                HAL_GPIO_WritePin
 .text.HAL_GPIO_TogglePin
                0x000000000800232a       0x34 Drivers/STM32F4xx_HAL_Driver/Src/stm32f4xx_hal_gpio.o
                0x000000000800232a                HAL_GPIO_TogglePin
 *fill*         0x000000000800235e        0x2 
 .text.HAL_RCC_OscConfig
                0x0000000008002360      0x4f0 Drivers/STM32F4xx_HAL_Driver/Src/stm32f4xx_hal_rcc.o
                0x0000000008002360                HAL_RCC_OscConfig
 .text.HAL_RCC_ClockConfig
                0x0000000008002850      0x1cc Drivers/STM32F4xx_HAL_Driver/Src/stm32f4xx_hal_rcc.o
                0x0000000008002850                HAL_RCC_ClockConfig
 .text.HAL_RCC_GetSysClockFreq
                0x0000000008002a1c      0x1c0 Drivers/STM32F4xx_HAL_Driver/Src/stm32f4xx_hal_rcc.o
                0x0000000008002a1c                HAL_RCC_GetSysClockFreq
 .text.HAL_RCC_GetHCLKFreq
                0x0000000008002bdc       0x18 Drivers/STM32F4xx_HAL_Driver/Src/stm32f4xx_hal_rcc.o
                0x0000000008002bdc                HAL_RCC_GetHCLKFreq
 .text.HAL_RCC_GetPCLK2Freq
                0x0000000008002bf4       0x28 Drivers/STM32F4xx_HAL_Driver/Src/stm32f4xx_hal_rcc.o
                0x0000000008002bf4                HAL_RCC_GetPCLK2Freq
 .text.HAL_RCC_GetClockConfig
                0x0000000008002c1c       0x64 Drivers/STM32F4xx_HAL_Driver/Src/stm32f4xx_hal_rcc.o
                0x0000000008002c1c                HAL_RCC_GetClockConfig
 .text.HAL_SD_Init
                0x0000000008002c80       0x60 Drivers/STM32F4xx_HAL_Driver/Src/stm32f4xx_hal_sd.o
                0x0000000008002c80                HAL_SD_Init
 .text.HAL_SD_InitCard
                0x0000000008002ce0       0xfc Drivers/STM32F4xx_HAL_Driver/Src/stm32f4xx_hal_sd.o
                0x0000000008002ce0                HAL_SD_InitCard
 .text.HAL_SD_ReadBlocks_DMA
                0x0000000008002ddc      0x1c4 Drivers/STM32F4xx_HAL_Driver/Src/stm32f4xx_hal_sd.o
                0x0000000008002ddc                HAL_SD_ReadBlocks_DMA
 .text.HAL_SD_WriteBlocks_DMA
                0x0000000008002fa0      0x1cc Drivers/STM32F4xx_HAL_Driver/Src/stm32f4xx_hal_sd.o
                0x0000000008002fa0                HAL_SD_WriteBlocks_DMA
 .text.HAL_SD_IRQHandler
                0x000000000800316c      0x30c Drivers/STM32F4xx_HAL_Driver/Src/stm32f4xx_hal_sd.o
                0x000000000800316c                HAL_SD_IRQHandler
 .text.HAL_SD_ErrorCallback
                0x0000000008003478       0x14 Drivers/STM32F4xx_HAL_Driver/Src/stm32f4xx_hal_sd.o
                0x0000000008003478                HAL_SD_ErrorCallback
 .text.HAL_SD_GetCardCSD
                0x000000000800348c      0x348 Drivers/STM32F4xx_HAL_Driver/Src/stm32f4xx_hal_sd.o
                0x000000000800348c                HAL_SD_GetCardCSD
 .text.HAL_SD_GetCardInfo
                0x00000000080037d4       0x58 Drivers/STM32F4xx_HAL_Driver/Src/stm32f4xx_hal_sd.o
                0x00000000080037d4                HAL_SD_GetCardInfo
 .text.HAL_SD_ConfigWideBusOperation
                0x000000000800382c      0x134 Drivers/STM32F4xx_HAL_Driver/Src/stm32f4xx_hal_sd.o
                0x000000000800382c                HAL_SD_ConfigWideBusOperation
 .text.HAL_SD_GetCardState
                0x0000000008003960       0x40 Drivers/STM32F4xx_HAL_Driver/Src/stm32f4xx_hal_sd.o
                0x0000000008003960                HAL_SD_GetCardState
 .text.SD_DMATransmitCplt
                0x00000000080039a0       0x2a Drivers/STM32F4xx_HAL_Driver/Src/stm32f4xx_hal_sd.o
 .text.SD_DMAReceiveCplt
                0x00000000080039ca       0x70 Drivers/STM32F4xx_HAL_Driver/Src/stm32f4xx_hal_sd.o
 *fill*         0x0000000008003a3a        0x2 
 .text.SD_DMAError
                0x0000000008003a3c       0xa4 Drivers/STM32F4xx_HAL_Driver/Src/stm32f4xx_hal_sd.o
 .text.SD_DMATxAbort
                0x0000000008003ae0       0x6e Drivers/STM32F4xx_HAL_Driver/Src/stm32f4xx_hal_sd.o
 .text.SD_DMARxAbort
                0x0000000008003b4e       0x6e Drivers/STM32F4xx_HAL_Driver/Src/stm32f4xx_hal_sd.o
 .text.SD_InitCard
                0x0000000008003bbc      0x198 Drivers/STM32F4xx_HAL_Driver/Src/stm32f4xx_hal_sd.o
 .text.SD_PowerON
                0x0000000008003d54      0x11c Drivers/STM32F4xx_HAL_Driver/Src/stm32f4xx_hal_sd.o
 .text.SD_SendStatus
                0x0000000008003e70       0x50 Drivers/STM32F4xx_HAL_Driver/Src/stm32f4xx_hal_sd.o
 .text.SD_WideBus_Enable
                0x0000000008003ec0       0x96 Drivers/STM32F4xx_HAL_Driver/Src/stm32f4xx_hal_sd.o
 .text.SD_WideBus_Disable
                0x0000000008003f56       0x96 Drivers/STM32F4xx_HAL_Driver/Src/stm32f4xx_hal_sd.o
 .text.SD_FindSCR
                0x0000000008003fec      0x1a6 Drivers/STM32F4xx_HAL_Driver/Src/stm32f4xx_hal_sd.o
 .text.SD_Read_IT
                0x0000000008004192       0xa2 Drivers/STM32F4xx_HAL_Driver/Src/stm32f4xx_hal_sd.o
 .text.SD_Write_IT
                0x0000000008004234       0xaa Drivers/STM32F4xx_HAL_Driver/Src/stm32f4xx_hal_sd.o
 .text.HAL_SPI_Init
                0x00000000080042de      0x112 Drivers/STM32F4xx_HAL_Driver/Src/stm32f4xx_hal_spi.o
                0x00000000080042de                HAL_SPI_Init
 .text.HAL_SPI_Transmit_DMA
                0x00000000080043f0      0x16c Drivers/STM32F4xx_HAL_Driver/Src/stm32f4xx_hal_spi.o
                0x00000000080043f0                HAL_SPI_Transmit_DMA
 .text.HAL_SPI_TxCpltCallback
                0x000000000800455c       0x14 Drivers/STM32F4xx_HAL_Driver/Src/stm32f4xx_hal_spi.o
                0x000000000800455c                HAL_SPI_TxCpltCallback
 .text.HAL_SPI_TxHalfCpltCallback
                0x0000000008004570       0x14 Drivers/STM32F4xx_HAL_Driver/Src/stm32f4xx_hal_spi.o
                0x0000000008004570                HAL_SPI_TxHalfCpltCallback
 .text.HAL_SPI_ErrorCallback
                0x0000000008004584       0x14 Drivers/STM32F4xx_HAL_Driver/Src/stm32f4xx_hal_spi.o
                0x0000000008004584                HAL_SPI_ErrorCallback
 .text.SPI_DMATransmitCplt
                0x0000000008004598       0xa8 Drivers/STM32F4xx_HAL_Driver/Src/stm32f4xx_hal_spi.o
 .text.SPI_DMAHalfTransmitCplt
                0x0000000008004640       0x1c Drivers/STM32F4xx_HAL_Driver/Src/stm32f4xx_hal_spi.o
 .text.SPI_DMAError
                0x000000000800465c       0x40 Drivers/STM32F4xx_HAL_Driver/Src/stm32f4xx_hal_spi.o
 .text.SPI_WaitFlagStateUntilTimeout
                0x000000000800469c      0x110 Drivers/STM32F4xx_HAL_Driver/Src/stm32f4xx_hal_spi.o
 .text.SPI_EndRxTxTransaction
                0x00000000080047ac       0x84 Drivers/STM32F4xx_HAL_Driver/Src/stm32f4xx_hal_spi.o
 .text.HAL_TIM_Base_Init
                0x0000000008004830       0x9e Drivers/STM32F4xx_HAL_Driver/Src/stm32f4xx_hal_tim.o
                0x0000000008004830                HAL_TIM_Base_Init
 .text.HAL_TIM_Base_MspInit
                0x00000000080048ce       0x14 Drivers/STM32F4xx_HAL_Driver/Src/stm32f4xx_hal_tim.o
                0x00000000080048ce                HAL_TIM_Base_MspInit
 *fill*         0x00000000080048e2        0x2 
 .text.HAL_TIM_Base_Start_IT
                0x00000000080048e4       0xc4 Drivers/STM32F4xx_HAL_Driver/Src/stm32f4xx_hal_tim.o
                0x00000000080048e4                HAL_TIM_Base_Start_IT
 .text.HAL_TIM_IRQHandler
                0x00000000080049a8      0x210 Drivers/STM32F4xx_HAL_Driver/Src/stm32f4xx_hal_tim.o
                0x00000000080049a8                HAL_TIM_IRQHandler
 .text.HAL_TIM_OC_DelayElapsedCallback
                0x0000000008004bb8       0x14 Drivers/STM32F4xx_HAL_Driver/Src/stm32f4xx_hal_tim.o
                0x0000000008004bb8                HAL_TIM_OC_DelayElapsedCallback
 .text.HAL_TIM_IC_CaptureCallback
                0x0000000008004bcc       0x14 Drivers/STM32F4xx_HAL_Driver/Src/stm32f4xx_hal_tim.o
                0x0000000008004bcc                HAL_TIM_IC_CaptureCallback
 .text.HAL_TIM_PWM_PulseFinishedCallback
                0x0000000008004be0       0x14 Drivers/STM32F4xx_HAL_Driver/Src/stm32f4xx_hal_tim.o
                0x0000000008004be0                HAL_TIM_PWM_PulseFinishedCallback
 .text.HAL_TIM_TriggerCallback
                0x0000000008004bf4       0x14 Drivers/STM32F4xx_HAL_Driver/Src/stm32f4xx_hal_tim.o
                0x0000000008004bf4                HAL_TIM_TriggerCallback
 .text.TIM_Base_SetConfig
                0x0000000008004c08      0x100 Drivers/STM32F4xx_HAL_Driver/Src/stm32f4xx_hal_tim.o
                0x0000000008004c08                TIM_Base_SetConfig
 .text.HAL_TIMEx_CommutCallback
                0x0000000008004d08       0x14 Drivers/STM32F4xx_HAL_Driver/Src/stm32f4xx_hal_tim_ex.o
                0x0000000008004d08                HAL_TIMEx_CommutCallback
 .text.HAL_TIMEx_BreakCallback
                0x0000000008004d1c       0x14 Drivers/STM32F4xx_HAL_Driver/Src/stm32f4xx_hal_tim_ex.o
                0x0000000008004d1c                HAL_TIMEx_BreakCallback
 .text.SDIO_Init
                0x0000000008004d30       0x56 Drivers/STM32F4xx_HAL_Driver/Src/stm32f4xx_ll_sdmmc.o
                0x0000000008004d30                SDIO_Init
 .text.SDIO_ReadFIFO
                0x0000000008004d86       0x1a Drivers/STM32F4xx_HAL_Driver/Src/stm32f4xx_ll_sdmmc.o
                0x0000000008004d86                SDIO_ReadFIFO
 .text.SDIO_WriteFIFO
                0x0000000008004da0       0x22 Drivers/STM32F4xx_HAL_Driver/Src/stm32f4xx_ll_sdmmc.o
                0x0000000008004da0                SDIO_WriteFIFO
 .text.SDIO_PowerState_ON
                0x0000000008004dc2       0x1e Drivers/STM32F4xx_HAL_Driver/Src/stm32f4xx_ll_sdmmc.o
                0x0000000008004dc2                SDIO_PowerState_ON
 .text.SDIO_GetPowerState
                0x0000000008004de0       0x1c Drivers/STM32F4xx_HAL_Driver/Src/stm32f4xx_ll_sdmmc.o
                0x0000000008004de0                SDIO_GetPowerState
 .text.SDIO_SendCommand
                0x0000000008004dfc       0x54 Drivers/STM32F4xx_HAL_Driver/Src/stm32f4xx_ll_sdmmc.o
                0x0000000008004dfc                SDIO_SendCommand
 .text.SDIO_GetCommandResponse
                0x0000000008004e50       0x1a Drivers/STM32F4xx_HAL_Driver/Src/stm32f4xx_ll_sdmmc.o
                0x0000000008004e50                SDIO_GetCommandResponse
 .text.SDIO_GetResponse
                0x0000000008004e6a       0x26 Drivers/STM32F4xx_HAL_Driver/Src/stm32f4xx_ll_sdmmc.o
                0x0000000008004e6a                SDIO_GetResponse
 .text.SDIO_ConfigData
                0x0000000008004e90       0x58 Drivers/STM32F4xx_HAL_Driver/Src/stm32f4xx_ll_sdmmc.o
                0x0000000008004e90                SDIO_ConfigData
 .text.SDMMC_CmdBlockLength
                0x0000000008004ee8       0x44 Drivers/STM32F4xx_HAL_Driver/Src/stm32f4xx_ll_sdmmc.o
                0x0000000008004ee8                SDMMC_CmdBlockLength
 .text.SDMMC_CmdReadSingleBlock
                0x0000000008004f2c       0x44 Drivers/STM32F4xx_HAL_Driver/Src/stm32f4xx_ll_sdmmc.o
                0x0000000008004f2c                SDMMC_CmdReadSingleBlock
 .text.SDMMC_CmdReadMultiBlock
                0x0000000008004f70       0x44 Drivers/STM32F4xx_HAL_Driver/Src/stm32f4xx_ll_sdmmc.o
                0x0000000008004f70                SDMMC_CmdReadMultiBlock
 .text.SDMMC_CmdWriteSingleBlock
                0x0000000008004fb4       0x44 Drivers/STM32F4xx_HAL_Driver/Src/stm32f4xx_ll_sdmmc.o
                0x0000000008004fb4                SDMMC_CmdWriteSingleBlock
 .text.SDMMC_CmdWriteMultiBlock
                0x0000000008004ff8       0x44 Drivers/STM32F4xx_HAL_Driver/Src/stm32f4xx_ll_sdmmc.o
                0x0000000008004ff8                SDMMC_CmdWriteMultiBlock
 .text.SDMMC_CmdStopTransfer
                0x000000000800503c       0x44 Drivers/STM32F4xx_HAL_Driver/Src/stm32f4xx_ll_sdmmc.o
                0x000000000800503c                SDMMC_CmdStopTransfer
 .text.SDMMC_CmdSelDesel
                0x0000000008005080       0x46 Drivers/STM32F4xx_HAL_Driver/Src/stm32f4xx_ll_sdmmc.o
                0x0000000008005080                SDMMC_CmdSelDesel
 .text.SDMMC_CmdGoIdleState
                0x00000000080050c6       0x3c Drivers/STM32F4xx_HAL_Driver/Src/stm32f4xx_ll_sdmmc.o
                0x00000000080050c6                SDMMC_CmdGoIdleState
 .text.SDMMC_CmdOperCond
                0x0000000008005102       0x3e Drivers/STM32F4xx_HAL_Driver/Src/stm32f4xx_ll_sdmmc.o
                0x0000000008005102                SDMMC_CmdOperCond
 .text.SDMMC_CmdAppCommand
                0x0000000008005140       0x44 Drivers/STM32F4xx_HAL_Driver/Src/stm32f4xx_ll_sdmmc.o
                0x0000000008005140                SDMMC_CmdAppCommand
 .text.SDMMC_CmdAppOperCommand
                0x0000000008005184       0x46 Drivers/STM32F4xx_HAL_Driver/Src/stm32f4xx_ll_sdmmc.o
                0x0000000008005184                SDMMC_CmdAppOperCommand
 .text.SDMMC_CmdBusWidth
                0x00000000080051ca       0x44 Drivers/STM32F4xx_HAL_Driver/Src/stm32f4xx_ll_sdmmc.o
                0x00000000080051ca                SDMMC_CmdBusWidth
 .text.SDMMC_CmdSendSCR
                0x000000000800520e       0x42 Drivers/STM32F4xx_HAL_Driver/Src/stm32f4xx_ll_sdmmc.o
                0x000000000800520e                SDMMC_CmdSendSCR
 .text.SDMMC_CmdSendCID
                0x0000000008005250       0x3c Drivers/STM32F4xx_HAL_Driver/Src/stm32f4xx_ll_sdmmc.o
                0x0000000008005250                SDMMC_CmdSendCID
 .text.SDMMC_CmdSendCSD
                0x000000000800528c       0x3e Drivers/STM32F4xx_HAL_Driver/Src/stm32f4xx_ll_sdmmc.o
                0x000000000800528c                SDMMC_CmdSendCSD
 .text.SDMMC_CmdSetRelAdd
                0x00000000080052ca       0x42 Drivers/STM32F4xx_HAL_Driver/Src/stm32f4xx_ll_sdmmc.o
                0x00000000080052ca                SDMMC_CmdSetRelAdd
 .text.SDMMC_CmdSendStatus
                0x000000000800530c       0x44 Drivers/STM32F4xx_HAL_Driver/Src/stm32f4xx_ll_sdmmc.o
                0x000000000800530c                SDMMC_CmdSendStatus
 .text.SDMMC_GetCmdError
                0x0000000008005350       0x58 Drivers/STM32F4xx_HAL_Driver/Src/stm32f4xx_ll_sdmmc.o
 .text.SDMMC_GetCmdResp1
                0x00000000080053a8      0x1dc Drivers/STM32F4xx_HAL_Driver/Src/stm32f4xx_ll_sdmmc.o
 .text.SDMMC_GetCmdResp2
                0x0000000008005584       0x90 Drivers/STM32F4xx_HAL_Driver/Src/stm32f4xx_ll_sdmmc.o
 .text.SDMMC_GetCmdResp3
                0x0000000008005614       0x7c Drivers/STM32F4xx_HAL_Driver/Src/stm32f4xx_ll_sdmmc.o
 .text.SDMMC_GetCmdResp6
                0x0000000008005690       0xec Drivers/STM32F4xx_HAL_Driver/Src/stm32f4xx_ll_sdmmc.o
 .text.SDMMC_GetCmdResp7
                0x000000000800577c       0x9c Drivers/STM32F4xx_HAL_Driver/Src/stm32f4xx_ll_sdmmc.o
 .text.MX_FATFS_Init
                0x0000000008005818       0x24 FATFS/App/fatfs.o
                0x0000000008005818                MX_FATFS_Init
 .text.get_fattime
                0x000000000800583c       0x10 FATFS/App/fatfs.o
                0x000000000800583c                get_fattime
 .text.BSP_SD_Init
                0x000000000800584c       0x4c FATFS/Target/bsp_driver_sd.o
                0x000000000800584c                BSP_SD_Init
 .text.BSP_SD_ReadBlocks_DMA
                0x0000000008005898       0x34 FATFS/Target/bsp_driver_sd.o
                0x0000000008005898                BSP_SD_ReadBlocks_DMA
 .text.BSP_SD_WriteBlocks_DMA
                0x00000000080058cc       0x34 FATFS/Target/bsp_driver_sd.o
                0x00000000080058cc                BSP_SD_WriteBlocks_DMA
 .text.BSP_SD_GetCardState
                0x0000000008005900       0x20 FATFS/Target/bsp_driver_sd.o
                0x0000000008005900                BSP_SD_GetCardState
 .text.BSP_SD_GetCardInfo
                0x0000000008005920       0x1c FATFS/Target/bsp_driver_sd.o
                0x0000000008005920                BSP_SD_GetCardInfo
 .text.HAL_SD_AbortCallback
                0x000000000800593c       0x14 FATFS/Target/bsp_driver_sd.o
                0x000000000800593c                HAL_SD_AbortCallback
 .text.HAL_SD_TxCpltCallback
                0x0000000008005950       0x14 FATFS/Target/bsp_driver_sd.o
                0x0000000008005950                HAL_SD_TxCpltCallback
 .text.HAL_SD_RxCpltCallback
                0x0000000008005964       0x14 FATFS/Target/bsp_driver_sd.o
                0x0000000008005964                HAL_SD_RxCpltCallback
 .text.BSP_SD_AbortCallback
                0x0000000008005978        0xe FATFS/Target/bsp_driver_sd.o
                0x0000000008005978                BSP_SD_AbortCallback
 .text.BSP_SD_IsDetected
                0x0000000008005986       0x24 FATFS/Target/bsp_driver_sd.o
                0x0000000008005986                BSP_SD_IsDetected
 *fill*         0x00000000080059aa        0x2 
 .text.BSP_PlatformIsDetected
                0x00000000080059ac       0x2c FATFS/Target/fatfs_platform.o
                0x00000000080059ac                BSP_PlatformIsDetected
 .text.SD_CheckStatusWithTimeout
                0x00000000080059d8       0x3a FATFS/Target/sd_diskio.o
 *fill*         0x0000000008005a12        0x2 
 .text.SD_CheckStatus
                0x0000000008005a14       0x3c FATFS/Target/sd_diskio.o
 .text.SD_initialize
                0x0000000008005a50       0x84 FATFS/Target/sd_diskio.o
                0x0000000008005a50                SD_initialize
 .text.SD_status
                0x0000000008005ad4       0x1c FATFS/Target/sd_diskio.o
                0x0000000008005ad4                SD_status
 .text.SD_read  0x0000000008005af0       0x94 FATFS/Target/sd_diskio.o
                0x0000000008005af0                SD_read
 .text.SD_write
                0x0000000008005b84       0x90 FATFS/Target/sd_diskio.o
                0x0000000008005b84                SD_write
 .text.SD_ioctl
                0x0000000008005c14       0xb0 FATFS/Target/sd_diskio.o
                0x0000000008005c14                SD_ioctl
 .text.BSP_SD_WriteCpltCallback
                0x0000000008005cc4       0x24 FATFS/Target/sd_diskio.o
                0x0000000008005cc4                BSP_SD_WriteCpltCallback
 .text.BSP_SD_ReadCpltCallback
                0x0000000008005ce8       0x24 FATFS/Target/sd_diskio.o
                0x0000000008005ce8                BSP_SD_ReadCpltCallback
 .text.disk_status
                0x0000000008005d0c       0x34 Middlewares/Third_Party/FatFs/src/diskio.o
                0x0000000008005d0c                disk_status
 .text.disk_initialize
                0x0000000008005d40       0x4c Middlewares/Third_Party/FatFs/src/diskio.o
                0x0000000008005d40                disk_initialize
 .text.disk_read
                0x0000000008005d8c       0x40 Middlewares/Third_Party/FatFs/src/diskio.o
                0x0000000008005d8c                disk_read
 .text.disk_write
                0x0000000008005dcc       0x40 Middlewares/Third_Party/FatFs/src/diskio.o
                0x0000000008005dcc                disk_write
 .text.disk_ioctl
                0x0000000008005e0c       0x3c Middlewares/Third_Party/FatFs/src/diskio.o
                0x0000000008005e0c                disk_ioctl
 .text.ld_word  0x0000000008005e48       0x30 Middlewares/Third_Party/FatFs/src/ff.o
 .text.ld_dword
                0x0000000008005e78       0x46 Middlewares/Third_Party/FatFs/src/ff.o
 .text.st_word  0x0000000008005ebe       0x36 Middlewares/Third_Party/FatFs/src/ff.o
 .text.st_dword
                0x0000000008005ef4       0x58 Middlewares/Third_Party/FatFs/src/ff.o
 .text.mem_cpy  0x0000000008005f4c       0x42 Middlewares/Third_Party/FatFs/src/ff.o
 .text.mem_set  0x0000000008005f8e       0x36 Middlewares/Third_Party/FatFs/src/ff.o
 .text.mem_cmp  0x0000000008005fc4       0x4e Middlewares/Third_Party/FatFs/src/ff.o
 .text.chk_chr  0x0000000008006012       0x36 Middlewares/Third_Party/FatFs/src/ff.o
 .text.lock_fs  0x0000000008006048       0x2c Middlewares/Third_Party/FatFs/src/ff.o
 .text.unlock_fs
                0x0000000008006074       0x36 Middlewares/Third_Party/FatFs/src/ff.o
 *fill*         0x00000000080060aa        0x2 
 .text.chk_lock
                0x00000000080060ac       0xb8 Middlewares/Third_Party/FatFs/src/ff.o
 .text.enq_lock
                0x0000000008006164       0x44 Middlewares/Third_Party/FatFs/src/ff.o
 .text.inc_lock
                0x00000000080061a8      0x11c Middlewares/Third_Party/FatFs/src/ff.o
 .text.clear_lock
                0x00000000080062c4       0x48 Middlewares/Third_Party/FatFs/src/ff.o
 .text.sync_window
                0x000000000800630c       0x88 Middlewares/Third_Party/FatFs/src/ff.o
 .text.move_window
                0x0000000008006394       0x5a Middlewares/Third_Party/FatFs/src/ff.o
 *fill*         0x00000000080063ee        0x2 
 .text.sync_fs  0x00000000080063f0       0xe0 Middlewares/Third_Party/FatFs/src/ff.o
 .text.clust2sect
                0x00000000080064d0       0x3e Middlewares/Third_Party/FatFs/src/ff.o
 .text.get_fat  0x000000000800650e      0x1a8 Middlewares/Third_Party/FatFs/src/ff.o
 .text.put_fat  0x00000000080066b6      0x238 Middlewares/Third_Party/FatFs/src/ff.o
 .text.remove_chain
                0x00000000080068ee       0xca Middlewares/Third_Party/FatFs/src/ff.o
 .text.create_chain
                0x00000000080069b8      0x130 Middlewares/Third_Party/FatFs/src/ff.o
 .text.clmt_clust
                0x0000000008006ae8       0x70 Middlewares/Third_Party/FatFs/src/ff.o
 .text.dir_sdi  0x0000000008006b58      0x112 Middlewares/Third_Party/FatFs/src/ff.o
 .text.dir_next
                0x0000000008006c6a      0x1ac Middlewares/Third_Party/FatFs/src/ff.o
 .text.dir_alloc
                0x0000000008006e16       0x8e Middlewares/Third_Party/FatFs/src/ff.o
 .text.ld_clust
                0x0000000008006ea4       0x3e Middlewares/Third_Party/FatFs/src/ff.o
 .text.st_clust
                0x0000000008006ee2       0x40 Middlewares/Third_Party/FatFs/src/ff.o
 .text.dir_find
                0x0000000008006f22       0xaa Middlewares/Third_Party/FatFs/src/ff.o
 .text.dir_register
                0x0000000008006fcc       0x64 Middlewares/Third_Party/FatFs/src/ff.o
 .text.create_name
                0x0000000008007030      0x128 Middlewares/Third_Party/FatFs/src/ff.o
 .text.follow_path
                0x0000000008007158       0xec Middlewares/Third_Party/FatFs/src/ff.o
 .text.get_ldnumber
                0x0000000008007244       0x88 Middlewares/Third_Party/FatFs/src/ff.o
 .text.check_fs
                0x00000000080072cc       0xac Middlewares/Third_Party/FatFs/src/ff.o
 .text.find_volume
                0x0000000008007378      0x514 Middlewares/Third_Party/FatFs/src/ff.o
 .text.validate
                0x000000000800788c       0x8e Middlewares/Third_Party/FatFs/src/ff.o
 *fill*         0x000000000800791a        0x2 
 .text.f_mount  0x000000000800791c       0xc8 Middlewares/Third_Party/FatFs/src/ff.o
                0x000000000800791c                f_mount
 .text.f_open   0x00000000080079e4      0x3a6 Middlewares/Third_Party/FatFs/src/ff.o
                0x00000000080079e4                f_open
 .text.f_write  0x0000000008007d8a      0x386 Middlewares/Third_Party/FatFs/src/ff.o
                0x0000000008007d8a                f_write
 .text.f_sync   0x0000000008008110      0x112 Middlewares/Third_Party/FatFs/src/ff.o
                0x0000000008008110                f_sync
 .text.f_lseek  0x0000000008008222      0x4dc Middlewares/Third_Party/FatFs/src/ff.o
                0x0000000008008222                f_lseek
 *fill*         0x00000000080086fe        0x2 
 .text.FATFS_LinkDriverEx
                0x0000000008008700       0x98 Middlewares/Third_Party/FatFs/src/ff_gen_drv.o
                0x0000000008008700                FATFS_LinkDriverEx
 .text.FATFS_LinkDriver
                0x0000000008008798       0x1e Middlewares/Third_Party/FatFs/src/ff_gen_drv.o
                0x0000000008008798                FATFS_LinkDriver
 .text.ff_cre_syncobj
                0x00000000080087b6       0x36 Middlewares/Third_Party/FatFs/src/option/syscall.o
                0x00000000080087b6                ff_cre_syncobj
 .text.ff_del_syncobj
                0x00000000080087ec       0x18 Middlewares/Third_Party/FatFs/src/option/syscall.o
                0x00000000080087ec                ff_del_syncobj
 .text.ff_req_grant
                0x0000000008008804       0x2a Middlewares/Third_Party/FatFs/src/option/syscall.o
                0x0000000008008804                ff_req_grant
 .text.ff_rel_grant
                0x000000000800882e       0x16 Middlewares/Third_Party/FatFs/src/option/syscall.o
                0x000000000800882e                ff_rel_grant
 .text.__NVIC_SetPriority
                0x0000000008008844       0x54 Middlewares/Third_Party/FreeRTOS/Source/CMSIS_RTOS_V2/cmsis_os2.o
 .text.SysTick_Handler
                0x0000000008008898       0x20 Middlewares/Third_Party/FreeRTOS/Source/CMSIS_RTOS_V2/cmsis_os2.o
                0x0000000008008898                SysTick_Handler
 .text.SVC_Setup
                0x00000000080088b8       0x12 Middlewares/Third_Party/FreeRTOS/Source/CMSIS_RTOS_V2/cmsis_os2.o
 *fill*         0x00000000080088ca        0x2 
 .text.osKernelInitialize
                0x00000000080088cc       0x48 Middlewares/Third_Party/FreeRTOS/Source/CMSIS_RTOS_V2/cmsis_os2.o
                0x00000000080088cc                osKernelInitialize
 .text.osKernelGetState
                0x0000000008008914       0x44 Middlewares/Third_Party/FreeRTOS/Source/CMSIS_RTOS_V2/cmsis_os2.o
                0x0000000008008914                osKernelGetState
 .text.osKernelStart
                0x0000000008008958       0x4c Middlewares/Third_Party/FreeRTOS/Source/CMSIS_RTOS_V2/cmsis_os2.o
                0x0000000008008958                osKernelStart
 .text.osKernelGetTickCount
                0x00000000080089a4       0x2a Middlewares/Third_Party/FreeRTOS/Source/CMSIS_RTOS_V2/cmsis_os2.o
                0x00000000080089a4                osKernelGetTickCount
 .text.osThreadNew
                0x00000000080089ce      0x124 Middlewares/Third_Party/FreeRTOS/Source/CMSIS_RTOS_V2/cmsis_os2.o
                0x00000000080089ce                osThreadNew
 .text.osDelay  0x0000000008008af2       0x36 Middlewares/Third_Party/FreeRTOS/Source/CMSIS_RTOS_V2/cmsis_os2.o
                0x0000000008008af2                osDelay
 .text.osSemaphoreNew
                0x0000000008008b28      0x112 Middlewares/Third_Party/FreeRTOS/Source/CMSIS_RTOS_V2/cmsis_os2.o
                0x0000000008008b28                osSemaphoreNew
 *fill*         0x0000000008008c3a        0x2 
 .text.osSemaphoreAcquire
                0x0000000008008c3c       0xa4 Middlewares/Third_Party/FreeRTOS/Source/CMSIS_RTOS_V2/cmsis_os2.o
                0x0000000008008c3c                osSemaphoreAcquire
 .text.osSemaphoreRelease
                0x0000000008008ce0       0x88 Middlewares/Third_Party/FreeRTOS/Source/CMSIS_RTOS_V2/cmsis_os2.o
                0x0000000008008ce0                osSemaphoreRelease
 .text.osSemaphoreDelete
                0x0000000008008d68       0x48 Middlewares/Third_Party/FreeRTOS/Source/CMSIS_RTOS_V2/cmsis_os2.o
                0x0000000008008d68                osSemaphoreDelete
 .text.osMessageQueueNew
                0x0000000008008db0       0xe6 Middlewares/Third_Party/FreeRTOS/Source/CMSIS_RTOS_V2/cmsis_os2.o
                0x0000000008008db0                osMessageQueueNew
 *fill*         0x0000000008008e96        0x2 
 .text.osMessageQueuePut
                0x0000000008008e98       0xc0 Middlewares/Third_Party/FreeRTOS/Source/CMSIS_RTOS_V2/cmsis_os2.o
                0x0000000008008e98                osMessageQueuePut
 .text.osMessageQueueGet
                0x0000000008008f58       0xbc Middlewares/Third_Party/FreeRTOS/Source/CMSIS_RTOS_V2/cmsis_os2.o
                0x0000000008008f58                osMessageQueueGet
 .text.vApplicationGetIdleTaskMemory
                0x0000000008009014       0x34 Middlewares/Third_Party/FreeRTOS/Source/CMSIS_RTOS_V2/cmsis_os2.o
                0x0000000008009014                vApplicationGetIdleTaskMemory
 .text.vApplicationGetTimerTaskMemory
                0x0000000008009048       0x34 Middlewares/Third_Party/FreeRTOS/Source/CMSIS_RTOS_V2/cmsis_os2.o
                0x0000000008009048                vApplicationGetTimerTaskMemory
 .text.vListInitialise
                0x000000000800907c       0x40 Middlewares/Third_Party/FreeRTOS/Source/list.o
                0x000000000800907c                vListInitialise
 .text.vListInitialiseItem
                0x00000000080090bc       0x1a Middlewares/Third_Party/FreeRTOS/Source/list.o
                0x00000000080090bc                vListInitialiseItem
 .text.vListInsertEnd
                0x00000000080090d6       0x48 Middlewares/Third_Party/FreeRTOS/Source/list.o
                0x00000000080090d6                vListInsertEnd
 .text.vListInsert
                0x000000000800911e       0x72 Middlewares/Third_Party/FreeRTOS/Source/list.o
                0x000000000800911e                vListInsert
 .text.uxListRemove
                0x0000000008009190       0x54 Middlewares/Third_Party/FreeRTOS/Source/list.o
                0x0000000008009190                uxListRemove
 .text.xQueueGenericReset
                0x00000000080091e4       0xd0 Middlewares/Third_Party/FreeRTOS/Source/queue.o
                0x00000000080091e4                xQueueGenericReset
 .text.xQueueGenericCreateStatic
                0x00000000080092b4       0xf0 Middlewares/Third_Party/FreeRTOS/Source/queue.o
                0x00000000080092b4                xQueueGenericCreateStatic
 .text.xQueueGenericCreate
                0x00000000080093a4       0x74 Middlewares/Third_Party/FreeRTOS/Source/queue.o
                0x00000000080093a4                xQueueGenericCreate
 .text.prvInitialiseNewQueue
                0x0000000008009418       0x46 Middlewares/Third_Party/FreeRTOS/Source/queue.o
 .text.xQueueCreateCountingSemaphoreStatic
                0x000000000800945e       0x6e Middlewares/Third_Party/FreeRTOS/Source/queue.o
                0x000000000800945e                xQueueCreateCountingSemaphoreStatic
 .text.xQueueCreateCountingSemaphore
                0x00000000080094cc       0x66 Middlewares/Third_Party/FreeRTOS/Source/queue.o
                0x00000000080094cc                xQueueCreateCountingSemaphore
 *fill*         0x0000000008009532        0x2 
 .text.xQueueGenericSend
                0x0000000008009534      0x1fc Middlewares/Third_Party/FreeRTOS/Source/queue.o
                0x0000000008009534                xQueueGenericSend
 .text.xQueueGenericSendFromISR
                0x0000000008009730      0x136 Middlewares/Third_Party/FreeRTOS/Source/queue.o
                0x0000000008009730                xQueueGenericSendFromISR
 .text.xQueueGiveFromISR
                0x0000000008009866      0x11a Middlewares/Third_Party/FreeRTOS/Source/queue.o
                0x0000000008009866                xQueueGiveFromISR
 .text.xQueueReceive
                0x0000000008009980      0x1c0 Middlewares/Third_Party/FreeRTOS/Source/queue.o
                0x0000000008009980                xQueueReceive
 .text.xQueueSemaphoreTake
                0x0000000008009b40      0x218 Middlewares/Third_Party/FreeRTOS/Source/queue.o
                0x0000000008009b40                xQueueSemaphoreTake
 .text.xQueueReceiveFromISR
                0x0000000008009d58      0x100 Middlewares/Third_Party/FreeRTOS/Source/queue.o
                0x0000000008009d58                xQueueReceiveFromISR
 .text.vQueueDelete
                0x0000000008009e58       0x46 Middlewares/Third_Party/FreeRTOS/Source/queue.o
                0x0000000008009e58                vQueueDelete
 .text.prvGetDisinheritPriorityAfterTimeout
                0x0000000008009e9e       0x30 Middlewares/Third_Party/FreeRTOS/Source/queue.o
 .text.prvCopyDataToQueue
                0x0000000008009ece       0xd4 Middlewares/Third_Party/FreeRTOS/Source/queue.o
 .text.prvCopyDataFromQueue
                0x0000000008009fa2       0x4c Middlewares/Third_Party/FreeRTOS/Source/queue.o
 .text.prvUnlockQueue
                0x0000000008009fee       0xa4 Middlewares/Third_Party/FreeRTOS/Source/queue.o
 .text.prvIsQueueEmpty
                0x000000000800a092       0x2c Middlewares/Third_Party/FreeRTOS/Source/queue.o
 .text.prvIsQueueFull
                0x000000000800a0be       0x30 Middlewares/Third_Party/FreeRTOS/Source/queue.o
 *fill*         0x000000000800a0ee        0x2 
 .text.vQueueAddToRegistry
                0x000000000800a0f0       0x54 Middlewares/Third_Party/FreeRTOS/Source/queue.o
                0x000000000800a0f0                vQueueAddToRegistry
 .text.vQueueUnregisterQueue
                0x000000000800a144       0x54 Middlewares/Third_Party/FreeRTOS/Source/queue.o
                0x000000000800a144                vQueueUnregisterQueue
 .text.vQueueWaitForMessageRestricted
                0x000000000800a198       0x68 Middlewares/Third_Party/FreeRTOS/Source/queue.o
                0x000000000800a198                vQueueWaitForMessageRestricted
 .text.xTaskCreateStatic
                0x000000000800a200       0xba Middlewares/Third_Party/FreeRTOS/Source/tasks.o
                0x000000000800a200                xTaskCreateStatic
 .text.xTaskCreate
                0x000000000800a2ba       0x8a Middlewares/Third_Party/FreeRTOS/Source/tasks.o
                0x000000000800a2ba                xTaskCreate
 .text.prvInitialiseNewTask
                0x000000000800a344      0x11e Middlewares/Third_Party/FreeRTOS/Source/tasks.o
 *fill*         0x000000000800a462        0x2 
 .text.prvAddNewTaskToReadyList
                0x000000000800a464       0xe0 Middlewares/Third_Party/FreeRTOS/Source/tasks.o
 .text.vTaskDelay
                0x000000000800a544       0x68 Middlewares/Third_Party/FreeRTOS/Source/tasks.o
                0x000000000800a544                vTaskDelay
 .text.vTaskStartScheduler
                0x000000000800a5ac       0xcc Middlewares/Third_Party/FreeRTOS/Source/tasks.o
                0x000000000800a5ac                vTaskStartScheduler
 .text.vTaskSuspendAll
                0x000000000800a678       0x1c Middlewares/Third_Party/FreeRTOS/Source/tasks.o
                0x000000000800a678                vTaskSuspendAll
 .text.xTaskResumeAll
                0x000000000800a694      0x13c Middlewares/Third_Party/FreeRTOS/Source/tasks.o
                0x000000000800a694                xTaskResumeAll
 .text.xTaskGetTickCount
                0x000000000800a7d0       0x20 Middlewares/Third_Party/FreeRTOS/Source/tasks.o
                0x000000000800a7d0                xTaskGetTickCount
 .text.xTaskGetTickCountFromISR
                0x000000000800a7f0       0x24 Middlewares/Third_Party/FreeRTOS/Source/tasks.o
                0x000000000800a7f0                xTaskGetTickCountFromISR
 .text.xTaskIncrementTick
                0x000000000800a814      0x174 Middlewares/Third_Party/FreeRTOS/Source/tasks.o
                0x000000000800a814                xTaskIncrementTick
 .text.vTaskSwitchContext
                0x000000000800a988       0xbc Middlewares/Third_Party/FreeRTOS/Source/tasks.o
                0x000000000800a988                vTaskSwitchContext
 .text.vTaskPlaceOnEventList
                0x000000000800aa44       0x48 Middlewares/Third_Party/FreeRTOS/Source/tasks.o
                0x000000000800aa44                vTaskPlaceOnEventList
 .text.vTaskPlaceOnEventListRestricted
                0x000000000800aa8c       0x58 Middlewares/Third_Party/FreeRTOS/Source/tasks.o
                0x000000000800aa8c                vTaskPlaceOnEventListRestricted
 .text.xTaskRemoveFromEventList
                0x000000000800aae4       0xc8 Middlewares/Third_Party/FreeRTOS/Source/tasks.o
                0x000000000800aae4                xTaskRemoveFromEventList
 .text.vTaskInternalSetTimeOutState
                0x000000000800abac       0x2c Middlewares/Third_Party/FreeRTOS/Source/tasks.o
                0x000000000800abac                vTaskInternalSetTimeOutState
 .text.xTaskCheckForTimeOut
                0x000000000800abd8       0xc4 Middlewares/Third_Party/FreeRTOS/Source/tasks.o
                0x000000000800abd8                xTaskCheckForTimeOut
 .text.vTaskMissedYield
                0x000000000800ac9c       0x18 Middlewares/Third_Party/FreeRTOS/Source/tasks.o
                0x000000000800ac9c                vTaskMissedYield
 .text.prvIdleTask
                0x000000000800acb4       0x30 Middlewares/Third_Party/FreeRTOS/Source/tasks.o
 .text.prvInitialiseTaskLists
                0x000000000800ace4       0x80 Middlewares/Third_Party/FreeRTOS/Source/tasks.o
 .text.prvCheckTasksWaitingTermination
                0x000000000800ad64       0x5c Middlewares/Third_Party/FreeRTOS/Source/tasks.o
 .text.prvDeleteTCB
                0x000000000800adc0       0x5e Middlewares/Third_Party/FreeRTOS/Source/tasks.o
 *fill*         0x000000000800ae1e        0x2 
 .text.prvResetNextTaskUnblockTime
                0x000000000800ae20       0x40 Middlewares/Third_Party/FreeRTOS/Source/tasks.o
 .text.xTaskGetSchedulerState
                0x000000000800ae60       0x3c Middlewares/Third_Party/FreeRTOS/Source/tasks.o
                0x000000000800ae60                xTaskGetSchedulerState
 .text.xTaskPriorityInherit
                0x000000000800ae9c       0xd0 Middlewares/Third_Party/FreeRTOS/Source/tasks.o
                0x000000000800ae9c                xTaskPriorityInherit
 .text.xTaskPriorityDisinherit
                0x000000000800af6c       0xdc Middlewares/Third_Party/FreeRTOS/Source/tasks.o
                0x000000000800af6c                xTaskPriorityDisinherit
 .text.vTaskPriorityDisinheritAfterTimeout
                0x000000000800b048      0x104 Middlewares/Third_Party/FreeRTOS/Source/tasks.o
                0x000000000800b048                vTaskPriorityDisinheritAfterTimeout
 .text.pvTaskIncrementMutexHeldCount
                0x000000000800b14c       0x28 Middlewares/Third_Party/FreeRTOS/Source/tasks.o
                0x000000000800b14c                pvTaskIncrementMutexHeldCount
 .text.prvAddCurrentTaskToDelayedList
                0x000000000800b174       0xa8 Middlewares/Third_Party/FreeRTOS/Source/tasks.o
 .text.xTimerCreateTimerTask
                0x000000000800b21c       0x90 Middlewares/Third_Party/FreeRTOS/Source/timers.o
                0x000000000800b21c                xTimerCreateTimerTask
 .text.xTimerGenericCommand
                0x000000000800b2ac       0x9c Middlewares/Third_Party/FreeRTOS/Source/timers.o
                0x000000000800b2ac                xTimerGenericCommand
 .text.prvProcessExpiredTimer
                0x000000000800b348       0x98 Middlewares/Third_Party/FreeRTOS/Source/timers.o
 .text.prvTimerTask
                0x000000000800b3e0       0x24 Middlewares/Third_Party/FreeRTOS/Source/timers.o
 .text.prvProcessTimerOrBlockTask
                0x000000000800b404       0x9c Middlewares/Third_Party/FreeRTOS/Source/timers.o
 .text.prvGetNextExpireTime
                0x000000000800b4a0       0x48 Middlewares/Third_Party/FreeRTOS/Source/timers.o
 .text.prvSampleTimeNow
                0x000000000800b4e8       0x40 Middlewares/Third_Party/FreeRTOS/Source/timers.o
 .text.prvInsertTimerInActiveList
                0x000000000800b528       0x84 Middlewares/Third_Party/FreeRTOS/Source/timers.o
 .text.prvProcessReceivedCommands
                0x000000000800b5ac      0x1c4 Middlewares/Third_Party/FreeRTOS/Source/timers.o
 .text.prvSwitchTimerLists
                0x000000000800b770       0xc8 Middlewares/Third_Party/FreeRTOS/Source/timers.o
 .text.prvCheckForValidListAndQueue
                0x000000000800b838       0x80 Middlewares/Third_Party/FreeRTOS/Source/timers.o
 .text.pxPortInitialiseStack
                0x000000000800b8b8       0x68 Middlewares/Third_Party/FreeRTOS/Source/portable/GCC/ARM_CM4F/port.o
                0x000000000800b8b8                pxPortInitialiseStack
 .text.prvTaskExitError
                0x000000000800b920       0x58 Middlewares/Third_Party/FreeRTOS/Source/portable/GCC/ARM_CM4F/port.o
 *fill*         0x000000000800b978        0x8 
 .text.SVC_Handler
                0x000000000800b980       0x28 Middlewares/Third_Party/FreeRTOS/Source/portable/GCC/ARM_CM4F/port.o
                0x000000000800b980                SVC_Handler
 .text.prvPortStartFirstTask
                0x000000000800b9a8       0x28 Middlewares/Third_Party/FreeRTOS/Source/portable/GCC/ARM_CM4F/port.o
 .text.xPortStartScheduler
                0x000000000800b9d0      0x144 Middlewares/Third_Party/FreeRTOS/Source/portable/GCC/ARM_CM4F/port.o
                0x000000000800b9d0                xPortStartScheduler
 .text.vPortEnterCritical
                0x000000000800bb14       0x60 Middlewares/Third_Party/FreeRTOS/Source/portable/GCC/ARM_CM4F/port.o
                0x000000000800bb14                vPortEnterCritical
 .text.vPortExitCritical
                0x000000000800bb74       0x54 Middlewares/Third_Party/FreeRTOS/Source/portable/GCC/ARM_CM4F/port.o
                0x000000000800bb74                vPortExitCritical
 *fill*         0x000000000800bbc8        0x8 
 .text.PendSV_Handler
                0x000000000800bbd0       0x68 Middlewares/Third_Party/FreeRTOS/Source/portable/GCC/ARM_CM4F/port.o
                0x000000000800bbd0                PendSV_Handler
 .text.xPortSysTickHandler
                0x000000000800bc38       0x44 Middlewares/Third_Party/FreeRTOS/Source/portable/GCC/ARM_CM4F/port.o
                0x000000000800bc38                xPortSysTickHandler
 .text.vPortSetupTimerInterrupt
                0x000000000800bc7c       0x48 Middlewares/Third_Party/FreeRTOS/Source/portable/GCC/ARM_CM4F/port.o
                0x000000000800bc7c                vPortSetupTimerInterrupt
 .text.vPortEnableVFP
                0x000000000800bcc4       0x14 Middlewares/Third_Party/FreeRTOS/Source/portable/GCC/ARM_CM4F/port.o
 .text.vPortValidateInterruptPriority
                0x000000000800bcd8       0x80 Middlewares/Third_Party/FreeRTOS/Source/portable/GCC/ARM_CM4F/port.o
                0x000000000800bcd8                vPortValidateInterruptPriority
 .text.pvPortMalloc
                0x000000000800bd58      0x198 Middlewares/Third_Party/FreeRTOS/Source/portable/MemMang/heap_4.o
                0x000000000800bd58                pvPortMalloc
 .text.vPortFree
                0x000000000800bef0       0xc4 Middlewares/Third_Party/FreeRTOS/Source/portable/MemMang/heap_4.o
                0x000000000800bef0                vPortFree
 .text.prvHeapInit
                0x000000000800bfb4       0xc4 Middlewares/Third_Party/FreeRTOS/Source/portable/MemMang/heap_4.o
 .text.prvInsertBlockIntoFreeList
                0x000000000800c078       0xb4 Middlewares/Third_Party/FreeRTOS/Source/portable/MemMang/heap_4.o
 .text.__errno  0x000000000800c12c        0xc /opt/st/stm32cubeide_1.6.1/plugins/com.st.stm32cube.ide.mcu.externaltools.gnu-tools-for-stm32.9-2020-q2-update.linux64_1.5.0.202011040924/tools/bin/../lib/gcc/arm-none-eabi/9.3.1/../../../../arm-none-eabi/lib/thumb/v7e-m+fp/hard/libc_nano.a(lib_a-errno.o)
                0x000000000800c12c                __errno
 .text.__libc_init_array
                0x000000000800c138       0x48 /opt/st/stm32cubeide_1.6.1/plugins/com.st.stm32cube.ide.mcu.externaltools.gnu-tools-for-stm32.9-2020-q2-update.linux64_1.5.0.202011040924/tools/bin/../lib/gcc/arm-none-eabi/9.3.1/../../../../arm-none-eabi/lib/thumb/v7e-m+fp/hard/libc_nano.a(lib_a-init.o)
                0x000000000800c138                __libc_init_array
 .text.memcpy   0x000000000800c180       0x1c /opt/st/stm32cubeide_1.6.1/plugins/com.st.stm32cube.ide.mcu.externaltools.gnu-tools-for-stm32.9-2020-q2-update.linux64_1.5.0.202011040924/tools/bin/../lib/gcc/arm-none-eabi/9.3.1/../../../../arm-none-eabi/lib/thumb/v7e-m+fp/hard/libc_nano.a(lib_a-memcpy-stub.o)
                0x000000000800c180                memcpy
 .text.memset   0x000000000800c19c       0x10 /opt/st/stm32cubeide_1.6.1/plugins/com.st.stm32cube.ide.mcu.externaltools.gnu-tools-for-stm32.9-2020-q2-update.linux64_1.5.0.202011040924/tools/bin/../lib/gcc/arm-none-eabi/9.3.1/../../../../arm-none-eabi/lib/thumb/v7e-m+fp/hard/libc_nano.a(lib_a-memset.o)
                0x000000000800c19c                memset
 .text.snprintf
                0x000000000800c1ac       0x68 /opt/st/stm32cubeide_1.6.1/plugins/com.st.stm32cube.ide.mcu.externaltools.gnu-tools-for-stm32.9-2020-q2-update.linux64_1.5.0.202011040924/tools/bin/../lib/gcc/arm-none-eabi/9.3.1/../../../../arm-none-eabi/lib/thumb/v7e-m+fp/hard/libc_nano.a(lib_a-snprintf.o)
                0x000000000800c1ac                snprintf
                0x000000000800c1ac                sniprintf
 .text.__ssputs_r
                0x000000000800c214       0xb6 /opt/st/stm32cubeide_1.6.1/plugins/com.st.stm32cube.ide.mcu.externaltools.gnu-tools-for-stm32.9-2020-q2-update.linux64_1.5.0.202011040924/tools/bin/../lib/gcc/arm-none-eabi/9.3.1/../../../../arm-none-eabi/lib/thumb/v7e-m+fp/hard/libc_nano.a(lib_a-nano-svfprintf.o)
                0x000000000800c214                __ssputs_r
 *fill*         0x000000000800c2ca        0x2 
 .text._svfprintf_r
                0x000000000800c2cc      0x200 /opt/st/stm32cubeide_1.6.1/plugins/com.st.stm32cube.ide.mcu.externaltools.gnu-tools-for-stm32.9-2020-q2-update.linux64_1.5.0.202011040924/tools/bin/../lib/gcc/arm-none-eabi/9.3.1/../../../../arm-none-eabi/lib/thumb/v7e-m+fp/hard/libc_nano.a(lib_a-nano-svfprintf.o)
                0x000000000800c2cc                _svfprintf_r
                0x000000000800c2cc                _svfiprintf_r
 .text._printf_common
                0x000000000800c4cc       0xda /opt/st/stm32cubeide_1.6.1/plugins/com.st.stm32cube.ide.mcu.externaltools.gnu-tools-for-stm32.9-2020-q2-update.linux64_1.5.0.202011040924/tools/bin/../lib/gcc/arm-none-eabi/9.3.1/../../../../arm-none-eabi/lib/thumb/v7e-m+fp/hard/libc_nano.a(lib_a-nano-vfprintf_i.o)
                0x000000000800c4cc                _printf_common
 *fill*         0x000000000800c5a6        0x2 
 .text._printf_i
                0x000000000800c5a8      0x24c /opt/st/stm32cubeide_1.6.1/plugins/com.st.stm32cube.ide.mcu.externaltools.gnu-tools-for-stm32.9-2020-q2-update.linux64_1.5.0.202011040924/tools/bin/../lib/gcc/arm-none-eabi/9.3.1/../../../../arm-none-eabi/lib/thumb/v7e-m+fp/hard/libc_nano.a(lib_a-nano-vfprintf_i.o)
                0x000000000800c5a8                _printf_i
 .text.memmove  0x000000000800c7f4       0x34 /opt/st/stm32cubeide_1.6.1/plugins/com.st.stm32cube.ide.mcu.externaltools.gnu-tools-for-stm32.9-2020-q2-update.linux64_1.5.0.202011040924/tools/bin/../lib/gcc/arm-none-eabi/9.3.1/../../../../arm-none-eabi/lib/thumb/v7e-m+fp/hard/libc_nano.a(lib_a-memmove.o)
                0x000000000800c7f4                memmove
 .text._free_r  0x000000000800c828       0xa0 /opt/st/stm32cubeide_1.6.1/plugins/com.st.stm32cube.ide.mcu.externaltools.gnu-tools-for-stm32.9-2020-q2-update.linux64_1.5.0.202011040924/tools/bin/../lib/gcc/arm-none-eabi/9.3.1/../../../../arm-none-eabi/lib/thumb/v7e-m+fp/hard/libc_nano.a(lib_a-nano-freer.o)
                0x000000000800c828                _free_r
 .text._malloc_r
                0x000000000800c8c8       0xb4 /opt/st/stm32cubeide_1.6.1/plugins/com.st.stm32cube.ide.mcu.externaltools.gnu-tools-for-stm32.9-2020-q2-update.linux64_1.5.0.202011040924/tools/bin/../lib/gcc/arm-none-eabi/9.3.1/../../../../arm-none-eabi/lib/thumb/v7e-m+fp/hard/libc_nano.a(lib_a-nano-mallocr.o)
                0x000000000800c8c8                _malloc_r
 .text._realloc_r
                0x000000000800c97c       0x4c /opt/st/stm32cubeide_1.6.1/plugins/com.st.stm32cube.ide.mcu.externaltools.gnu-tools-for-stm32.9-2020-q2-update.linux64_1.5.0.202011040924/tools/bin/../lib/gcc/arm-none-eabi/9.3.1/../../../../arm-none-eabi/lib/thumb/v7e-m+fp/hard/libc_nano.a(lib_a-nano-reallocr.o)
                0x000000000800c97c                _realloc_r
 .text._sbrk_r  0x000000000800c9c8       0x20 /opt/st/stm32cubeide_1.6.1/plugins/com.st.stm32cube.ide.mcu.externaltools.gnu-tools-for-stm32.9-2020-q2-update.linux64_1.5.0.202011040924/tools/bin/../lib/gcc/arm-none-eabi/9.3.1/../../../../arm-none-eabi/lib/thumb/v7e-m+fp/hard/libc_nano.a(lib_a-sbrkr.o)
                0x000000000800c9c8                _sbrk_r
 .text.__malloc_lock
                0x000000000800c9e8        0xc /opt/st/stm32cubeide_1.6.1/plugins/com.st.stm32cube.ide.mcu.externaltools.gnu-tools-for-stm32.9-2020-q2-update.linux64_1.5.0.202011040924/tools/bin/../lib/gcc/arm-none-eabi/9.3.1/../../../../arm-none-eabi/lib/thumb/v7e-m+fp/hard/libc_nano.a(lib_a-mlock.o)
                0x000000000800c9e8                __malloc_lock
 .text.__malloc_unlock
                0x000000000800c9f4        0xc /opt/st/stm32cubeide_1.6.1/plugins/com.st.stm32cube.ide.mcu.externaltools.gnu-tools-for-stm32.9-2020-q2-update.linux64_1.5.0.202011040924/tools/bin/../lib/gcc/arm-none-eabi/9.3.1/../../../../arm-none-eabi/lib/thumb/v7e-m+fp/hard/libc_nano.a(lib_a-mlock.o)
                0x000000000800c9f4                __malloc_unlock
 .text._malloc_usable_size_r
                0x000000000800ca00       0x10 /opt/st/stm32cubeide_1.6.1/plugins/com.st.stm32cube.ide.mcu.externaltools.gnu-tools-for-stm32.9-2020-q2-update.linux64_1.5.0.202011040924/tools/bin/../lib/gcc/arm-none-eabi/9.3.1/../../../../arm-none-eabi/lib/thumb/v7e-m+fp/hard/libc_nano.a(lib_a-nano-msizer.o)
                0x000000000800ca00                _malloc_usable_size_r
 .text.__retarget_lock_acquire_recursive
                0x000000000800ca10        0x2 /opt/st/stm32cubeide_1.6.1/plugins/com.st.stm32cube.ide.mcu.externaltools.gnu-tools-for-stm32.9-2020-q2-update.linux64_1.5.0.202011040924/tools/bin/../lib/gcc/arm-none-eabi/9.3.1/../../../../arm-none-eabi/lib/thumb/v7e-m+fp/hard/libc_nano.a(lib_a-lock.o)
                0x000000000800ca10                __retarget_lock_acquire_recursive
 .text.__retarget_lock_release_recursive
                0x000000000800ca12        0x2 /opt/st/stm32cubeide_1.6.1/plugins/com.st.stm32cube.ide.mcu.externaltools.gnu-tools-for-stm32.9-2020-q2-update.linux64_1.5.0.202011040924/tools/bin/../lib/gcc/arm-none-eabi/9.3.1/../../../../arm-none-eabi/lib/thumb/v7e-m+fp/hard/libc_nano.a(lib_a-lock.o)
                0x000000000800ca12                __retarget_lock_release_recursive
 *(.glue_7)
 .glue_7        0x000000000800ca14        0x0 linker stubs
 *(.glue_7t)
 .glue_7t       0x000000000800ca14        0x0 linker stubs
 *(.eh_frame)
 .eh_frame      0x000000000800ca14        0x0 /opt/st/stm32cubeide_1.6.1/plugins/com.st.stm32cube.ide.mcu.externaltools.gnu-tools-for-stm32.9-2020-q2-update.linux64_1.5.0.202011040924/tools/bin/../lib/gcc/arm-none-eabi/9.3.1/thumb/v7e-m+fp/hard/crtbegin.o
 *(.init)
 .init          0x000000000800ca14        0x4 /opt/st/stm32cubeide_1.6.1/plugins/com.st.stm32cube.ide.mcu.externaltools.gnu-tools-for-stm32.9-2020-q2-update.linux64_1.5.0.202011040924/tools/bin/../lib/gcc/arm-none-eabi/9.3.1/thumb/v7e-m+fp/hard/crti.o
                0x000000000800ca14                _init
 .init          0x000000000800ca18        0x8 /opt/st/stm32cubeide_1.6.1/plugins/com.st.stm32cube.ide.mcu.externaltools.gnu-tools-for-stm32.9-2020-q2-update.linux64_1.5.0.202011040924/tools/bin/../lib/gcc/arm-none-eabi/9.3.1/thumb/v7e-m+fp/hard/crtn.o
 *(.fini)
 .fini          0x000000000800ca20        0x4 /opt/st/stm32cubeide_1.6.1/plugins/com.st.stm32cube.ide.mcu.externaltools.gnu-tools-for-stm32.9-2020-q2-update.linux64_1.5.0.202011040924/tools/bin/../lib/gcc/arm-none-eabi/9.3.1/thumb/v7e-m+fp/hard/crti.o
                0x000000000800ca20                _fini
 .fini          0x000000000800ca24        0x8 /opt/st/stm32cubeide_1.6.1/plugins/com.st.stm32cube.ide.mcu.externaltools.gnu-tools-for-stm32.9-2020-q2-update.linux64_1.5.0.202011040924/tools/bin/../lib/gcc/arm-none-eabi/9.3.1/thumb/v7e-m+fp/hard/crtn.o
                0x000000000800ca2c                . = ALIGN (0x4)
                0x000000000800ca2c                _etext = .

.vfp11_veneer   0x000000000800ca2c        0x0
 .vfp11_veneer  0x000000000800ca2c        0x0 linker stubs

.v4_bx          0x000000000800ca2c        0x0
 .v4_bx         0x000000000800ca2c        0x0 linker stubs

.iplt           0x000000000800ca2c        0x0
 .iplt          0x000000000800ca2c        0x0 /opt/st/stm32cubeide_1.6.1/plugins/com.st.stm32cube.ide.mcu.externaltools.gnu-tools-for-stm32.9-2020-q2-update.linux64_1.5.0.202011040924/tools/bin/../lib/gcc/arm-none-eabi/9.3.1/thumb/v7e-m+fp/hard/crtbegin.o

.rodata         0x000000000800ca2c     0x2b24
                0x000000000800ca2c                . = ALIGN (0x4)
 *(.rodata)
 .rodata        0x000000000800ca2c       0x9a Core/Src/display_task.o
 *fill*         0x000000000800cac6        0x2 
 .rodata        0x000000000800cac8       0x2a Core/Src/main.o
 *fill*         0x000000000800caf2        0x2 
 .rodata        0x000000000800caf4       0x1e Core/Src/sd_saver_task.o
 *fill*         0x000000000800cb12        0x2 
 .rodata        0x000000000800cb14       0x44 Middlewares/Third_Party/FatFs/src/ff.o
 .rodata        0x000000000800cb58        0x5 Middlewares/Third_Party/FreeRTOS/Source/tasks.o
 *fill*         0x000000000800cb5d        0x3 
 .rodata        0x000000000800cb60        0xd Middlewares/Third_Party/FreeRTOS/Source/timers.o
 *(.rodata*)
 *fill*         0x000000000800cb6d        0x3 
 .rodata._ZL22defaultTask_attributes
                0x000000000800cb70       0x24 Core/Src/main.o
 .rodata._ZL23display_task_attributes
                0x000000000800cb94       0x24 Core/Src/main.o
 .rodata._ZL24sd_saver_task_attributes
                0x000000000800cbb8       0x24 Core/Src/main.o
 .rodata.AHBPrescTable
                0x000000000800cbdc       0x10 Core/Src/system_stm32f4xx.o
                0x000000000800cbdc                AHBPrescTable
 .rodata.APBPrescTable
                0x000000000800cbec        0x8 Core/Src/system_stm32f4xx.o
                0x000000000800cbec                APBPrescTable
 .rodata._ZL8Font7x10
                0x000000000800cbf4      0x76c Core/st7735/fonts.o
 .rodata._ZL9Font11x18
                0x000000000800d360      0xd5c Core/st7735/fonts.o
 .rodata._ZL9Font16x26
                0x000000000800e0bc     0x134c Core/st7735/fonts.o
 .rodata._ZL10init_cmds1
                0x000000000800f408       0x3b Core/st7735/st7735.o
 *fill*         0x000000000800f443        0x1 
 .rodata._ZL10init_cmds2
                0x000000000800f444        0xf Core/st7735/st7735.o
 *fill*         0x000000000800f453        0x1 
 .rodata._ZL10init_cmds3
                0x000000000800f454       0x2b Core/st7735/st7735.o
 *fill*         0x000000000800f47f        0x1 
 .rodata.flagBitshiftOffset.8431
                0x000000000800f480        0x8 Drivers/STM32F4xx_HAL_Driver/Src/stm32f4xx_hal_dma.o
 .rodata.SD_Driver
                0x000000000800f488       0x14 FATFS/Target/sd_diskio.o
                0x000000000800f488                SD_Driver
 .rodata.ExCvt  0x000000000800f49c       0x80 Middlewares/Third_Party/FatFs/src/ff.o
 .rodata._svfprintf_r.str1.1
                0x000000000800f51c       0x11 /opt/st/stm32cubeide_1.6.1/plugins/com.st.stm32cube.ide.mcu.externaltools.gnu-tools-for-stm32.9-2020-q2-update.linux64_1.5.0.202011040924/tools/bin/../lib/gcc/arm-none-eabi/9.3.1/../../../../arm-none-eabi/lib/thumb/v7e-m+fp/hard/libc_nano.a(lib_a-nano-svfprintf.o)
 .rodata._printf_i.str1.1
                0x000000000800f52d       0x22 /opt/st/stm32cubeide_1.6.1/plugins/com.st.stm32cube.ide.mcu.externaltools.gnu-tools-for-stm32.9-2020-q2-update.linux64_1.5.0.202011040924/tools/bin/../lib/gcc/arm-none-eabi/9.3.1/../../../../arm-none-eabi/lib/thumb/v7e-m+fp/hard/libc_nano.a(lib_a-nano-vfprintf_i.o)
                0x000000000800f550                . = ALIGN (0x4)
 *fill*         0x000000000800f54f        0x1 

.ARM.extab      0x000000000800f550        0x0
                0x000000000800f550                . = ALIGN (0x4)
 *(.ARM.extab* .gnu.linkonce.armextab.*)
                0x000000000800f550                . = ALIGN (0x4)

.ARM            0x000000000800f550        0x8
                0x000000000800f550                . = ALIGN (0x4)
                0x000000000800f550                __exidx_start = .
 *(.ARM.exidx*)
 .ARM.exidx     0x000000000800f550        0x8 /opt/st/stm32cubeide_1.6.1/plugins/com.st.stm32cube.ide.mcu.externaltools.gnu-tools-for-stm32.9-2020-q2-update.linux64_1.5.0.202011040924/tools/bin/../lib/gcc/arm-none-eabi/9.3.1/thumb/v7e-m+fp/hard/libgcc.a(_udivmoddi4.o)
                0x000000000800f558                __exidx_end = .
                0x000000000800f558                . = ALIGN (0x4)

.rel.dyn        0x000000000800f558        0x0
 .rel.iplt      0x000000000800f558        0x0 /opt/st/stm32cubeide_1.6.1/plugins/com.st.stm32cube.ide.mcu.externaltools.gnu-tools-for-stm32.9-2020-q2-update.linux64_1.5.0.202011040924/tools/bin/../lib/gcc/arm-none-eabi/9.3.1/thumb/v7e-m+fp/hard/crtbegin.o

.preinit_array  0x000000000800f558        0x0
                0x000000000800f558                . = ALIGN (0x4)
                0x000000000800f558                PROVIDE (__preinit_array_start = .)
 *(.preinit_array*)
                0x000000000800f558                PROVIDE (__preinit_array_end = .)
                0x000000000800f558                . = ALIGN (0x4)

.init_array     0x000000000800f558        0x4
                0x000000000800f558                . = ALIGN (0x4)
                0x000000000800f558                PROVIDE (__init_array_start = .)
 *(SORT_BY_NAME(.init_array.*))
 *(.init_array*)
 .init_array    0x000000000800f558        0x4 /opt/st/stm32cubeide_1.6.1/plugins/com.st.stm32cube.ide.mcu.externaltools.gnu-tools-for-stm32.9-2020-q2-update.linux64_1.5.0.202011040924/tools/bin/../lib/gcc/arm-none-eabi/9.3.1/thumb/v7e-m+fp/hard/crtbegin.o
                0x000000000800f55c                PROVIDE (__init_array_end = .)
                0x000000000800f55c                . = ALIGN (0x4)

.fini_array     0x000000000800f55c        0x4
                0x000000000800f55c                . = ALIGN (0x4)
                [!provide]                        PROVIDE (__fini_array_start = .)
 *(SORT_BY_NAME(.fini_array.*))
 *(.fini_array*)
 .fini_array    0x000000000800f55c        0x4 /opt/st/stm32cubeide_1.6.1/plugins/com.st.stm32cube.ide.mcu.externaltools.gnu-tools-for-stm32.9-2020-q2-update.linux64_1.5.0.202011040924/tools/bin/../lib/gcc/arm-none-eabi/9.3.1/thumb/v7e-m+fp/hard/crtbegin.o
                [!provide]                        PROVIDE (__fini_array_end = .)
                0x000000000800f560                . = ALIGN (0x4)
                0x000000000800f560                _sidata = LOADADDR (.data)

.data           0x0000000020000000       0x8c load address 0x000000000800f560
                0x0000000020000000                . = ALIGN (0x4)
                0x0000000020000000                _sdata = .
 *(.data)
 *(.data*)
 .data.SystemCoreClock
                0x0000000020000000        0x4 Core/Src/system_stm32f4xx.o
                0x0000000020000000                SystemCoreClock
 .data.Font_7x10
                0x0000000020000004        0x8 Core/st7735/fonts.o
                0x0000000020000004                Font_7x10
 .data.Font_11x18
                0x000000002000000c        0x8 Core/st7735/fonts.o
                0x000000002000000c                Font_11x18
 .data.Font_16x26
                0x0000000020000014        0x8 Core/st7735/fonts.o
                0x0000000020000014                Font_16x26
 .data.uwTickPrio
                0x000000002000001c        0x4 Drivers/STM32F4xx_HAL_Driver/Src/stm32f4xx_hal.o
                0x000000002000001c                uwTickPrio
 .data.uwTickFreq
                0x0000000020000020        0x1 Drivers/STM32F4xx_HAL_Driver/Src/stm32f4xx_hal.o
                0x0000000020000020                uwTickFreq
 .data.Stat     0x0000000020000021        0x1 FATFS/Target/sd_diskio.o
 *fill*         0x0000000020000022        0x2 
 .data.uxCriticalNesting
                0x0000000020000024        0x4 Middlewares/Third_Party/FreeRTOS/Source/portable/GCC/ARM_CM4F/port.o
 .data._impure_ptr
                0x0000000020000028        0x4 /opt/st/stm32cubeide_1.6.1/plugins/com.st.stm32cube.ide.mcu.externaltools.gnu-tools-for-stm32.9-2020-q2-update.linux64_1.5.0.202011040924/tools/bin/../lib/gcc/arm-none-eabi/9.3.1/../../../../arm-none-eabi/lib/thumb/v7e-m+fp/hard/libc_nano.a(lib_a-impure.o)
                0x0000000020000028                _impure_ptr
 .data.impure_data
                0x000000002000002c       0x60 /opt/st/stm32cubeide_1.6.1/plugins/com.st.stm32cube.ide.mcu.externaltools.gnu-tools-for-stm32.9-2020-q2-update.linux64_1.5.0.202011040924/tools/bin/../lib/gcc/arm-none-eabi/9.3.1/../../../../arm-none-eabi/lib/thumb/v7e-m+fp/hard/libc_nano.a(lib_a-impure.o)
 *(.RamFunc)
 *(.RamFunc*)
                0x000000002000008c                . = ALIGN (0x4)
                0x000000002000008c                _edata = .

.igot.plt       0x000000002000008c        0x0 load address 0x000000000800f5ec
 .igot.plt      0x000000002000008c        0x0 /opt/st/stm32cubeide_1.6.1/plugins/com.st.stm32cube.ide.mcu.externaltools.gnu-tools-for-stm32.9-2020-q2-update.linux64_1.5.0.202011040924/tools/bin/../lib/gcc/arm-none-eabi/9.3.1/thumb/v7e-m+fp/hard/crtbegin.o
                0x000000002000008c                . = ALIGN (0x4)

.bss            0x000000002000008c     0xad40 load address 0x000000000800f5ec
                0x000000002000008c                _sbss = .
                0x000000002000008c                __bss_start__ = _sbss
 *(.bss)
 .bss           0x000000002000008c       0x1c /opt/st/stm32cubeide_1.6.1/plugins/com.st.stm32cube.ide.mcu.externaltools.gnu-tools-for-stm32.9-2020-q2-update.linux64_1.5.0.202011040924/tools/bin/../lib/gcc/arm-none-eabi/9.3.1/thumb/v7e-m+fp/hard/crtbegin.o
 *(.bss*)
 .bss.hsd       0x00000000200000a8       0x84 Core/Src/main.o
                0x00000000200000a8                hsd
 .bss.hdma_sdio_rx
                0x000000002000012c       0x60 Core/Src/main.o
                0x000000002000012c                hdma_sdio_rx
 .bss.hdma_sdio_tx
                0x000000002000018c       0x60 Core/Src/main.o
                0x000000002000018c                hdma_sdio_tx
 .bss.hspi1     0x00000000200001ec       0x58 Core/Src/main.o
                0x00000000200001ec                hspi1
 .bss.hdma_spi1_tx
                0x0000000020000244       0x60 Core/Src/main.o
                0x0000000020000244                hdma_spi1_tx
 .bss.defaultTaskHandle
                0x00000000200002a4        0x4 Core/Src/main.o
                0x00000000200002a4                defaultTaskHandle
 .bss.display_taskHandle
                0x00000000200002a8        0x4 Core/Src/main.o
                0x00000000200002a8                display_taskHandle
 .bss.display_task_Buffer
                0x00000000200002ac     0x2000 Core/Src/main.o
                0x00000000200002ac                display_task_Buffer
 .bss.display_task_ControlBlock
                0x00000000200022ac       0x5c Core/Src/main.o
                0x00000000200022ac                display_task_ControlBlock
 .bss.sd_saver_taskHandle
                0x0000000020002308        0x4 Core/Src/main.o
                0x0000000020002308                sd_saver_taskHandle
 .bss.sd_saver_task_Buffer
                0x000000002000230c     0x2000 Core/Src/main.o
                0x000000002000230c                sd_saver_task_Buffer
 .bss.sd_saver_task_ControlBlock
                0x000000002000430c       0x5c Core/Src/main.o
                0x000000002000430c                sd_saver_task_ControlBlock
 .bss.byteswritten
                0x0000000020004368        0x4 Core/Src/sd_saver_task.o
                0x0000000020004368                byteswritten
 .bss.__sbrk_heap_end
                0x000000002000436c        0x4 Core/Src/sysmem.o
 .bss.SDQueueID
                0x0000000020004370        0x4 FATFS/Target/sd_diskio.o
 .bss.FatFs     0x0000000020004374        0x4 Middlewares/Third_Party/FatFs/src/ff.o
 .bss.Fsid      0x0000000020004378        0x2 Middlewares/Third_Party/FatFs/src/ff.o
 *fill*         0x000000002000437a        0x2 
 .bss.Files     0x000000002000437c       0x20 Middlewares/Third_Party/FatFs/src/ff.o
 .bss.disk      0x000000002000439c        0xc Middlewares/Third_Party/FatFs/src/ff_gen_drv.o
                0x000000002000439c                disk
 .bss.KernelState
                0x00000000200043a8        0x4 Middlewares/Third_Party/FreeRTOS/Source/CMSIS_RTOS_V2/cmsis_os2.o
 .bss.Idle_TCB.10229
                0x00000000200043ac       0x5c Middlewares/Third_Party/FreeRTOS/Source/CMSIS_RTOS_V2/cmsis_os2.o
 .bss.Idle_Stack.10230
                0x0000000020004408      0x200 Middlewares/Third_Party/FreeRTOS/Source/CMSIS_RTOS_V2/cmsis_os2.o
 .bss.Timer_TCB.10236
                0x0000000020004608       0x5c Middlewares/Third_Party/FreeRTOS/Source/CMSIS_RTOS_V2/cmsis_os2.o
 .bss.Timer_Stack.10237
                0x0000000020004664      0x400 Middlewares/Third_Party/FreeRTOS/Source/CMSIS_RTOS_V2/cmsis_os2.o
 .bss.pxCurrentTCB
                0x0000000020004a64        0x4 Middlewares/Third_Party/FreeRTOS/Source/tasks.o
                0x0000000020004a64                pxCurrentTCB
 .bss.pxReadyTasksLists
                0x0000000020004a68      0x460 Middlewares/Third_Party/FreeRTOS/Source/tasks.o
 .bss.xDelayedTaskList1
                0x0000000020004ec8       0x14 Middlewares/Third_Party/FreeRTOS/Source/tasks.o
 .bss.xDelayedTaskList2
                0x0000000020004edc       0x14 Middlewares/Third_Party/FreeRTOS/Source/tasks.o
 .bss.pxDelayedTaskList
                0x0000000020004ef0        0x4 Middlewares/Third_Party/FreeRTOS/Source/tasks.o
 .bss.pxOverflowDelayedTaskList
                0x0000000020004ef4        0x4 Middlewares/Third_Party/FreeRTOS/Source/tasks.o
 .bss.xPendingReadyList
                0x0000000020004ef8       0x14 Middlewares/Third_Party/FreeRTOS/Source/tasks.o
 .bss.xTasksWaitingTermination
                0x0000000020004f0c       0x14 Middlewares/Third_Party/FreeRTOS/Source/tasks.o
 .bss.uxDeletedTasksWaitingCleanUp
                0x0000000020004f20        0x4 Middlewares/Third_Party/FreeRTOS/Source/tasks.o
 .bss.xSuspendedTaskList
                0x0000000020004f24       0x14 Middlewares/Third_Party/FreeRTOS/Source/tasks.o
 .bss.uxCurrentNumberOfTasks
                0x0000000020004f38        0x4 Middlewares/Third_Party/FreeRTOS/Source/tasks.o
 .bss.xTickCount
                0x0000000020004f3c        0x4 Middlewares/Third_Party/FreeRTOS/Source/tasks.o
 .bss.uxTopReadyPriority
                0x0000000020004f40        0x4 Middlewares/Third_Party/FreeRTOS/Source/tasks.o
 .bss.xSchedulerRunning
                0x0000000020004f44        0x4 Middlewares/Third_Party/FreeRTOS/Source/tasks.o
 .bss.xPendedTicks
                0x0000000020004f48        0x4 Middlewares/Third_Party/FreeRTOS/Source/tasks.o
 .bss.xYieldPending
                0x0000000020004f4c        0x4 Middlewares/Third_Party/FreeRTOS/Source/tasks.o
 .bss.xNumOfOverflows
                0x0000000020004f50        0x4 Middlewares/Third_Party/FreeRTOS/Source/tasks.o
 .bss.uxTaskNumber
                0x0000000020004f54        0x4 Middlewares/Third_Party/FreeRTOS/Source/tasks.o
 .bss.xNextTaskUnblockTime
                0x0000000020004f58        0x4 Middlewares/Third_Party/FreeRTOS/Source/tasks.o
 .bss.xIdleTaskHandle
                0x0000000020004f5c        0x4 Middlewares/Third_Party/FreeRTOS/Source/tasks.o
 .bss.uxSchedulerSuspended
                0x0000000020004f60        0x4 Middlewares/Third_Party/FreeRTOS/Source/tasks.o
 .bss.xActiveTimerList1
                0x0000000020004f64       0x14 Middlewares/Third_Party/FreeRTOS/Source/timers.o
 .bss.xActiveTimerList2
                0x0000000020004f78       0x14 Middlewares/Third_Party/FreeRTOS/Source/timers.o
 .bss.pxCurrentTimerList
                0x0000000020004f8c        0x4 Middlewares/Third_Party/FreeRTOS/Source/timers.o
 .bss.pxOverflowTimerList
                0x0000000020004f90        0x4 Middlewares/Third_Party/FreeRTOS/Source/timers.o
 .bss.xTimerQueue
                0x0000000020004f94        0x4 Middlewares/Third_Party/FreeRTOS/Source/timers.o
 .bss.xTimerTaskHandle
                0x0000000020004f98        0x4 Middlewares/Third_Party/FreeRTOS/Source/timers.o
 .bss.xLastTime.6925
                0x0000000020004f9c        0x4 Middlewares/Third_Party/FreeRTOS/Source/timers.o
 .bss.ucStaticTimerQueueStorage.6976
                0x0000000020004fa0       0xa0 Middlewares/Third_Party/FreeRTOS/Source/timers.o
 .bss.xStaticTimerQueue.6975
                0x0000000020005040       0x50 Middlewares/Third_Party/FreeRTOS/Source/timers.o
 .bss.ucMaxSysCallPriority
                0x0000000020005090        0x1 Middlewares/Third_Party/FreeRTOS/Source/portable/GCC/ARM_CM4F/port.o
 *fill*         0x0000000020005091        0x3 
 .bss.ulMaxPRIGROUPValue
                0x0000000020005094        0x4 Middlewares/Third_Party/FreeRTOS/Source/portable/GCC/ARM_CM4F/port.o
 .bss.ucHeap    0x0000000020005098     0x3c00 Middlewares/Third_Party/FreeRTOS/Source/portable/MemMang/heap_4.o
 .bss.xStart    0x0000000020008c98        0x8 Middlewares/Third_Party/FreeRTOS/Source/portable/MemMang/heap_4.o
 .bss.pxEnd     0x0000000020008ca0        0x4 Middlewares/Third_Party/FreeRTOS/Source/portable/MemMang/heap_4.o
 .bss.xFreeBytesRemaining
                0x0000000020008ca4        0x4 Middlewares/Third_Party/FreeRTOS/Source/portable/MemMang/heap_4.o
 .bss.xMinimumEverFreeBytesRemaining
                0x0000000020008ca8        0x4 Middlewares/Third_Party/FreeRTOS/Source/portable/MemMang/heap_4.o
 .bss.xNumberOfSuccessfulAllocations
                0x0000000020008cac        0x4 Middlewares/Third_Party/FreeRTOS/Source/portable/MemMang/heap_4.o
 .bss.xNumberOfSuccessfulFrees
                0x0000000020008cb0        0x4 Middlewares/Third_Party/FreeRTOS/Source/portable/MemMang/heap_4.o
 .bss.xBlockAllocatedBit
                0x0000000020008cb4        0x4 Middlewares/Third_Party/FreeRTOS/Source/portable/MemMang/heap_4.o
 .bss.__malloc_free_list
                0x0000000020008cb8        0x4 /opt/st/stm32cubeide_1.6.1/plugins/com.st.stm32cube.ide.mcu.externaltools.gnu-tools-for-stm32.9-2020-q2-update.linux64_1.5.0.202011040924/tools/bin/../lib/gcc/arm-none-eabi/9.3.1/../../../../arm-none-eabi/lib/thumb/v7e-m+fp/hard/libc_nano.a(lib_a-nano-mallocr.o)
                0x0000000020008cb8                __malloc_free_list
 .bss.__malloc_sbrk_start
                0x0000000020008cbc        0x4 /opt/st/stm32cubeide_1.6.1/plugins/com.st.stm32cube.ide.mcu.externaltools.gnu-tools-for-stm32.9-2020-q2-update.linux64_1.5.0.202011040924/tools/bin/../lib/gcc/arm-none-eabi/9.3.1/../../../../arm-none-eabi/lib/thumb/v7e-m+fp/hard/libc_nano.a(lib_a-nano-mallocr.o)
                0x0000000020008cbc                __malloc_sbrk_start
 *(COMMON)
 COMMON         0x0000000020008cc0       0x48 Core/Src/stm32f4xx_hal_timebase_tim.o
                0x0000000020008cc0                htim11
 COMMON         0x0000000020008d08        0x4 Drivers/STM32F4xx_HAL_Driver/Src/stm32f4xx_hal.o
                0x0000000020008d08                uwTick
 COMMON         0x0000000020008d0c     0x2070 FATFS/App/fatfs.o